<html>
<body>
<pre>
<h1>µVision Build Log</h1>
<h2>Tool Versions:</h2>
IDE-Version: ¦ÌVision V5.38.0.0
Copyright (C) 2022 ARM Ltd and ARM Germany GmbH. All rights reserved.
License Information: ¡¤ 1665241078@qq.com, ¡¤, LIC=CRMW3-ANMKH-E05N4-FYDSH-S14V5-MNPTM
 
Tool Versions:
Toolchain:       MDK-ARM Professional  Version: 5.38.0.0
Toolchain Path:  D:\Keil\ARM\ARMCLANG\Bin
C Compiler:      ArmClang.exe V6.19
Assembler:       Armasm.exe V6.19
Linker/Locator:  ArmLink.exe V6.19
Library Manager: ArmAr.exe V6.19
Hex Converter:   FromElf.exe V6.19
CPU DLL:         SARMCM3.DLL V5.38.0.0
Dialog DLL:      DCM.DLL V1.17.5.0
Target DLL:      CMSIS_AGDI.dll V1.33.15.0
Dialog DLL:      TCM.DLL V1.56.4.0
 
<h2>Project:</h2>
D:\smart_car\SeekFree_RT1064_Opensource_Library\project\mdk\rt1064.uvprojx
Project File Date:  03/22/2024

<h2>Output:</h2>
*** Using Compiler 'V6.19', folder: 'D:\Keil\ARM\ARMCLANG\Bin'
Build target 'nor_sdram_zf_dtcm'
compiling main.c...
linking...
Program Size: Code=57248 RO-data=6776 RW-data=248 ZI-data=56996  
".\Objects\rt1064.axf" - 0 Error(s), 0 Warning(s).

<h2>Software Packages used:</h2>

Package Vendor: NXP
                https://mcuxpresso.nxp.com/cmsis_pack/repo/NXP.MIMXRT1064_DFP.17.0.0.pack
                NXP.MIMXRT1064_DFP.17.0.0
                Device Family Pack for MIMXRT1064

<h2>Collection of Component include folders:</h2>
  D:/Keil/ARM/PACK/NXP/MIMXRT1064_DFP/17.0.0/devices/MIMXRT1064

<h2>Collection of Component Files used:</h2>
Build Time Elapsed:  00:00:03
</pre>
</body>
</html>
