<!doctype html public "-//w3c//dtd html 4.0 transitional//en">
<html><head>
<title>Static Call Graph - [.\Objects\rt1064.axf]</title></head>
<body><HR>
<H1>Static Call Graph for image .\Objects\rt1064.axf</H1><HR>
<BR><P>#&#060CALLGRAPH&#062# ARM Linker, 6190004: Last Updated: Sun May 12 16:35:22 2024
<BR><P>
<H3>Maximum Stack Usage =        808 bytes + Unknown(Functions without stacksize, Cycles, Untraceable Function Pointers)</H3><H3>
Call chain for Maximum Stack Depth:</H3>
main &rArr; my_image_init &rArr; mt9v03x_init &rArr; mt9v03x_set_config_sccb &rArr; mt9v03x_read_word_sccb &rArr; soft_iic_sccb_read_register &rArr; soft_iic_read_data &rArr; debug_assert_handler &rArr; pwm_set_duty &rArr;  debug_assert_handler (Cycle)
<P>
<H3>
Functions with no stack information
</H3><UL>
 <LI><a href="#[3]">Reset_Handler</a>
 <LI><a href="#[88]">ACMP1_IRQHandler</a>
 <LI><a href="#[89]">ACMP2_IRQHandler</a>
 <LI><a href="#[8a]">ACMP3_IRQHandler</a>
 <LI><a href="#[8b]">ACMP4_IRQHandler</a>
 <LI><a href="#[50]">ADC1_IRQHandler</a>
 <LI><a href="#[51]">ADC2_IRQHandler</a>
 <LI><a href="#[86]">ADC_ETC_ERROR_IRQ_IRQHandler</a>
 <LI><a href="#[83]">ADC_ETC_IRQ0_IRQHandler</a>
 <LI><a href="#[84]">ADC_ETC_IRQ1_IRQHandler</a>
 <LI><a href="#[85]">ADC_ETC_IRQ2_IRQHandler</a>
 <LI><a href="#[44]">BEE_IRQHandler</a>
 <LI><a href="#[6c]">CCM_1_IRQHandler</a>
 <LI><a href="#[6d]">CCM_2_IRQHandler</a>
 <LI><a href="#[20]">CORE_IRQHandler</a>
 <LI><a href="#[3e]">CSU_IRQHandler</a>
 <LI><a href="#[1e]">CTI0_ERROR_IRQHandler</a>
 <LI><a href="#[1f]">CTI1_ERROR_IRQHandler</a>
 <LI><a href="#[52]">DCDC_IRQHandler</a>
 <LI><a href="#[3f]">DCP_IRQHandler</a>
 <LI><a href="#[40]">DCP_VMI_IRQHandler</a>
 <LI><a href="#[be]">DMA_ERROR_DriverIRQHandler</a>
 <LI><a href="#[1]">DefaultISR</a>
 <LI><a href="#[8e]">ENC1_IRQHandler</a>
 <LI><a href="#[8f]">ENC2_IRQHandler</a>
 <LI><a href="#[90]">ENC3_IRQHandler</a>
 <LI><a href="#[91]">ENC4_IRQHandler</a>
 <LI><a href="#[6b]">EWM_IRQHandler</a>
 <LI><a href="#[33]">FLEXRAM_IRQHandler</a>
 <LI><a href="#[d8]">FLEXSPI2_DriverIRQHandler</a>
 <LI><a href="#[d9]">FLEXSPI_DriverIRQHandler</a>
 <LI><a href="#[6e]">GPC_IRQHandler</a>
 <LI><a href="#[54]">GPIO10_IRQHandler</a>
 <LI><a href="#[55]">GPIO1_INT0_IRQHandler</a>
 <LI><a href="#[56]">GPIO1_INT1_IRQHandler</a>
 <LI><a href="#[57]">GPIO1_INT2_IRQHandler</a>
 <LI><a href="#[58]">GPIO1_INT3_IRQHandler</a>
 <LI><a href="#[59]">GPIO1_INT4_IRQHandler</a>
 <LI><a href="#[5a]">GPIO1_INT5_IRQHandler</a>
 <LI><a href="#[5b]">GPIO1_INT6_IRQHandler</a>
 <LI><a href="#[5c]">GPIO1_INT7_IRQHandler</a>
 <LI><a href="#[62]">GPIO3_Combined_16_31_IRQHandler</a>
 <LI><a href="#[63]">GPIO4_Combined_0_15_IRQHandler</a>
 <LI><a href="#[64]">GPIO4_Combined_16_31_IRQHandler</a>
 <LI><a href="#[65]">GPIO5_Combined_0_15_IRQHandler</a>
 <LI><a href="#[66]">GPIO5_Combined_16_31_IRQHandler</a>
 <LI><a href="#[aa]">GPIO6_7_8_9_IRQHandler</a>
 <LI><a href="#[36]">GPR_IRQ_IRQHandler</a>
 <LI><a href="#[71]">GPT1_IRQHandler</a>
 <LI><a href="#[72]">GPT2_IRQHandler</a>
 <LI><a href="#[34]">KPP_IRQHandler</a>
 <LI><a href="#[37]">LCDIF_IRQHandler</a>
 <LI><a href="#[4a]">PMU_EVENT_IRQHandler</a>
 <LI><a href="#[73]">PWM1_0_IRQHandler</a>
 <LI><a href="#[74]">PWM1_1_IRQHandler</a>
 <LI><a href="#[75]">PWM1_2_IRQHandler</a>
 <LI><a href="#[76]">PWM1_3_IRQHandler</a>
 <LI><a href="#[77]">PWM1_FAULT_IRQHandler</a>
 <LI><a href="#[96]">PWM2_0_IRQHandler</a>
 <LI><a href="#[97]">PWM2_1_IRQHandler</a>
 <LI><a href="#[98]">PWM2_2_IRQHandler</a>
 <LI><a href="#[99]">PWM2_3_IRQHandler</a>
 <LI><a href="#[9a]">PWM2_FAULT_IRQHandler</a>
 <LI><a href="#[9b]">PWM3_0_IRQHandler</a>
 <LI><a href="#[9c]">PWM3_1_IRQHandler</a>
 <LI><a href="#[9d]">PWM3_2_IRQHandler</a>
 <LI><a href="#[9e]">PWM3_3_IRQHandler</a>
 <LI><a href="#[9f]">PWM3_FAULT_IRQHandler</a>
 <LI><a href="#[a0]">PWM4_0_IRQHandler</a>
 <LI><a href="#[a1]">PWM4_1_IRQHandler</a>
 <LI><a href="#[a2]">PWM4_2_IRQHandler</a>
 <LI><a href="#[a3]">PWM4_3_IRQHandler</a>
 <LI><a href="#[a4]">PWM4_FAULT_IRQHandler</a>
 <LI><a href="#[39]">PXP_IRQHandler</a>
 <LI><a href="#[6a]">RTWDOG_IRQHandler</a>
 <LI><a href="#[70]">Reserved115_IRQHandler</a>
 <LI><a href="#[8c]">Reserved143_IRQHandler</a>
 <LI><a href="#[8d]">Reserved144_IRQHandler</a>
 <LI><a href="#[a8]">Reserved171_IRQHandler</a>
 <LI><a href="#[41]">Reserved68_IRQHandler</a>
 <LI><a href="#[4b]">Reserved78_IRQHandler</a>
 <LI><a href="#[53]">Reserved86_IRQHandler</a>
 <LI><a href="#[7a]">SEMC_IRQHandler</a>
 <LI><a href="#[43]">SJC_IRQHandler</a>
 <LI><a href="#[3b]">SNVS_HP_WRAPPER_IRQHandler</a>
 <LI><a href="#[3c]">SNVS_HP_WRAPPER_TZ_IRQHandler</a>
 <LI><a href="#[3d]">SNVS_LP_WRAPPER_IRQHandler</a>
 <LI><a href="#[6f]">SRC_IRQHandler</a>
 <LI><a href="#[4c]">TEMP_LOW_HIGH_IRQHandler</a>
 <LI><a href="#[4d]">TEMP_PANIC_IRQHandler</a>
 <LI><a href="#[92]">TMR1_IRQHandler</a>
 <LI><a href="#[93]">TMR2_IRQHandler</a>
 <LI><a href="#[94]">TMR3_IRQHandler</a>
 <LI><a href="#[95]">TMR4_IRQHandler</a>
 <LI><a href="#[42]">TRNG_IRQHandler</a>
 <LI><a href="#[35]">TSC_DIG_IRQHandler</a>
 <LI><a href="#[4e]">USB_PHY1_IRQHandler</a>
 <LI><a href="#[4f]">USB_PHY2_IRQHandler</a>
 <LI><a href="#[69]">WDOG1_IRQHandler</a>
 <LI><a href="#[3a]">WDOG2_IRQHandler</a>
 <LI><a href="#[81]">XBAR1_IRQ_0_1_IRQHandler</a>
 <LI><a href="#[82]">XBAR1_IRQ_2_3_IRQHandler</a>
 <LI><a href="#[c]">SysTick_Handler</a>
 <LI><a href="#[d]">DMA0_DMA16_IRQHandler</a>
 <LI><a href="#[e]">DMA1_DMA17_IRQHandler</a>
 <LI><a href="#[f]">DMA2_DMA18_IRQHandler</a>
 <LI><a href="#[10]">DMA3_DMA19_IRQHandler</a>
 <LI><a href="#[11]">DMA4_DMA20_IRQHandler</a>
 <LI><a href="#[12]">DMA5_DMA21_IRQHandler</a>
 <LI><a href="#[13]">DMA6_DMA22_IRQHandler</a>
 <LI><a href="#[14]">DMA7_DMA23_IRQHandler</a>
 <LI><a href="#[15]">DMA8_DMA24_IRQHandler</a>
 <LI><a href="#[16]">DMA9_DMA25_IRQHandler</a>
 <LI><a href="#[17]">DMA10_DMA26_IRQHandler</a>
 <LI><a href="#[18]">DMA11_DMA27_IRQHandler</a>
 <LI><a href="#[19]">DMA12_DMA28_IRQHandler</a>
 <LI><a href="#[1a]">DMA13_DMA29_IRQHandler</a>
 <LI><a href="#[1b]">DMA14_DMA30_IRQHandler</a>
 <LI><a href="#[1c]">DMA15_DMA31_IRQHandler</a>
 <LI><a href="#[1d]">DMA_ERROR_IRQHandler</a>
 <LI><a href="#[27]">LPUART7_IRQHandler</a>
 <LI><a href="#[29]">LPI2C1_IRQHandler</a>
 <LI><a href="#[2a]">LPI2C2_IRQHandler</a>
 <LI><a href="#[2b]">LPI2C3_IRQHandler</a>
 <LI><a href="#[2c]">LPI2C4_IRQHandler</a>
 <LI><a href="#[2d]">LPSPI1_IRQHandler</a>
 <LI><a href="#[2e]">LPSPI2_IRQHandler</a>
 <LI><a href="#[2f]">LPSPI3_IRQHandler</a>
 <LI><a href="#[30]">LPSPI4_IRQHandler</a>
 <LI><a href="#[31]">CAN1_IRQHandler</a>
 <LI><a href="#[32]">CAN2_IRQHandler</a>
 <LI><a href="#[45]">SAI1_IRQHandler</a>
 <LI><a href="#[46]">SAI2_IRQHandler</a>
 <LI><a href="#[47]">SAI3_RX_IRQHandler</a>
 <LI><a href="#[48]">SAI3_TX_IRQHandler</a>
 <LI><a href="#[49]">SPDIF_IRQHandler</a>
 <LI><a href="#[67]">FLEXIO1_IRQHandler</a>
 <LI><a href="#[68]">FLEXIO2_IRQHandler</a>
 <LI><a href="#[78]">FLEXSPI2_IRQHandler</a>
 <LI><a href="#[79]">FLEXSPI_IRQHandler</a>
 <LI><a href="#[7b]">USDHC1_IRQHandler</a>
 <LI><a href="#[7c]">USDHC2_IRQHandler</a>
 <LI><a href="#[7f]">ENET_IRQHandler</a>
 <LI><a href="#[80]">ENET_1588_Timer_IRQHandler</a>
 <LI><a href="#[a5]">ENET2_IRQHandler</a>
 <LI><a href="#[a6]">ENET2_1588_Timer_IRQHandler</a>
 <LI><a href="#[a7]">CAN3_IRQHandler</a>
 <LI><a href="#[a9]">FLEXIO3_IRQHandler</a>
</UL>
</UL>
<P>
<H3>
Mutually Recursive functions
</H3> <LI><a href="#[7]">BusFault_Handler</a>&nbsp;&nbsp;&nbsp;&rArr;&nbsp;&nbsp;&nbsp;<a href="#[7]">BusFault_Handler</a><BR>
 <LI><a href="#[a]">DebugMon_Handler</a>&nbsp;&nbsp;&nbsp;&rArr;&nbsp;&nbsp;&nbsp;<a href="#[a]">DebugMon_Handler</a><BR>
 <LI><a href="#[5]">HardFault_Handler</a>&nbsp;&nbsp;&nbsp;&rArr;&nbsp;&nbsp;&nbsp;<a href="#[5]">HardFault_Handler</a><BR>
 <LI><a href="#[159]">pwm_set_duty</a>&nbsp;&nbsp;&nbsp;&rArr;&nbsp;&nbsp;&nbsp;<a href="#[157]">debug_assert_handler</a><BR>
 <LI><a href="#[6]">MemManage_Handler</a>&nbsp;&nbsp;&nbsp;&rArr;&nbsp;&nbsp;&nbsp;<a href="#[6]">MemManage_Handler</a><BR>
 <LI><a href="#[4]">NMI_Handler</a>&nbsp;&nbsp;&nbsp;&rArr;&nbsp;&nbsp;&nbsp;<a href="#[4]">NMI_Handler</a><BR>
 <LI><a href="#[b]">PendSV_Handler</a>&nbsp;&nbsp;&nbsp;&rArr;&nbsp;&nbsp;&nbsp;<a href="#[b]">PendSV_Handler</a><BR>
 <LI><a href="#[9]">SVC_Handler</a>&nbsp;&nbsp;&nbsp;&rArr;&nbsp;&nbsp;&nbsp;<a href="#[9]">SVC_Handler</a><BR>
 <LI><a href="#[8]">UsageFault_Handler</a>&nbsp;&nbsp;&nbsp;&rArr;&nbsp;&nbsp;&nbsp;<a href="#[8]">UsageFault_Handler</a><BR>
 <LI><a href="#[131]">LPUART_Deinit</a>&nbsp;&nbsp;&nbsp;&rArr;&nbsp;&nbsp;&nbsp;<a href="#[131]">LPUART_Deinit</a><BR>
</UL>
<P>
<H3>
Function Pointers
</H3><UL>
 <LI><a href="#[88]">ACMP1_IRQHandler</a> from startup_mimxrt1064.o(.text) referenced from startup_mimxrt1064.o(.isr_vector)
 <LI><a href="#[89]">ACMP2_IRQHandler</a> from startup_mimxrt1064.o(.text) referenced from startup_mimxrt1064.o(.isr_vector)
 <LI><a href="#[8a]">ACMP3_IRQHandler</a> from startup_mimxrt1064.o(.text) referenced from startup_mimxrt1064.o(.isr_vector)
 <LI><a href="#[8b]">ACMP4_IRQHandler</a> from startup_mimxrt1064.o(.text) referenced from startup_mimxrt1064.o(.isr_vector)
 <LI><a href="#[50]">ADC1_IRQHandler</a> from startup_mimxrt1064.o(.text) referenced from startup_mimxrt1064.o(.isr_vector)
 <LI><a href="#[51]">ADC2_IRQHandler</a> from startup_mimxrt1064.o(.text) referenced from startup_mimxrt1064.o(.isr_vector)
 <LI><a href="#[86]">ADC_ETC_ERROR_IRQ_IRQHandler</a> from startup_mimxrt1064.o(.text) referenced from startup_mimxrt1064.o(.isr_vector)
 <LI><a href="#[83]">ADC_ETC_IRQ0_IRQHandler</a> from startup_mimxrt1064.o(.text) referenced from startup_mimxrt1064.o(.isr_vector)
 <LI><a href="#[84]">ADC_ETC_IRQ1_IRQHandler</a> from startup_mimxrt1064.o(.text) referenced from startup_mimxrt1064.o(.isr_vector)
 <LI><a href="#[85]">ADC_ETC_IRQ2_IRQHandler</a> from startup_mimxrt1064.o(.text) referenced from startup_mimxrt1064.o(.isr_vector)
 <LI><a href="#[44]">BEE_IRQHandler</a> from startup_mimxrt1064.o(.text) referenced from startup_mimxrt1064.o(.isr_vector)
 <LI><a href="#[7]">BusFault_Handler</a> from zf_common_vector.o(.text.BusFault_Handler) referenced from startup_mimxrt1064.o(.isr_vector)
 <LI><a href="#[cf]">CAN1_DriverIRQHandler</a> from fsl_flexcan.o(.text.CAN1_DriverIRQHandler) referenced from startup_mimxrt1064.o(.text)
 <LI><a href="#[31]">CAN1_IRQHandler</a> from startup_mimxrt1064.o(.text) referenced from startup_mimxrt1064.o(.isr_vector)
 <LI><a href="#[d0]">CAN2_DriverIRQHandler</a> from fsl_flexcan.o(.text.CAN2_DriverIRQHandler) referenced from startup_mimxrt1064.o(.text)
 <LI><a href="#[32]">CAN2_IRQHandler</a> from startup_mimxrt1064.o(.text) referenced from startup_mimxrt1064.o(.isr_vector)
 <LI><a href="#[e0]">CAN3_DriverIRQHandler</a> from fsl_flexcan.o(.text.CAN3_DriverIRQHandler) referenced from startup_mimxrt1064.o(.text)
 <LI><a href="#[a7]">CAN3_IRQHandler</a> from startup_mimxrt1064.o(.text) referenced from startup_mimxrt1064.o(.isr_vector)
 <LI><a href="#[6c]">CCM_1_IRQHandler</a> from startup_mimxrt1064.o(.text) referenced from startup_mimxrt1064.o(.isr_vector)
 <LI><a href="#[6d]">CCM_2_IRQHandler</a> from startup_mimxrt1064.o(.text) referenced from startup_mimxrt1064.o(.isr_vector)
 <LI><a href="#[20]">CORE_IRQHandler</a> from startup_mimxrt1064.o(.text) referenced from startup_mimxrt1064.o(.isr_vector)
 <LI><a href="#[38]">CSI_IRQHandler</a> from isr.o(.text.CSI_IRQHandler) referenced from startup_mimxrt1064.o(.isr_vector)
 <LI><a href="#[e6]">CSI_TransferHandleIRQ</a> from fsl_csi.o(.text.CSI_TransferHandleIRQ) referenced 2 times from fsl_csi.o(.text.CSI_TransferCreateHandle)
 <LI><a href="#[3e]">CSU_IRQHandler</a> from startup_mimxrt1064.o(.text) referenced from startup_mimxrt1064.o(.isr_vector)
 <LI><a href="#[1e]">CTI0_ERROR_IRQHandler</a> from startup_mimxrt1064.o(.text) referenced from startup_mimxrt1064.o(.isr_vector)
 <LI><a href="#[1f]">CTI1_ERROR_IRQHandler</a> from startup_mimxrt1064.o(.text) referenced from startup_mimxrt1064.o(.isr_vector)
 <LI><a href="#[52]">DCDC_IRQHandler</a> from startup_mimxrt1064.o(.text) referenced from startup_mimxrt1064.o(.isr_vector)
 <LI><a href="#[3f]">DCP_IRQHandler</a> from startup_mimxrt1064.o(.text) referenced from startup_mimxrt1064.o(.isr_vector)
 <LI><a href="#[40]">DCP_VMI_IRQHandler</a> from startup_mimxrt1064.o(.text) referenced from startup_mimxrt1064.o(.isr_vector)
 <LI><a href="#[ae]">DMA0_DMA16_DriverIRQHandler</a> from fsl_edma.o(.text.DMA0_DMA16_DriverIRQHandler) referenced from startup_mimxrt1064.o(.text)
 <LI><a href="#[d]">DMA0_DMA16_IRQHandler</a> from startup_mimxrt1064.o(.text) referenced from startup_mimxrt1064.o(.isr_vector)
 <LI><a href="#[b8]">DMA10_DMA26_DriverIRQHandler</a> from fsl_edma.o(.text.DMA10_DMA26_DriverIRQHandler) referenced from startup_mimxrt1064.o(.text)
 <LI><a href="#[17]">DMA10_DMA26_IRQHandler</a> from startup_mimxrt1064.o(.text) referenced from startup_mimxrt1064.o(.isr_vector)
 <LI><a href="#[b9]">DMA11_DMA27_DriverIRQHandler</a> from fsl_edma.o(.text.DMA11_DMA27_DriverIRQHandler) referenced from startup_mimxrt1064.o(.text)
 <LI><a href="#[18]">DMA11_DMA27_IRQHandler</a> from startup_mimxrt1064.o(.text) referenced from startup_mimxrt1064.o(.isr_vector)
 <LI><a href="#[ba]">DMA12_DMA28_DriverIRQHandler</a> from fsl_edma.o(.text.DMA12_DMA28_DriverIRQHandler) referenced from startup_mimxrt1064.o(.text)
 <LI><a href="#[19]">DMA12_DMA28_IRQHandler</a> from startup_mimxrt1064.o(.text) referenced from startup_mimxrt1064.o(.isr_vector)
 <LI><a href="#[bb]">DMA13_DMA29_DriverIRQHandler</a> from fsl_edma.o(.text.DMA13_DMA29_DriverIRQHandler) referenced from startup_mimxrt1064.o(.text)
 <LI><a href="#[1a]">DMA13_DMA29_IRQHandler</a> from startup_mimxrt1064.o(.text) referenced from startup_mimxrt1064.o(.isr_vector)
 <LI><a href="#[bc]">DMA14_DMA30_DriverIRQHandler</a> from fsl_edma.o(.text.DMA14_DMA30_DriverIRQHandler) referenced from startup_mimxrt1064.o(.text)
 <LI><a href="#[1b]">DMA14_DMA30_IRQHandler</a> from startup_mimxrt1064.o(.text) referenced from startup_mimxrt1064.o(.isr_vector)
 <LI><a href="#[bd]">DMA15_DMA31_DriverIRQHandler</a> from fsl_edma.o(.text.DMA15_DMA31_DriverIRQHandler) referenced from startup_mimxrt1064.o(.text)
 <LI><a href="#[1c]">DMA15_DMA31_IRQHandler</a> from startup_mimxrt1064.o(.text) referenced from startup_mimxrt1064.o(.isr_vector)
 <LI><a href="#[af]">DMA1_DMA17_DriverIRQHandler</a> from fsl_edma.o(.text.DMA1_DMA17_DriverIRQHandler) referenced from startup_mimxrt1064.o(.text)
 <LI><a href="#[e]">DMA1_DMA17_IRQHandler</a> from startup_mimxrt1064.o(.text) referenced from startup_mimxrt1064.o(.isr_vector)
 <LI><a href="#[b0]">DMA2_DMA18_DriverIRQHandler</a> from fsl_edma.o(.text.DMA2_DMA18_DriverIRQHandler) referenced from startup_mimxrt1064.o(.text)
 <LI><a href="#[f]">DMA2_DMA18_IRQHandler</a> from startup_mimxrt1064.o(.text) referenced from startup_mimxrt1064.o(.isr_vector)
 <LI><a href="#[b1]">DMA3_DMA19_DriverIRQHandler</a> from fsl_edma.o(.text.DMA3_DMA19_DriverIRQHandler) referenced from startup_mimxrt1064.o(.text)
 <LI><a href="#[10]">DMA3_DMA19_IRQHandler</a> from startup_mimxrt1064.o(.text) referenced from startup_mimxrt1064.o(.isr_vector)
 <LI><a href="#[b2]">DMA4_DMA20_DriverIRQHandler</a> from fsl_edma.o(.text.DMA4_DMA20_DriverIRQHandler) referenced from startup_mimxrt1064.o(.text)
 <LI><a href="#[11]">DMA4_DMA20_IRQHandler</a> from startup_mimxrt1064.o(.text) referenced from startup_mimxrt1064.o(.isr_vector)
 <LI><a href="#[b3]">DMA5_DMA21_DriverIRQHandler</a> from fsl_edma.o(.text.DMA5_DMA21_DriverIRQHandler) referenced from startup_mimxrt1064.o(.text)
 <LI><a href="#[12]">DMA5_DMA21_IRQHandler</a> from startup_mimxrt1064.o(.text) referenced from startup_mimxrt1064.o(.isr_vector)
 <LI><a href="#[b4]">DMA6_DMA22_DriverIRQHandler</a> from fsl_edma.o(.text.DMA6_DMA22_DriverIRQHandler) referenced from startup_mimxrt1064.o(.text)
 <LI><a href="#[13]">DMA6_DMA22_IRQHandler</a> from startup_mimxrt1064.o(.text) referenced from startup_mimxrt1064.o(.isr_vector)
 <LI><a href="#[b5]">DMA7_DMA23_DriverIRQHandler</a> from fsl_edma.o(.text.DMA7_DMA23_DriverIRQHandler) referenced from startup_mimxrt1064.o(.text)
 <LI><a href="#[14]">DMA7_DMA23_IRQHandler</a> from startup_mimxrt1064.o(.text) referenced from startup_mimxrt1064.o(.isr_vector)
 <LI><a href="#[b6]">DMA8_DMA24_DriverIRQHandler</a> from fsl_edma.o(.text.DMA8_DMA24_DriverIRQHandler) referenced from startup_mimxrt1064.o(.text)
 <LI><a href="#[15]">DMA8_DMA24_IRQHandler</a> from startup_mimxrt1064.o(.text) referenced from startup_mimxrt1064.o(.isr_vector)
 <LI><a href="#[b7]">DMA9_DMA25_DriverIRQHandler</a> from fsl_edma.o(.text.DMA9_DMA25_DriverIRQHandler) referenced from startup_mimxrt1064.o(.text)
 <LI><a href="#[16]">DMA9_DMA25_IRQHandler</a> from startup_mimxrt1064.o(.text) referenced from startup_mimxrt1064.o(.isr_vector)
 <LI><a href="#[be]">DMA_ERROR_DriverIRQHandler</a> from startup_mimxrt1064.o(.text) referenced from startup_mimxrt1064.o(.text)
 <LI><a href="#[1d]">DMA_ERROR_IRQHandler</a> from startup_mimxrt1064.o(.text) referenced from startup_mimxrt1064.o(.isr_vector)
 <LI><a href="#[a]">DebugMon_Handler</a> from zf_common_vector.o(.text.DebugMon_Handler) referenced from startup_mimxrt1064.o(.isr_vector)
 <LI><a href="#[1]">DefaultISR</a> from startup_mimxrt1064.o(.text) referenced 2 times from fsl_csi.o(.data.s_csiIsr)
 <LI><a href="#[1]">DefaultISR</a> from startup_mimxrt1064.o(.text) referenced 2 times from fsl_flexcan.o(.data.s_flexcanIsr)
 <LI><a href="#[1]">DefaultISR</a> from startup_mimxrt1064.o(.text) referenced 2 times from fsl_lpuart.o(.data.s_lpuartIsr)
 <LI><a href="#[1]">DefaultISR</a> from startup_mimxrt1064.o(.text) referenced 2 times from fsl_usdhc.o(.data.s_usdhcIsr)
 <LI><a href="#[1]">DefaultISR</a> from startup_mimxrt1064.o(.text) referenced 81 times from startup_mimxrt1064.o(.isr_vector)
 <LI><a href="#[8e]">ENC1_IRQHandler</a> from startup_mimxrt1064.o(.text) referenced from startup_mimxrt1064.o(.isr_vector)
 <LI><a href="#[8f]">ENC2_IRQHandler</a> from startup_mimxrt1064.o(.text) referenced from startup_mimxrt1064.o(.isr_vector)
 <LI><a href="#[90]">ENC3_IRQHandler</a> from startup_mimxrt1064.o(.text) referenced from startup_mimxrt1064.o(.isr_vector)
 <LI><a href="#[91]">ENC4_IRQHandler</a> from startup_mimxrt1064.o(.text) referenced from startup_mimxrt1064.o(.isr_vector)
 <LI><a href="#[df]">ENET2_1588_Timer_DriverIRQHandler</a> from fsl_enet.o(.text.ENET2_1588_Timer_DriverIRQHandler) referenced from startup_mimxrt1064.o(.text)
 <LI><a href="#[a6]">ENET2_1588_Timer_IRQHandler</a> from startup_mimxrt1064.o(.text) referenced from startup_mimxrt1064.o(.isr_vector)
 <LI><a href="#[de]">ENET2_DriverIRQHandler</a> from fsl_enet.o(.text.ENET2_DriverIRQHandler) referenced from startup_mimxrt1064.o(.text)
 <LI><a href="#[a5]">ENET2_IRQHandler</a> from startup_mimxrt1064.o(.text) referenced from startup_mimxrt1064.o(.isr_vector)
 <LI><a href="#[dd]">ENET_1588_Timer_DriverIRQHandler</a> from fsl_enet.o(.text.ENET_1588_Timer_DriverIRQHandler) referenced from startup_mimxrt1064.o(.text)
 <LI><a href="#[80]">ENET_1588_Timer_IRQHandler</a> from startup_mimxrt1064.o(.text) referenced from startup_mimxrt1064.o(.isr_vector)
 <LI><a href="#[dc]">ENET_DriverIRQHandler</a> from fsl_enet.o(.text.ENET_DriverIRQHandler) referenced from startup_mimxrt1064.o(.text)
 <LI><a href="#[7f]">ENET_IRQHandler</a> from startup_mimxrt1064.o(.text) referenced from startup_mimxrt1064.o(.isr_vector)
 <LI><a href="#[6b]">EWM_IRQHandler</a> from startup_mimxrt1064.o(.text) referenced from startup_mimxrt1064.o(.isr_vector)
 <LI><a href="#[d6]">FLEXIO1_DriverIRQHandler</a> from fsl_flexio.o(.text.FLEXIO1_DriverIRQHandler) referenced from startup_mimxrt1064.o(.text)
 <LI><a href="#[67]">FLEXIO1_IRQHandler</a> from startup_mimxrt1064.o(.text) referenced from startup_mimxrt1064.o(.isr_vector)
 <LI><a href="#[d7]">FLEXIO2_DriverIRQHandler</a> from fsl_flexio.o(.text.FLEXIO2_DriverIRQHandler) referenced from startup_mimxrt1064.o(.text)
 <LI><a href="#[68]">FLEXIO2_IRQHandler</a> from startup_mimxrt1064.o(.text) referenced from startup_mimxrt1064.o(.isr_vector)
 <LI><a href="#[e1]">FLEXIO3_DriverIRQHandler</a> from fsl_flexio.o(.text.FLEXIO3_DriverIRQHandler) referenced from startup_mimxrt1064.o(.text)
 <LI><a href="#[a9]">FLEXIO3_IRQHandler</a> from startup_mimxrt1064.o(.text) referenced from startup_mimxrt1064.o(.isr_vector)
 <LI><a href="#[33]">FLEXRAM_IRQHandler</a> from startup_mimxrt1064.o(.text) referenced from startup_mimxrt1064.o(.isr_vector)
 <LI><a href="#[d8]">FLEXSPI2_DriverIRQHandler</a> from startup_mimxrt1064.o(.text) referenced from startup_mimxrt1064.o(.text)
 <LI><a href="#[78]">FLEXSPI2_IRQHandler</a> from startup_mimxrt1064.o(.text) referenced from startup_mimxrt1064.o(.isr_vector)
 <LI><a href="#[d9]">FLEXSPI_DriverIRQHandler</a> from startup_mimxrt1064.o(.text) referenced from startup_mimxrt1064.o(.text)
 <LI><a href="#[79]">FLEXSPI_IRQHandler</a> from startup_mimxrt1064.o(.text) referenced from startup_mimxrt1064.o(.isr_vector)
 <LI><a href="#[6e]">GPC_IRQHandler</a> from startup_mimxrt1064.o(.text) referenced from startup_mimxrt1064.o(.isr_vector)
 <LI><a href="#[54]">GPIO10_IRQHandler</a> from startup_mimxrt1064.o(.text) referenced from startup_mimxrt1064.o(.isr_vector)
 <LI><a href="#[5d]">GPIO1_Combined_0_15_IRQHandler</a> from isr.o(.text.GPIO1_Combined_0_15_IRQHandler) referenced from startup_mimxrt1064.o(.isr_vector)
 <LI><a href="#[5e]">GPIO1_Combined_16_31_IRQHandler</a> from isr.o(.text.GPIO1_Combined_16_31_IRQHandler) referenced from startup_mimxrt1064.o(.isr_vector)
 <LI><a href="#[55]">GPIO1_INT0_IRQHandler</a> from startup_mimxrt1064.o(.text) referenced from startup_mimxrt1064.o(.isr_vector)
 <LI><a href="#[56]">GPIO1_INT1_IRQHandler</a> from startup_mimxrt1064.o(.text) referenced from startup_mimxrt1064.o(.isr_vector)
 <LI><a href="#[57]">GPIO1_INT2_IRQHandler</a> from startup_mimxrt1064.o(.text) referenced from startup_mimxrt1064.o(.isr_vector)
 <LI><a href="#[58]">GPIO1_INT3_IRQHandler</a> from startup_mimxrt1064.o(.text) referenced from startup_mimxrt1064.o(.isr_vector)
 <LI><a href="#[59]">GPIO1_INT4_IRQHandler</a> from startup_mimxrt1064.o(.text) referenced from startup_mimxrt1064.o(.isr_vector)
 <LI><a href="#[5a]">GPIO1_INT5_IRQHandler</a> from startup_mimxrt1064.o(.text) referenced from startup_mimxrt1064.o(.isr_vector)
 <LI><a href="#[5b]">GPIO1_INT6_IRQHandler</a> from startup_mimxrt1064.o(.text) referenced from startup_mimxrt1064.o(.isr_vector)
 <LI><a href="#[5c]">GPIO1_INT7_IRQHandler</a> from startup_mimxrt1064.o(.text) referenced from startup_mimxrt1064.o(.isr_vector)
 <LI><a href="#[5f]">GPIO2_Combined_0_15_IRQHandler</a> from isr.o(.text.GPIO2_Combined_0_15_IRQHandler) referenced from startup_mimxrt1064.o(.isr_vector)
 <LI><a href="#[60]">GPIO2_Combined_16_31_IRQHandler</a> from isr.o(.text.GPIO2_Combined_16_31_IRQHandler) referenced from startup_mimxrt1064.o(.isr_vector)
 <LI><a href="#[61]">GPIO3_Combined_0_15_IRQHandler</a> from isr.o(.text.GPIO3_Combined_0_15_IRQHandler) referenced from startup_mimxrt1064.o(.isr_vector)
 <LI><a href="#[62]">GPIO3_Combined_16_31_IRQHandler</a> from startup_mimxrt1064.o(.text) referenced from startup_mimxrt1064.o(.isr_vector)
 <LI><a href="#[63]">GPIO4_Combined_0_15_IRQHandler</a> from startup_mimxrt1064.o(.text) referenced from startup_mimxrt1064.o(.isr_vector)
 <LI><a href="#[64]">GPIO4_Combined_16_31_IRQHandler</a> from startup_mimxrt1064.o(.text) referenced from startup_mimxrt1064.o(.isr_vector)
 <LI><a href="#[65]">GPIO5_Combined_0_15_IRQHandler</a> from startup_mimxrt1064.o(.text) referenced from startup_mimxrt1064.o(.isr_vector)
 <LI><a href="#[66]">GPIO5_Combined_16_31_IRQHandler</a> from startup_mimxrt1064.o(.text) referenced from startup_mimxrt1064.o(.isr_vector)
 <LI><a href="#[aa]">GPIO6_7_8_9_IRQHandler</a> from startup_mimxrt1064.o(.text) referenced from startup_mimxrt1064.o(.isr_vector)
 <LI><a href="#[36]">GPR_IRQ_IRQHandler</a> from startup_mimxrt1064.o(.text) referenced from startup_mimxrt1064.o(.isr_vector)
 <LI><a href="#[71]">GPT1_IRQHandler</a> from startup_mimxrt1064.o(.text) referenced from startup_mimxrt1064.o(.isr_vector)
 <LI><a href="#[72]">GPT2_IRQHandler</a> from startup_mimxrt1064.o(.text) referenced from startup_mimxrt1064.o(.isr_vector)
 <LI><a href="#[5]">HardFault_Handler</a> from zf_common_vector.o(.text.HardFault_Handler) referenced from startup_mimxrt1064.o(.isr_vector)
 <LI><a href="#[5]">HardFault_Handler</a> from zf_common_vector.o(.text.HardFault_Handler) referenced from startup_mimxrt1064.o(.text)
 <LI><a href="#[34]">KPP_IRQHandler</a> from startup_mimxrt1064.o(.text) referenced from startup_mimxrt1064.o(.isr_vector)
 <LI><a href="#[37]">LCDIF_IRQHandler</a> from startup_mimxrt1064.o(.text) referenced from startup_mimxrt1064.o(.isr_vector)
 <LI><a href="#[c7]">LPI2C1_DriverIRQHandler</a> from fsl_lpi2c.o(.text.LPI2C1_DriverIRQHandler) referenced from startup_mimxrt1064.o(.text)
 <LI><a href="#[29]">LPI2C1_IRQHandler</a> from startup_mimxrt1064.o(.text) referenced from startup_mimxrt1064.o(.isr_vector)
 <LI><a href="#[c8]">LPI2C2_DriverIRQHandler</a> from fsl_lpi2c.o(.text.LPI2C2_DriverIRQHandler) referenced from startup_mimxrt1064.o(.text)
 <LI><a href="#[2a]">LPI2C2_IRQHandler</a> from startup_mimxrt1064.o(.text) referenced from startup_mimxrt1064.o(.isr_vector)
 <LI><a href="#[c9]">LPI2C3_DriverIRQHandler</a> from fsl_lpi2c.o(.text.LPI2C3_DriverIRQHandler) referenced from startup_mimxrt1064.o(.text)
 <LI><a href="#[2b]">LPI2C3_IRQHandler</a> from startup_mimxrt1064.o(.text) referenced from startup_mimxrt1064.o(.isr_vector)
 <LI><a href="#[ca]">LPI2C4_DriverIRQHandler</a> from fsl_lpi2c.o(.text.LPI2C4_DriverIRQHandler) referenced from startup_mimxrt1064.o(.text)
 <LI><a href="#[2c]">LPI2C4_IRQHandler</a> from startup_mimxrt1064.o(.text) referenced from startup_mimxrt1064.o(.isr_vector)
 <LI><a href="#[cb]">LPSPI1_DriverIRQHandler</a> from fsl_lpspi.o(.text.LPSPI1_DriverIRQHandler) referenced from startup_mimxrt1064.o(.text)
 <LI><a href="#[2d]">LPSPI1_IRQHandler</a> from startup_mimxrt1064.o(.text) referenced from startup_mimxrt1064.o(.isr_vector)
 <LI><a href="#[cc]">LPSPI2_DriverIRQHandler</a> from fsl_lpspi.o(.text.LPSPI2_DriverIRQHandler) referenced from startup_mimxrt1064.o(.text)
 <LI><a href="#[2e]">LPSPI2_IRQHandler</a> from startup_mimxrt1064.o(.text) referenced from startup_mimxrt1064.o(.isr_vector)
 <LI><a href="#[cd]">LPSPI3_DriverIRQHandler</a> from fsl_lpspi.o(.text.LPSPI3_DriverIRQHandler) referenced from startup_mimxrt1064.o(.text)
 <LI><a href="#[2f]">LPSPI3_IRQHandler</a> from startup_mimxrt1064.o(.text) referenced from startup_mimxrt1064.o(.isr_vector)
 <LI><a href="#[ce]">LPSPI4_DriverIRQHandler</a> from fsl_lpspi.o(.text.LPSPI4_DriverIRQHandler) referenced from startup_mimxrt1064.o(.text)
 <LI><a href="#[30]">LPSPI4_IRQHandler</a> from startup_mimxrt1064.o(.text) referenced from startup_mimxrt1064.o(.isr_vector)
 <LI><a href="#[bf]">LPUART1_DriverIRQHandler</a> from fsl_lpuart.o(.text.LPUART1_DriverIRQHandler) referenced from startup_mimxrt1064.o(.text)
 <LI><a href="#[21]">LPUART1_IRQHandler</a> from isr.o(.text.LPUART1_IRQHandler) referenced from startup_mimxrt1064.o(.isr_vector)
 <LI><a href="#[c0]">LPUART2_DriverIRQHandler</a> from fsl_lpuart.o(.text.LPUART2_DriverIRQHandler) referenced from startup_mimxrt1064.o(.text)
 <LI><a href="#[22]">LPUART2_IRQHandler</a> from isr.o(.text.LPUART2_IRQHandler) referenced from startup_mimxrt1064.o(.isr_vector)
 <LI><a href="#[c1]">LPUART3_DriverIRQHandler</a> from fsl_lpuart.o(.text.LPUART3_DriverIRQHandler) referenced from startup_mimxrt1064.o(.text)
 <LI><a href="#[23]">LPUART3_IRQHandler</a> from isr.o(.text.LPUART3_IRQHandler) referenced from startup_mimxrt1064.o(.isr_vector)
 <LI><a href="#[c2]">LPUART4_DriverIRQHandler</a> from fsl_lpuart.o(.text.LPUART4_DriverIRQHandler) referenced from startup_mimxrt1064.o(.text)
 <LI><a href="#[24]">LPUART4_IRQHandler</a> from isr.o(.text.LPUART4_IRQHandler) referenced from startup_mimxrt1064.o(.isr_vector)
 <LI><a href="#[c3]">LPUART5_DriverIRQHandler</a> from fsl_lpuart.o(.text.LPUART5_DriverIRQHandler) referenced from startup_mimxrt1064.o(.text)
 <LI><a href="#[25]">LPUART5_IRQHandler</a> from isr.o(.text.LPUART5_IRQHandler) referenced from startup_mimxrt1064.o(.isr_vector)
 <LI><a href="#[c4]">LPUART6_DriverIRQHandler</a> from fsl_lpuart.o(.text.LPUART6_DriverIRQHandler) referenced from startup_mimxrt1064.o(.text)
 <LI><a href="#[26]">LPUART6_IRQHandler</a> from isr.o(.text.LPUART6_IRQHandler) referenced from startup_mimxrt1064.o(.isr_vector)
 <LI><a href="#[c5]">LPUART7_DriverIRQHandler</a> from fsl_lpuart.o(.text.LPUART7_DriverIRQHandler) referenced from startup_mimxrt1064.o(.text)
 <LI><a href="#[27]">LPUART7_IRQHandler</a> from startup_mimxrt1064.o(.text) referenced from startup_mimxrt1064.o(.isr_vector)
 <LI><a href="#[c6]">LPUART8_DriverIRQHandler</a> from fsl_lpuart.o(.text.LPUART8_DriverIRQHandler) referenced from startup_mimxrt1064.o(.text)
 <LI><a href="#[28]">LPUART8_IRQHandler</a> from isr.o(.text.LPUART8_IRQHandler) referenced from startup_mimxrt1064.o(.isr_vector)
 <LI><a href="#[6]">MemManage_Handler</a> from zf_common_vector.o(.text.MemManage_Handler) referenced from startup_mimxrt1064.o(.isr_vector)
 <LI><a href="#[4]">NMI_Handler</a> from zf_common_vector.o(.text.NMI_Handler) referenced from startup_mimxrt1064.o(.isr_vector)
 <LI><a href="#[4]">NMI_Handler</a> from zf_common_vector.o(.text.NMI_Handler) referenced from startup_mimxrt1064.o(.text)
 <LI><a href="#[87]">PIT_IRQHandler</a> from isr.o(.text.PIT_IRQHandler) referenced from startup_mimxrt1064.o(.isr_vector)
 <LI><a href="#[4a]">PMU_EVENT_IRQHandler</a> from startup_mimxrt1064.o(.text) referenced from startup_mimxrt1064.o(.isr_vector)
 <LI><a href="#[73]">PWM1_0_IRQHandler</a> from startup_mimxrt1064.o(.text) referenced from startup_mimxrt1064.o(.isr_vector)
 <LI><a href="#[74]">PWM1_1_IRQHandler</a> from startup_mimxrt1064.o(.text) referenced from startup_mimxrt1064.o(.isr_vector)
 <LI><a href="#[75]">PWM1_2_IRQHandler</a> from startup_mimxrt1064.o(.text) referenced from startup_mimxrt1064.o(.isr_vector)
 <LI><a href="#[76]">PWM1_3_IRQHandler</a> from startup_mimxrt1064.o(.text) referenced from startup_mimxrt1064.o(.isr_vector)
 <LI><a href="#[77]">PWM1_FAULT_IRQHandler</a> from startup_mimxrt1064.o(.text) referenced from startup_mimxrt1064.o(.isr_vector)
 <LI><a href="#[96]">PWM2_0_IRQHandler</a> from startup_mimxrt1064.o(.text) referenced from startup_mimxrt1064.o(.isr_vector)
 <LI><a href="#[97]">PWM2_1_IRQHandler</a> from startup_mimxrt1064.o(.text) referenced from startup_mimxrt1064.o(.isr_vector)
 <LI><a href="#[98]">PWM2_2_IRQHandler</a> from startup_mimxrt1064.o(.text) referenced from startup_mimxrt1064.o(.isr_vector)
 <LI><a href="#[99]">PWM2_3_IRQHandler</a> from startup_mimxrt1064.o(.text) referenced from startup_mimxrt1064.o(.isr_vector)
 <LI><a href="#[9a]">PWM2_FAULT_IRQHandler</a> from startup_mimxrt1064.o(.text) referenced from startup_mimxrt1064.o(.isr_vector)
 <LI><a href="#[9b]">PWM3_0_IRQHandler</a> from startup_mimxrt1064.o(.text) referenced from startup_mimxrt1064.o(.isr_vector)
 <LI><a href="#[9c]">PWM3_1_IRQHandler</a> from startup_mimxrt1064.o(.text) referenced from startup_mimxrt1064.o(.isr_vector)
 <LI><a href="#[9d]">PWM3_2_IRQHandler</a> from startup_mimxrt1064.o(.text) referenced from startup_mimxrt1064.o(.isr_vector)
 <LI><a href="#[9e]">PWM3_3_IRQHandler</a> from startup_mimxrt1064.o(.text) referenced from startup_mimxrt1064.o(.isr_vector)
 <LI><a href="#[9f]">PWM3_FAULT_IRQHandler</a> from startup_mimxrt1064.o(.text) referenced from startup_mimxrt1064.o(.isr_vector)
 <LI><a href="#[a0]">PWM4_0_IRQHandler</a> from startup_mimxrt1064.o(.text) referenced from startup_mimxrt1064.o(.isr_vector)
 <LI><a href="#[a1]">PWM4_1_IRQHandler</a> from startup_mimxrt1064.o(.text) referenced from startup_mimxrt1064.o(.isr_vector)
 <LI><a href="#[a2]">PWM4_2_IRQHandler</a> from startup_mimxrt1064.o(.text) referenced from startup_mimxrt1064.o(.isr_vector)
 <LI><a href="#[a3]">PWM4_3_IRQHandler</a> from startup_mimxrt1064.o(.text) referenced from startup_mimxrt1064.o(.isr_vector)
 <LI><a href="#[a4]">PWM4_FAULT_IRQHandler</a> from startup_mimxrt1064.o(.text) referenced from startup_mimxrt1064.o(.isr_vector)
 <LI><a href="#[39]">PXP_IRQHandler</a> from startup_mimxrt1064.o(.text) referenced from startup_mimxrt1064.o(.isr_vector)
 <LI><a href="#[b]">PendSV_Handler</a> from zf_common_vector.o(.text.PendSV_Handler) referenced from startup_mimxrt1064.o(.isr_vector)
 <LI><a href="#[b]">PendSV_Handler</a> from zf_common_vector.o(.text.PendSV_Handler) referenced from startup_mimxrt1064.o(.text)
 <LI><a href="#[6a]">RTWDOG_IRQHandler</a> from startup_mimxrt1064.o(.text) referenced from startup_mimxrt1064.o(.isr_vector)
 <LI><a href="#[70]">Reserved115_IRQHandler</a> from startup_mimxrt1064.o(.text) referenced from startup_mimxrt1064.o(.isr_vector)
 <LI><a href="#[8c]">Reserved143_IRQHandler</a> from startup_mimxrt1064.o(.text) referenced from startup_mimxrt1064.o(.isr_vector)
 <LI><a href="#[8d]">Reserved144_IRQHandler</a> from startup_mimxrt1064.o(.text) referenced from startup_mimxrt1064.o(.isr_vector)
 <LI><a href="#[a8]">Reserved171_IRQHandler</a> from startup_mimxrt1064.o(.text) referenced from startup_mimxrt1064.o(.isr_vector)
 <LI><a href="#[41]">Reserved68_IRQHandler</a> from startup_mimxrt1064.o(.text) referenced from startup_mimxrt1064.o(.isr_vector)
 <LI><a href="#[4b]">Reserved78_IRQHandler</a> from startup_mimxrt1064.o(.text) referenced from startup_mimxrt1064.o(.isr_vector)
 <LI><a href="#[53]">Reserved86_IRQHandler</a> from startup_mimxrt1064.o(.text) referenced from startup_mimxrt1064.o(.isr_vector)
 <LI><a href="#[3]">Reset_Handler</a> from startup_mimxrt1064.o(.text) referenced from startup_mimxrt1064.o(.isr_vector)
 <LI><a href="#[d1]">SAI1_DriverIRQHandler</a> from fsl_sai.o(.text.SAI1_DriverIRQHandler) referenced from startup_mimxrt1064.o(.text)
 <LI><a href="#[45]">SAI1_IRQHandler</a> from startup_mimxrt1064.o(.text) referenced from startup_mimxrt1064.o(.isr_vector)
 <LI><a href="#[d2]">SAI2_DriverIRQHandler</a> from fsl_sai.o(.text.SAI2_DriverIRQHandler) referenced from startup_mimxrt1064.o(.text)
 <LI><a href="#[46]">SAI2_IRQHandler</a> from startup_mimxrt1064.o(.text) referenced from startup_mimxrt1064.o(.isr_vector)
 <LI><a href="#[d3]">SAI3_RX_DriverIRQHandler</a> from fsl_sai.o(.text.SAI3_RX_DriverIRQHandler) referenced from startup_mimxrt1064.o(.text)
 <LI><a href="#[47]">SAI3_RX_IRQHandler</a> from startup_mimxrt1064.o(.text) referenced from startup_mimxrt1064.o(.isr_vector)
 <LI><a href="#[d4]">SAI3_TX_DriverIRQHandler</a> from fsl_sai.o(.text.SAI3_TX_DriverIRQHandler) referenced from startup_mimxrt1064.o(.text)
 <LI><a href="#[48]">SAI3_TX_IRQHandler</a> from startup_mimxrt1064.o(.text) referenced from startup_mimxrt1064.o(.isr_vector)
 <LI><a href="#[7a]">SEMC_IRQHandler</a> from startup_mimxrt1064.o(.text) referenced from startup_mimxrt1064.o(.isr_vector)
 <LI><a href="#[43]">SJC_IRQHandler</a> from startup_mimxrt1064.o(.text) referenced from startup_mimxrt1064.o(.isr_vector)
 <LI><a href="#[3b]">SNVS_HP_WRAPPER_IRQHandler</a> from startup_mimxrt1064.o(.text) referenced from startup_mimxrt1064.o(.isr_vector)
 <LI><a href="#[3c]">SNVS_HP_WRAPPER_TZ_IRQHandler</a> from startup_mimxrt1064.o(.text) referenced from startup_mimxrt1064.o(.isr_vector)
 <LI><a href="#[3d]">SNVS_LP_WRAPPER_IRQHandler</a> from startup_mimxrt1064.o(.text) referenced from startup_mimxrt1064.o(.isr_vector)
 <LI><a href="#[d5]">SPDIF_DriverIRQHandler</a> from fsl_spdif.o(.text.SPDIF_DriverIRQHandler) referenced from startup_mimxrt1064.o(.text)
 <LI><a href="#[49]">SPDIF_IRQHandler</a> from startup_mimxrt1064.o(.text) referenced from startup_mimxrt1064.o(.isr_vector)
 <LI><a href="#[6f]">SRC_IRQHandler</a> from startup_mimxrt1064.o(.text) referenced from startup_mimxrt1064.o(.isr_vector)
 <LI><a href="#[9]">SVC_Handler</a> from zf_common_vector.o(.text.SVC_Handler) referenced from startup_mimxrt1064.o(.isr_vector)
 <LI><a href="#[9]">SVC_Handler</a> from zf_common_vector.o(.text.SVC_Handler) referenced from startup_mimxrt1064.o(.text)
 <LI><a href="#[c]">SysTick_Handler</a> from startup_mimxrt1064.o(.text) referenced from startup_mimxrt1064.o(.isr_vector)
 <LI><a href="#[c]">SysTick_Handler</a> from startup_mimxrt1064.o(.text) referenced from startup_mimxrt1064.o(.text)
 <LI><a href="#[ac]">SystemInit</a> from system_mimxrt1064.o(.text.SystemInit) referenced from startup_mimxrt1064.o(.text)
 <LI><a href="#[4c]">TEMP_LOW_HIGH_IRQHandler</a> from startup_mimxrt1064.o(.text) referenced from startup_mimxrt1064.o(.isr_vector)
 <LI><a href="#[4d]">TEMP_PANIC_IRQHandler</a> from startup_mimxrt1064.o(.text) referenced from startup_mimxrt1064.o(.isr_vector)
 <LI><a href="#[92]">TMR1_IRQHandler</a> from startup_mimxrt1064.o(.text) referenced from startup_mimxrt1064.o(.isr_vector)
 <LI><a href="#[93]">TMR2_IRQHandler</a> from startup_mimxrt1064.o(.text) referenced from startup_mimxrt1064.o(.isr_vector)
 <LI><a href="#[94]">TMR3_IRQHandler</a> from startup_mimxrt1064.o(.text) referenced from startup_mimxrt1064.o(.isr_vector)
 <LI><a href="#[95]">TMR4_IRQHandler</a> from startup_mimxrt1064.o(.text) referenced from startup_mimxrt1064.o(.isr_vector)
 <LI><a href="#[42]">TRNG_IRQHandler</a> from startup_mimxrt1064.o(.text) referenced from startup_mimxrt1064.o(.isr_vector)
 <LI><a href="#[35]">TSC_DIG_IRQHandler</a> from startup_mimxrt1064.o(.text) referenced from startup_mimxrt1064.o(.isr_vector)
 <LI><a href="#[7e]">USB_OTG1_IRQHandler</a> from zf_driver_usb_cdc.o(.text.USB_OTG1_IRQHandler) referenced from startup_mimxrt1064.o(.isr_vector)
 <LI><a href="#[7d]">USB_OTG2_IRQHandler</a> from zf_driver_usb_cdc.o(.text.USB_OTG2_IRQHandler) referenced from startup_mimxrt1064.o(.isr_vector)
 <LI><a href="#[4e]">USB_PHY1_IRQHandler</a> from startup_mimxrt1064.o(.text) referenced from startup_mimxrt1064.o(.isr_vector)
 <LI><a href="#[4f]">USB_PHY2_IRQHandler</a> from startup_mimxrt1064.o(.text) referenced from startup_mimxrt1064.o(.isr_vector)
 <LI><a href="#[da]">USDHC1_DriverIRQHandler</a> from fsl_usdhc.o(.text.USDHC1_DriverIRQHandler) referenced from startup_mimxrt1064.o(.text)
 <LI><a href="#[7b]">USDHC1_IRQHandler</a> from startup_mimxrt1064.o(.text) referenced from startup_mimxrt1064.o(.isr_vector)
 <LI><a href="#[db]">USDHC2_DriverIRQHandler</a> from fsl_usdhc.o(.text.USDHC2_DriverIRQHandler) referenced from startup_mimxrt1064.o(.text)
 <LI><a href="#[7c]">USDHC2_IRQHandler</a> from startup_mimxrt1064.o(.text) referenced from startup_mimxrt1064.o(.isr_vector)
 <LI><a href="#[8]">UsageFault_Handler</a> from zf_common_vector.o(.text.UsageFault_Handler) referenced from startup_mimxrt1064.o(.isr_vector)
 <LI><a href="#[69]">WDOG1_IRQHandler</a> from startup_mimxrt1064.o(.text) referenced from startup_mimxrt1064.o(.isr_vector)
 <LI><a href="#[3a]">WDOG2_IRQHandler</a> from startup_mimxrt1064.o(.text) referenced from startup_mimxrt1064.o(.isr_vector)
 <LI><a href="#[81]">XBAR1_IRQ_0_1_IRQHandler</a> from startup_mimxrt1064.o(.text) referenced from startup_mimxrt1064.o(.isr_vector)
 <LI><a href="#[82]">XBAR1_IRQ_2_3_IRQHandler</a> from startup_mimxrt1064.o(.text) referenced from startup_mimxrt1064.o(.isr_vector)
 <LI><a href="#[ad]">__main</a> from entry.o(.ARM.Collect$$$$00000000) referenced from startup_mimxrt1064.o(.text)
 <LI><a href="#[e3]">_sbackspace</a> from _sgetc.o(.text) referenced from __0sscanf.o(.text)
 <LI><a href="#[e4]">_scanf_char_input</a> from scanf_char.o(.text) referenced from scanf_char.o(.text)
 <LI><a href="#[e2]">_sgetc</a> from _sgetc.o(.text) referenced from __0sscanf.o(.text)
 <LI><a href="#[ec]">_sputc</a> from printfa.o(i._sputc) referenced from printfa.o(i.__0sprintf)
 <LI><a href="#[e7]">debug_uart_str_output</a> from zf_common_debug.o(.text.debug_uart_str_output) referenced 2 times from zf_common_debug.o(.text.debug_init)
 <LI><a href="#[e9]">ips114_clear</a> from zf_device_ips114.o(.text.ips114_clear) referenced 2 times from zf_device_ips114.o(.text.ips114_init)
 <LI><a href="#[e8]">ips114_show_string</a> from zf_device_ips114.o(.text.ips114_show_string) referenced 2 times from zf_device_ips114.o(.text.ips114_init)
 <LI><a href="#[e5]">isspace</a> from isspace_c.o(.text) referenced from scanf_char.o(.text)
 <LI><a href="#[ab]">main</a> from main.o(.text.main) referenced from entry9a.o(.ARM.Collect$$$$0000000B)
 <LI><a href="#[eb]">mt9v03x_finished_callback</a> from zf_device_mt9v03x.o(.text.mt9v03x_finished_callback) referenced 2 times from zf_device_mt9v03x.o(.text.mt9v03x_init)
 <LI><a href="#[ea]">mt9v03x_uart_callback</a> from zf_device_mt9v03x.o(.text.mt9v03x_uart_callback) referenced 2 times from zf_device_mt9v03x.o(.text.mt9v03x_init)
 <LI><a href="#[0]">type_default_callback</a> from zf_device_type.o(.text.type_default_callback) referenced 2 times from zf_device_type.o(.data.camera_uart_handler)
 <LI><a href="#[0]">type_default_callback</a> from zf_device_type.o(.text.type_default_callback) referenced 2 times from zf_device_type.o(.data.flexio_camera_vsync_handler)
 <LI><a href="#[0]">type_default_callback</a> from zf_device_type.o(.text.type_default_callback) referenced 2 times from zf_device_type.o(.data.tof_module_exti_handler)
 <LI><a href="#[0]">type_default_callback</a> from zf_device_type.o(.text.type_default_callback) referenced 2 times from zf_device_type.o(.data.wireless_module_spi_handler)
 <LI><a href="#[0]">type_default_callback</a> from zf_device_type.o(.text.type_default_callback) referenced 2 times from zf_device_type.o(.text.set_camera_type)
 <LI><a href="#[0]">type_default_callback</a> from zf_device_type.o(.text.type_default_callback) referenced 2 times from zf_device_type.o(.text.set_wireless_type)
 <LI><a href="#[2]">wireless_uart_callback</a> from zf_device_wireless_uart.o(.text.wireless_uart_callback) referenced 2 times from zf_device_type.o(.data.wireless_module_uart_handler)
 <LI><a href="#[2]">wireless_uart_callback</a> from zf_device_wireless_uart.o(.text.wireless_uart_callback) referenced 2 times from zf_device_wireless_uart.o(.text.wireless_uart_init)
</UL>
<P>
<H3>
Global Symbols
</H3>
<P><STRONG><a name="[ad]"></a>__main</STRONG> (Thumb, 0 bytes, Stack size unknown bytes, entry.o(.ARM.Collect$$$$00000000))
<BR>[Address Reference Count : 1]<UL><LI> startup_mimxrt1064.o(.text)
</UL>
<P><STRONG><a name="[1bd]"></a>_main_stk</STRONG> (Thumb, 0 bytes, Stack size unknown bytes, entry4.o(.ARM.Collect$$$$00000003))

<P><STRONG><a name="[1b9]"></a>_main_scatterload</STRONG> (Thumb, 0 bytes, Stack size unknown bytes, entry5.o(.ARM.Collect$$$$00000004))
<BR><BR>[Calls]<UL><LI><a href="#[1ba]">&gt;&gt;</a>&nbsp;&nbsp;&nbsp;__scatterload
</UL>

<P><STRONG><a name="[1bb]"></a>__main_after_scatterload</STRONG> (Thumb, 0 bytes, Stack size unknown bytes, entry5.o(.ARM.Collect$$$$00000004))
<BR><BR>[Called By]<UL><LI><a href="#[1ba]">&gt;&gt;</a>&nbsp;&nbsp;&nbsp;__scatterload
</UL>

<P><STRONG><a name="[1be]"></a>_main_clock</STRONG> (Thumb, 0 bytes, Stack size unknown bytes, entry7b.o(.ARM.Collect$$$$00000008))

<P><STRONG><a name="[1bf]"></a>_main_cpp_init</STRONG> (Thumb, 0 bytes, Stack size unknown bytes, entry8b.o(.ARM.Collect$$$$0000000A))

<P><STRONG><a name="[1c0]"></a>_main_init</STRONG> (Thumb, 0 bytes, Stack size unknown bytes, entry9a.o(.ARM.Collect$$$$0000000B))

<P><STRONG><a name="[1c1]"></a>__rt_final_cpp</STRONG> (Thumb, 0 bytes, Stack size unknown bytes, entry10a.o(.ARM.Collect$$$$0000000D))

<P><STRONG><a name="[1c2]"></a>__rt_final_exit</STRONG> (Thumb, 0 bytes, Stack size unknown bytes, entry11a.o(.ARM.Collect$$$$0000000F))

<P><STRONG><a name="[3]"></a>Reset_Handler</STRONG> (Thumb, 104 bytes, Stack size unknown bytes, startup_mimxrt1064.o(.text))
<BR>[Address Reference Count : 1]<UL><LI> startup_mimxrt1064.o(.isr_vector)
</UL>
<P><STRONG><a name="[88]"></a>ACMP1_IRQHandler</STRONG> (Thumb, 4 bytes, Stack size unknown bytes, startup_mimxrt1064.o(.text))
<BR><BR>[Calls]<UL><LI><a href="#[1]">&gt;&gt;</a>&nbsp;&nbsp;&nbsp;DefaultISR
</UL>
<BR>[Address Reference Count : 1]<UL><LI> startup_mimxrt1064.o(.isr_vector)
</UL>
<P><STRONG><a name="[89]"></a>ACMP2_IRQHandler</STRONG> (Thumb, 4 bytes, Stack size unknown bytes, startup_mimxrt1064.o(.text))
<BR>[Address Reference Count : 1]<UL><LI> startup_mimxrt1064.o(.isr_vector)
</UL>
<P><STRONG><a name="[8a]"></a>ACMP3_IRQHandler</STRONG> (Thumb, 4 bytes, Stack size unknown bytes, startup_mimxrt1064.o(.text))
<BR>[Address Reference Count : 1]<UL><LI> startup_mimxrt1064.o(.isr_vector)
</UL>
<P><STRONG><a name="[8b]"></a>ACMP4_IRQHandler</STRONG> (Thumb, 4 bytes, Stack size unknown bytes, startup_mimxrt1064.o(.text))
<BR>[Address Reference Count : 1]<UL><LI> startup_mimxrt1064.o(.isr_vector)
</UL>
<P><STRONG><a name="[50]"></a>ADC1_IRQHandler</STRONG> (Thumb, 4 bytes, Stack size unknown bytes, startup_mimxrt1064.o(.text))
<BR>[Address Reference Count : 1]<UL><LI> startup_mimxrt1064.o(.isr_vector)
</UL>
<P><STRONG><a name="[51]"></a>ADC2_IRQHandler</STRONG> (Thumb, 4 bytes, Stack size unknown bytes, startup_mimxrt1064.o(.text))
<BR>[Address Reference Count : 1]<UL><LI> startup_mimxrt1064.o(.isr_vector)
</UL>
<P><STRONG><a name="[86]"></a>ADC_ETC_ERROR_IRQ_IRQHandler</STRONG> (Thumb, 4 bytes, Stack size unknown bytes, startup_mimxrt1064.o(.text))
<BR>[Address Reference Count : 1]<UL><LI> startup_mimxrt1064.o(.isr_vector)
</UL>
<P><STRONG><a name="[83]"></a>ADC_ETC_IRQ0_IRQHandler</STRONG> (Thumb, 4 bytes, Stack size unknown bytes, startup_mimxrt1064.o(.text))
<BR>[Address Reference Count : 1]<UL><LI> startup_mimxrt1064.o(.isr_vector)
</UL>
<P><STRONG><a name="[84]"></a>ADC_ETC_IRQ1_IRQHandler</STRONG> (Thumb, 4 bytes, Stack size unknown bytes, startup_mimxrt1064.o(.text))
<BR>[Address Reference Count : 1]<UL><LI> startup_mimxrt1064.o(.isr_vector)
</UL>
<P><STRONG><a name="[85]"></a>ADC_ETC_IRQ2_IRQHandler</STRONG> (Thumb, 4 bytes, Stack size unknown bytes, startup_mimxrt1064.o(.text))
<BR>[Address Reference Count : 1]<UL><LI> startup_mimxrt1064.o(.isr_vector)
</UL>
<P><STRONG><a name="[44]"></a>BEE_IRQHandler</STRONG> (Thumb, 4 bytes, Stack size unknown bytes, startup_mimxrt1064.o(.text))
<BR>[Address Reference Count : 1]<UL><LI> startup_mimxrt1064.o(.isr_vector)
</UL>
<P><STRONG><a name="[6c]"></a>CCM_1_IRQHandler</STRONG> (Thumb, 4 bytes, Stack size unknown bytes, startup_mimxrt1064.o(.text))
<BR>[Address Reference Count : 1]<UL><LI> startup_mimxrt1064.o(.isr_vector)
</UL>
<P><STRONG><a name="[6d]"></a>CCM_2_IRQHandler</STRONG> (Thumb, 4 bytes, Stack size unknown bytes, startup_mimxrt1064.o(.text))
<BR>[Address Reference Count : 1]<UL><LI> startup_mimxrt1064.o(.isr_vector)
</UL>
<P><STRONG><a name="[20]"></a>CORE_IRQHandler</STRONG> (Thumb, 4 bytes, Stack size unknown bytes, startup_mimxrt1064.o(.text))
<BR>[Address Reference Count : 1]<UL><LI> startup_mimxrt1064.o(.isr_vector)
</UL>
<P><STRONG><a name="[3e]"></a>CSU_IRQHandler</STRONG> (Thumb, 4 bytes, Stack size unknown bytes, startup_mimxrt1064.o(.text))
<BR>[Address Reference Count : 1]<UL><LI> startup_mimxrt1064.o(.isr_vector)
</UL>
<P><STRONG><a name="[1e]"></a>CTI0_ERROR_IRQHandler</STRONG> (Thumb, 4 bytes, Stack size unknown bytes, startup_mimxrt1064.o(.text))
<BR>[Address Reference Count : 1]<UL><LI> startup_mimxrt1064.o(.isr_vector)
</UL>
<P><STRONG><a name="[1f]"></a>CTI1_ERROR_IRQHandler</STRONG> (Thumb, 4 bytes, Stack size unknown bytes, startup_mimxrt1064.o(.text))
<BR>[Address Reference Count : 1]<UL><LI> startup_mimxrt1064.o(.isr_vector)
</UL>
<P><STRONG><a name="[52]"></a>DCDC_IRQHandler</STRONG> (Thumb, 4 bytes, Stack size unknown bytes, startup_mimxrt1064.o(.text))
<BR>[Address Reference Count : 1]<UL><LI> startup_mimxrt1064.o(.isr_vector)
</UL>
<P><STRONG><a name="[3f]"></a>DCP_IRQHandler</STRONG> (Thumb, 4 bytes, Stack size unknown bytes, startup_mimxrt1064.o(.text))
<BR>[Address Reference Count : 1]<UL><LI> startup_mimxrt1064.o(.isr_vector)
</UL>
<P><STRONG><a name="[40]"></a>DCP_VMI_IRQHandler</STRONG> (Thumb, 4 bytes, Stack size unknown bytes, startup_mimxrt1064.o(.text))
<BR>[Address Reference Count : 1]<UL><LI> startup_mimxrt1064.o(.isr_vector)
</UL>
<P><STRONG><a name="[be]"></a>DMA_ERROR_DriverIRQHandler</STRONG> (Thumb, 4 bytes, Stack size unknown bytes, startup_mimxrt1064.o(.text))
<BR>[Address Reference Count : 1]<UL><LI> startup_mimxrt1064.o(.text)
</UL>
<P><STRONG><a name="[1]"></a>DefaultISR</STRONG> (Thumb, 4 bytes, Stack size unknown bytes, startup_mimxrt1064.o(.text))
<BR><BR>[Called By]<UL><LI><a href="#[88]">&gt;&gt;</a>&nbsp;&nbsp;&nbsp;ACMP1_IRQHandler
</UL>
<BR>[Address Reference Count : 5]<UL><LI> fsl_csi.o(.data.s_csiIsr)
<LI> fsl_flexcan.o(.data.s_flexcanIsr)
<LI> fsl_lpuart.o(.data.s_lpuartIsr)
<LI> fsl_usdhc.o(.data.s_usdhcIsr)
<LI> startup_mimxrt1064.o(.isr_vector)
</UL>
<P><STRONG><a name="[8e]"></a>ENC1_IRQHandler</STRONG> (Thumb, 4 bytes, Stack size unknown bytes, startup_mimxrt1064.o(.text))
<BR>[Address Reference Count : 1]<UL><LI> startup_mimxrt1064.o(.isr_vector)
</UL>
<P><STRONG><a name="[8f]"></a>ENC2_IRQHandler</STRONG> (Thumb, 4 bytes, Stack size unknown bytes, startup_mimxrt1064.o(.text))
<BR>[Address Reference Count : 1]<UL><LI> startup_mimxrt1064.o(.isr_vector)
</UL>
<P><STRONG><a name="[90]"></a>ENC3_IRQHandler</STRONG> (Thumb, 4 bytes, Stack size unknown bytes, startup_mimxrt1064.o(.text))
<BR>[Address Reference Count : 1]<UL><LI> startup_mimxrt1064.o(.isr_vector)
</UL>
<P><STRONG><a name="[91]"></a>ENC4_IRQHandler</STRONG> (Thumb, 4 bytes, Stack size unknown bytes, startup_mimxrt1064.o(.text))
<BR>[Address Reference Count : 1]<UL><LI> startup_mimxrt1064.o(.isr_vector)
</UL>
<P><STRONG><a name="[6b]"></a>EWM_IRQHandler</STRONG> (Thumb, 4 bytes, Stack size unknown bytes, startup_mimxrt1064.o(.text))
<BR>[Address Reference Count : 1]<UL><LI> startup_mimxrt1064.o(.isr_vector)
</UL>
<P><STRONG><a name="[33]"></a>FLEXRAM_IRQHandler</STRONG> (Thumb, 4 bytes, Stack size unknown bytes, startup_mimxrt1064.o(.text))
<BR>[Address Reference Count : 1]<UL><LI> startup_mimxrt1064.o(.isr_vector)
</UL>
<P><STRONG><a name="[d8]"></a>FLEXSPI2_DriverIRQHandler</STRONG> (Thumb, 4 bytes, Stack size unknown bytes, startup_mimxrt1064.o(.text))
<BR>[Address Reference Count : 1]<UL><LI> startup_mimxrt1064.o(.text)
</UL>
<P><STRONG><a name="[d9]"></a>FLEXSPI_DriverIRQHandler</STRONG> (Thumb, 4 bytes, Stack size unknown bytes, startup_mimxrt1064.o(.text))
<BR>[Address Reference Count : 1]<UL><LI> startup_mimxrt1064.o(.text)
</UL>
<P><STRONG><a name="[6e]"></a>GPC_IRQHandler</STRONG> (Thumb, 4 bytes, Stack size unknown bytes, startup_mimxrt1064.o(.text))
<BR>[Address Reference Count : 1]<UL><LI> startup_mimxrt1064.o(.isr_vector)
</UL>
<P><STRONG><a name="[54]"></a>GPIO10_IRQHandler</STRONG> (Thumb, 4 bytes, Stack size unknown bytes, startup_mimxrt1064.o(.text))
<BR>[Address Reference Count : 1]<UL><LI> startup_mimxrt1064.o(.isr_vector)
</UL>
<P><STRONG><a name="[55]"></a>GPIO1_INT0_IRQHandler</STRONG> (Thumb, 4 bytes, Stack size unknown bytes, startup_mimxrt1064.o(.text))
<BR>[Address Reference Count : 1]<UL><LI> startup_mimxrt1064.o(.isr_vector)
</UL>
<P><STRONG><a name="[56]"></a>GPIO1_INT1_IRQHandler</STRONG> (Thumb, 4 bytes, Stack size unknown bytes, startup_mimxrt1064.o(.text))
<BR>[Address Reference Count : 1]<UL><LI> startup_mimxrt1064.o(.isr_vector)
</UL>
<P><STRONG><a name="[57]"></a>GPIO1_INT2_IRQHandler</STRONG> (Thumb, 4 bytes, Stack size unknown bytes, startup_mimxrt1064.o(.text))
<BR>[Address Reference Count : 1]<UL><LI> startup_mimxrt1064.o(.isr_vector)
</UL>
<P><STRONG><a name="[58]"></a>GPIO1_INT3_IRQHandler</STRONG> (Thumb, 4 bytes, Stack size unknown bytes, startup_mimxrt1064.o(.text))
<BR>[Address Reference Count : 1]<UL><LI> startup_mimxrt1064.o(.isr_vector)
</UL>
<P><STRONG><a name="[59]"></a>GPIO1_INT4_IRQHandler</STRONG> (Thumb, 4 bytes, Stack size unknown bytes, startup_mimxrt1064.o(.text))
<BR>[Address Reference Count : 1]<UL><LI> startup_mimxrt1064.o(.isr_vector)
</UL>
<P><STRONG><a name="[5a]"></a>GPIO1_INT5_IRQHandler</STRONG> (Thumb, 4 bytes, Stack size unknown bytes, startup_mimxrt1064.o(.text))
<BR>[Address Reference Count : 1]<UL><LI> startup_mimxrt1064.o(.isr_vector)
</UL>
<P><STRONG><a name="[5b]"></a>GPIO1_INT6_IRQHandler</STRONG> (Thumb, 4 bytes, Stack size unknown bytes, startup_mimxrt1064.o(.text))
<BR>[Address Reference Count : 1]<UL><LI> startup_mimxrt1064.o(.isr_vector)
</UL>
<P><STRONG><a name="[5c]"></a>GPIO1_INT7_IRQHandler</STRONG> (Thumb, 4 bytes, Stack size unknown bytes, startup_mimxrt1064.o(.text))
<BR>[Address Reference Count : 1]<UL><LI> startup_mimxrt1064.o(.isr_vector)
</UL>
<P><STRONG><a name="[62]"></a>GPIO3_Combined_16_31_IRQHandler</STRONG> (Thumb, 4 bytes, Stack size unknown bytes, startup_mimxrt1064.o(.text))
<BR>[Address Reference Count : 1]<UL><LI> startup_mimxrt1064.o(.isr_vector)
</UL>
<P><STRONG><a name="[63]"></a>GPIO4_Combined_0_15_IRQHandler</STRONG> (Thumb, 4 bytes, Stack size unknown bytes, startup_mimxrt1064.o(.text))
<BR>[Address Reference Count : 1]<UL><LI> startup_mimxrt1064.o(.isr_vector)
</UL>
<P><STRONG><a name="[64]"></a>GPIO4_Combined_16_31_IRQHandler</STRONG> (Thumb, 4 bytes, Stack size unknown bytes, startup_mimxrt1064.o(.text))
<BR>[Address Reference Count : 1]<UL><LI> startup_mimxrt1064.o(.isr_vector)
</UL>
<P><STRONG><a name="[65]"></a>GPIO5_Combined_0_15_IRQHandler</STRONG> (Thumb, 4 bytes, Stack size unknown bytes, startup_mimxrt1064.o(.text))
<BR>[Address Reference Count : 1]<UL><LI> startup_mimxrt1064.o(.isr_vector)
</UL>
<P><STRONG><a name="[66]"></a>GPIO5_Combined_16_31_IRQHandler</STRONG> (Thumb, 4 bytes, Stack size unknown bytes, startup_mimxrt1064.o(.text))
<BR>[Address Reference Count : 1]<UL><LI> startup_mimxrt1064.o(.isr_vector)
</UL>
<P><STRONG><a name="[aa]"></a>GPIO6_7_8_9_IRQHandler</STRONG> (Thumb, 4 bytes, Stack size unknown bytes, startup_mimxrt1064.o(.text))
<BR>[Address Reference Count : 1]<UL><LI> startup_mimxrt1064.o(.isr_vector)
</UL>
<P><STRONG><a name="[36]"></a>GPR_IRQ_IRQHandler</STRONG> (Thumb, 4 bytes, Stack size unknown bytes, startup_mimxrt1064.o(.text))
<BR>[Address Reference Count : 1]<UL><LI> startup_mimxrt1064.o(.isr_vector)
</UL>
<P><STRONG><a name="[71]"></a>GPT1_IRQHandler</STRONG> (Thumb, 4 bytes, Stack size unknown bytes, startup_mimxrt1064.o(.text))
<BR>[Address Reference Count : 1]<UL><LI> startup_mimxrt1064.o(.isr_vector)
</UL>
<P><STRONG><a name="[72]"></a>GPT2_IRQHandler</STRONG> (Thumb, 4 bytes, Stack size unknown bytes, startup_mimxrt1064.o(.text))
<BR>[Address Reference Count : 1]<UL><LI> startup_mimxrt1064.o(.isr_vector)
</UL>
<P><STRONG><a name="[34]"></a>KPP_IRQHandler</STRONG> (Thumb, 4 bytes, Stack size unknown bytes, startup_mimxrt1064.o(.text))
<BR>[Address Reference Count : 1]<UL><LI> startup_mimxrt1064.o(.isr_vector)
</UL>
<P><STRONG><a name="[37]"></a>LCDIF_IRQHandler</STRONG> (Thumb, 4 bytes, Stack size unknown bytes, startup_mimxrt1064.o(.text))
<BR>[Address Reference Count : 1]<UL><LI> startup_mimxrt1064.o(.isr_vector)
</UL>
<P><STRONG><a name="[4a]"></a>PMU_EVENT_IRQHandler</STRONG> (Thumb, 4 bytes, Stack size unknown bytes, startup_mimxrt1064.o(.text))
<BR>[Address Reference Count : 1]<UL><LI> startup_mimxrt1064.o(.isr_vector)
</UL>
<P><STRONG><a name="[73]"></a>PWM1_0_IRQHandler</STRONG> (Thumb, 4 bytes, Stack size unknown bytes, startup_mimxrt1064.o(.text))
<BR>[Address Reference Count : 1]<UL><LI> startup_mimxrt1064.o(.isr_vector)
</UL>
<P><STRONG><a name="[74]"></a>PWM1_1_IRQHandler</STRONG> (Thumb, 4 bytes, Stack size unknown bytes, startup_mimxrt1064.o(.text))
<BR>[Address Reference Count : 1]<UL><LI> startup_mimxrt1064.o(.isr_vector)
</UL>
<P><STRONG><a name="[75]"></a>PWM1_2_IRQHandler</STRONG> (Thumb, 4 bytes, Stack size unknown bytes, startup_mimxrt1064.o(.text))
<BR>[Address Reference Count : 1]<UL><LI> startup_mimxrt1064.o(.isr_vector)
</UL>
<P><STRONG><a name="[76]"></a>PWM1_3_IRQHandler</STRONG> (Thumb, 4 bytes, Stack size unknown bytes, startup_mimxrt1064.o(.text))
<BR>[Address Reference Count : 1]<UL><LI> startup_mimxrt1064.o(.isr_vector)
</UL>
<P><STRONG><a name="[77]"></a>PWM1_FAULT_IRQHandler</STRONG> (Thumb, 4 bytes, Stack size unknown bytes, startup_mimxrt1064.o(.text))
<BR>[Address Reference Count : 1]<UL><LI> startup_mimxrt1064.o(.isr_vector)
</UL>
<P><STRONG><a name="[96]"></a>PWM2_0_IRQHandler</STRONG> (Thumb, 4 bytes, Stack size unknown bytes, startup_mimxrt1064.o(.text))
<BR>[Address Reference Count : 1]<UL><LI> startup_mimxrt1064.o(.isr_vector)
</UL>
<P><STRONG><a name="[97]"></a>PWM2_1_IRQHandler</STRONG> (Thumb, 4 bytes, Stack size unknown bytes, startup_mimxrt1064.o(.text))
<BR>[Address Reference Count : 1]<UL><LI> startup_mimxrt1064.o(.isr_vector)
</UL>
<P><STRONG><a name="[98]"></a>PWM2_2_IRQHandler</STRONG> (Thumb, 4 bytes, Stack size unknown bytes, startup_mimxrt1064.o(.text))
<BR>[Address Reference Count : 1]<UL><LI> startup_mimxrt1064.o(.isr_vector)
</UL>
<P><STRONG><a name="[99]"></a>PWM2_3_IRQHandler</STRONG> (Thumb, 4 bytes, Stack size unknown bytes, startup_mimxrt1064.o(.text))
<BR>[Address Reference Count : 1]<UL><LI> startup_mimxrt1064.o(.isr_vector)
</UL>
<P><STRONG><a name="[9a]"></a>PWM2_FAULT_IRQHandler</STRONG> (Thumb, 4 bytes, Stack size unknown bytes, startup_mimxrt1064.o(.text))
<BR>[Address Reference Count : 1]<UL><LI> startup_mimxrt1064.o(.isr_vector)
</UL>
<P><STRONG><a name="[9b]"></a>PWM3_0_IRQHandler</STRONG> (Thumb, 4 bytes, Stack size unknown bytes, startup_mimxrt1064.o(.text))
<BR>[Address Reference Count : 1]<UL><LI> startup_mimxrt1064.o(.isr_vector)
</UL>
<P><STRONG><a name="[9c]"></a>PWM3_1_IRQHandler</STRONG> (Thumb, 4 bytes, Stack size unknown bytes, startup_mimxrt1064.o(.text))
<BR>[Address Reference Count : 1]<UL><LI> startup_mimxrt1064.o(.isr_vector)
</UL>
<P><STRONG><a name="[9d]"></a>PWM3_2_IRQHandler</STRONG> (Thumb, 4 bytes, Stack size unknown bytes, startup_mimxrt1064.o(.text))
<BR>[Address Reference Count : 1]<UL><LI> startup_mimxrt1064.o(.isr_vector)
</UL>
<P><STRONG><a name="[9e]"></a>PWM3_3_IRQHandler</STRONG> (Thumb, 4 bytes, Stack size unknown bytes, startup_mimxrt1064.o(.text))
<BR>[Address Reference Count : 1]<UL><LI> startup_mimxrt1064.o(.isr_vector)
</UL>
<P><STRONG><a name="[9f]"></a>PWM3_FAULT_IRQHandler</STRONG> (Thumb, 4 bytes, Stack size unknown bytes, startup_mimxrt1064.o(.text))
<BR>[Address Reference Count : 1]<UL><LI> startup_mimxrt1064.o(.isr_vector)
</UL>
<P><STRONG><a name="[a0]"></a>PWM4_0_IRQHandler</STRONG> (Thumb, 4 bytes, Stack size unknown bytes, startup_mimxrt1064.o(.text))
<BR>[Address Reference Count : 1]<UL><LI> startup_mimxrt1064.o(.isr_vector)
</UL>
<P><STRONG><a name="[a1]"></a>PWM4_1_IRQHandler</STRONG> (Thumb, 4 bytes, Stack size unknown bytes, startup_mimxrt1064.o(.text))
<BR>[Address Reference Count : 1]<UL><LI> startup_mimxrt1064.o(.isr_vector)
</UL>
<P><STRONG><a name="[a2]"></a>PWM4_2_IRQHandler</STRONG> (Thumb, 4 bytes, Stack size unknown bytes, startup_mimxrt1064.o(.text))
<BR>[Address Reference Count : 1]<UL><LI> startup_mimxrt1064.o(.isr_vector)
</UL>
<P><STRONG><a name="[a3]"></a>PWM4_3_IRQHandler</STRONG> (Thumb, 4 bytes, Stack size unknown bytes, startup_mimxrt1064.o(.text))
<BR>[Address Reference Count : 1]<UL><LI> startup_mimxrt1064.o(.isr_vector)
</UL>
<P><STRONG><a name="[a4]"></a>PWM4_FAULT_IRQHandler</STRONG> (Thumb, 4 bytes, Stack size unknown bytes, startup_mimxrt1064.o(.text))
<BR>[Address Reference Count : 1]<UL><LI> startup_mimxrt1064.o(.isr_vector)
</UL>
<P><STRONG><a name="[39]"></a>PXP_IRQHandler</STRONG> (Thumb, 4 bytes, Stack size unknown bytes, startup_mimxrt1064.o(.text))
<BR>[Address Reference Count : 1]<UL><LI> startup_mimxrt1064.o(.isr_vector)
</UL>
<P><STRONG><a name="[6a]"></a>RTWDOG_IRQHandler</STRONG> (Thumb, 4 bytes, Stack size unknown bytes, startup_mimxrt1064.o(.text))
<BR>[Address Reference Count : 1]<UL><LI> startup_mimxrt1064.o(.isr_vector)
</UL>
<P><STRONG><a name="[70]"></a>Reserved115_IRQHandler</STRONG> (Thumb, 4 bytes, Stack size unknown bytes, startup_mimxrt1064.o(.text))
<BR>[Address Reference Count : 1]<UL><LI> startup_mimxrt1064.o(.isr_vector)
</UL>
<P><STRONG><a name="[8c]"></a>Reserved143_IRQHandler</STRONG> (Thumb, 4 bytes, Stack size unknown bytes, startup_mimxrt1064.o(.text))
<BR>[Address Reference Count : 1]<UL><LI> startup_mimxrt1064.o(.isr_vector)
</UL>
<P><STRONG><a name="[8d]"></a>Reserved144_IRQHandler</STRONG> (Thumb, 4 bytes, Stack size unknown bytes, startup_mimxrt1064.o(.text))
<BR>[Address Reference Count : 1]<UL><LI> startup_mimxrt1064.o(.isr_vector)
</UL>
<P><STRONG><a name="[a8]"></a>Reserved171_IRQHandler</STRONG> (Thumb, 4 bytes, Stack size unknown bytes, startup_mimxrt1064.o(.text))
<BR>[Address Reference Count : 1]<UL><LI> startup_mimxrt1064.o(.isr_vector)
</UL>
<P><STRONG><a name="[41]"></a>Reserved68_IRQHandler</STRONG> (Thumb, 4 bytes, Stack size unknown bytes, startup_mimxrt1064.o(.text))
<BR>[Address Reference Count : 1]<UL><LI> startup_mimxrt1064.o(.isr_vector)
</UL>
<P><STRONG><a name="[4b]"></a>Reserved78_IRQHandler</STRONG> (Thumb, 4 bytes, Stack size unknown bytes, startup_mimxrt1064.o(.text))
<BR>[Address Reference Count : 1]<UL><LI> startup_mimxrt1064.o(.isr_vector)
</UL>
<P><STRONG><a name="[53]"></a>Reserved86_IRQHandler</STRONG> (Thumb, 4 bytes, Stack size unknown bytes, startup_mimxrt1064.o(.text))
<BR>[Address Reference Count : 1]<UL><LI> startup_mimxrt1064.o(.isr_vector)
</UL>
<P><STRONG><a name="[7a]"></a>SEMC_IRQHandler</STRONG> (Thumb, 4 bytes, Stack size unknown bytes, startup_mimxrt1064.o(.text))
<BR>[Address Reference Count : 1]<UL><LI> startup_mimxrt1064.o(.isr_vector)
</UL>
<P><STRONG><a name="[43]"></a>SJC_IRQHandler</STRONG> (Thumb, 4 bytes, Stack size unknown bytes, startup_mimxrt1064.o(.text))
<BR>[Address Reference Count : 1]<UL><LI> startup_mimxrt1064.o(.isr_vector)
</UL>
<P><STRONG><a name="[3b]"></a>SNVS_HP_WRAPPER_IRQHandler</STRONG> (Thumb, 4 bytes, Stack size unknown bytes, startup_mimxrt1064.o(.text))
<BR>[Address Reference Count : 1]<UL><LI> startup_mimxrt1064.o(.isr_vector)
</UL>
<P><STRONG><a name="[3c]"></a>SNVS_HP_WRAPPER_TZ_IRQHandler</STRONG> (Thumb, 4 bytes, Stack size unknown bytes, startup_mimxrt1064.o(.text))
<BR>[Address Reference Count : 1]<UL><LI> startup_mimxrt1064.o(.isr_vector)
</UL>
<P><STRONG><a name="[3d]"></a>SNVS_LP_WRAPPER_IRQHandler</STRONG> (Thumb, 4 bytes, Stack size unknown bytes, startup_mimxrt1064.o(.text))
<BR>[Address Reference Count : 1]<UL><LI> startup_mimxrt1064.o(.isr_vector)
</UL>
<P><STRONG><a name="[6f]"></a>SRC_IRQHandler</STRONG> (Thumb, 4 bytes, Stack size unknown bytes, startup_mimxrt1064.o(.text))
<BR>[Address Reference Count : 1]<UL><LI> startup_mimxrt1064.o(.isr_vector)
</UL>
<P><STRONG><a name="[4c]"></a>TEMP_LOW_HIGH_IRQHandler</STRONG> (Thumb, 4 bytes, Stack size unknown bytes, startup_mimxrt1064.o(.text))
<BR>[Address Reference Count : 1]<UL><LI> startup_mimxrt1064.o(.isr_vector)
</UL>
<P><STRONG><a name="[4d]"></a>TEMP_PANIC_IRQHandler</STRONG> (Thumb, 4 bytes, Stack size unknown bytes, startup_mimxrt1064.o(.text))
<BR>[Address Reference Count : 1]<UL><LI> startup_mimxrt1064.o(.isr_vector)
</UL>
<P><STRONG><a name="[92]"></a>TMR1_IRQHandler</STRONG> (Thumb, 4 bytes, Stack size unknown bytes, startup_mimxrt1064.o(.text))
<BR>[Address Reference Count : 1]<UL><LI> startup_mimxrt1064.o(.isr_vector)
</UL>
<P><STRONG><a name="[93]"></a>TMR2_IRQHandler</STRONG> (Thumb, 4 bytes, Stack size unknown bytes, startup_mimxrt1064.o(.text))
<BR>[Address Reference Count : 1]<UL><LI> startup_mimxrt1064.o(.isr_vector)
</UL>
<P><STRONG><a name="[94]"></a>TMR3_IRQHandler</STRONG> (Thumb, 4 bytes, Stack size unknown bytes, startup_mimxrt1064.o(.text))
<BR>[Address Reference Count : 1]<UL><LI> startup_mimxrt1064.o(.isr_vector)
</UL>
<P><STRONG><a name="[95]"></a>TMR4_IRQHandler</STRONG> (Thumb, 4 bytes, Stack size unknown bytes, startup_mimxrt1064.o(.text))
<BR>[Address Reference Count : 1]<UL><LI> startup_mimxrt1064.o(.isr_vector)
</UL>
<P><STRONG><a name="[42]"></a>TRNG_IRQHandler</STRONG> (Thumb, 4 bytes, Stack size unknown bytes, startup_mimxrt1064.o(.text))
<BR>[Address Reference Count : 1]<UL><LI> startup_mimxrt1064.o(.isr_vector)
</UL>
<P><STRONG><a name="[35]"></a>TSC_DIG_IRQHandler</STRONG> (Thumb, 4 bytes, Stack size unknown bytes, startup_mimxrt1064.o(.text))
<BR>[Address Reference Count : 1]<UL><LI> startup_mimxrt1064.o(.isr_vector)
</UL>
<P><STRONG><a name="[4e]"></a>USB_PHY1_IRQHandler</STRONG> (Thumb, 4 bytes, Stack size unknown bytes, startup_mimxrt1064.o(.text))
<BR>[Address Reference Count : 1]<UL><LI> startup_mimxrt1064.o(.isr_vector)
</UL>
<P><STRONG><a name="[4f]"></a>USB_PHY2_IRQHandler</STRONG> (Thumb, 4 bytes, Stack size unknown bytes, startup_mimxrt1064.o(.text))
<BR>[Address Reference Count : 1]<UL><LI> startup_mimxrt1064.o(.isr_vector)
</UL>
<P><STRONG><a name="[69]"></a>WDOG1_IRQHandler</STRONG> (Thumb, 4 bytes, Stack size unknown bytes, startup_mimxrt1064.o(.text))
<BR>[Address Reference Count : 1]<UL><LI> startup_mimxrt1064.o(.isr_vector)
</UL>
<P><STRONG><a name="[3a]"></a>WDOG2_IRQHandler</STRONG> (Thumb, 4 bytes, Stack size unknown bytes, startup_mimxrt1064.o(.text))
<BR>[Address Reference Count : 1]<UL><LI> startup_mimxrt1064.o(.isr_vector)
</UL>
<P><STRONG><a name="[81]"></a>XBAR1_IRQ_0_1_IRQHandler</STRONG> (Thumb, 4 bytes, Stack size unknown bytes, startup_mimxrt1064.o(.text))
<BR>[Address Reference Count : 1]<UL><LI> startup_mimxrt1064.o(.isr_vector)
</UL>
<P><STRONG><a name="[82]"></a>XBAR1_IRQ_2_3_IRQHandler</STRONG> (Thumb, 4 bytes, Stack size unknown bytes, startup_mimxrt1064.o(.text))
<BR>[Address Reference Count : 1]<UL><LI> startup_mimxrt1064.o(.isr_vector)
</UL>
<P><STRONG><a name="[c]"></a>SysTick_Handler</STRONG> (Thumb, 4 bytes, Stack size unknown bytes, startup_mimxrt1064.o(.text))
<BR>[Address Reference Count : 2]<UL><LI> startup_mimxrt1064.o(.text)
<LI> startup_mimxrt1064.o(.isr_vector)
</UL>
<P><STRONG><a name="[d]"></a>DMA0_DMA16_IRQHandler</STRONG> (Thumb, 4 bytes, Stack size unknown bytes, startup_mimxrt1064.o(.text))
<BR>[Address Reference Count : 1]<UL><LI> startup_mimxrt1064.o(.isr_vector)
</UL>
<P><STRONG><a name="[e]"></a>DMA1_DMA17_IRQHandler</STRONG> (Thumb, 4 bytes, Stack size unknown bytes, startup_mimxrt1064.o(.text))
<BR>[Address Reference Count : 1]<UL><LI> startup_mimxrt1064.o(.isr_vector)
</UL>
<P><STRONG><a name="[f]"></a>DMA2_DMA18_IRQHandler</STRONG> (Thumb, 4 bytes, Stack size unknown bytes, startup_mimxrt1064.o(.text))
<BR>[Address Reference Count : 1]<UL><LI> startup_mimxrt1064.o(.isr_vector)
</UL>
<P><STRONG><a name="[10]"></a>DMA3_DMA19_IRQHandler</STRONG> (Thumb, 4 bytes, Stack size unknown bytes, startup_mimxrt1064.o(.text))
<BR>[Address Reference Count : 1]<UL><LI> startup_mimxrt1064.o(.isr_vector)
</UL>
<P><STRONG><a name="[11]"></a>DMA4_DMA20_IRQHandler</STRONG> (Thumb, 4 bytes, Stack size unknown bytes, startup_mimxrt1064.o(.text))
<BR>[Address Reference Count : 1]<UL><LI> startup_mimxrt1064.o(.isr_vector)
</UL>
<P><STRONG><a name="[12]"></a>DMA5_DMA21_IRQHandler</STRONG> (Thumb, 4 bytes, Stack size unknown bytes, startup_mimxrt1064.o(.text))
<BR>[Address Reference Count : 1]<UL><LI> startup_mimxrt1064.o(.isr_vector)
</UL>
<P><STRONG><a name="[13]"></a>DMA6_DMA22_IRQHandler</STRONG> (Thumb, 4 bytes, Stack size unknown bytes, startup_mimxrt1064.o(.text))
<BR>[Address Reference Count : 1]<UL><LI> startup_mimxrt1064.o(.isr_vector)
</UL>
<P><STRONG><a name="[14]"></a>DMA7_DMA23_IRQHandler</STRONG> (Thumb, 4 bytes, Stack size unknown bytes, startup_mimxrt1064.o(.text))
<BR>[Address Reference Count : 1]<UL><LI> startup_mimxrt1064.o(.isr_vector)
</UL>
<P><STRONG><a name="[15]"></a>DMA8_DMA24_IRQHandler</STRONG> (Thumb, 4 bytes, Stack size unknown bytes, startup_mimxrt1064.o(.text))
<BR>[Address Reference Count : 1]<UL><LI> startup_mimxrt1064.o(.isr_vector)
</UL>
<P><STRONG><a name="[16]"></a>DMA9_DMA25_IRQHandler</STRONG> (Thumb, 4 bytes, Stack size unknown bytes, startup_mimxrt1064.o(.text))
<BR>[Address Reference Count : 1]<UL><LI> startup_mimxrt1064.o(.isr_vector)
</UL>
<P><STRONG><a name="[17]"></a>DMA10_DMA26_IRQHandler</STRONG> (Thumb, 4 bytes, Stack size unknown bytes, startup_mimxrt1064.o(.text))
<BR>[Address Reference Count : 1]<UL><LI> startup_mimxrt1064.o(.isr_vector)
</UL>
<P><STRONG><a name="[18]"></a>DMA11_DMA27_IRQHandler</STRONG> (Thumb, 4 bytes, Stack size unknown bytes, startup_mimxrt1064.o(.text))
<BR>[Address Reference Count : 1]<UL><LI> startup_mimxrt1064.o(.isr_vector)
</UL>
<P><STRONG><a name="[19]"></a>DMA12_DMA28_IRQHandler</STRONG> (Thumb, 4 bytes, Stack size unknown bytes, startup_mimxrt1064.o(.text))
<BR>[Address Reference Count : 1]<UL><LI> startup_mimxrt1064.o(.isr_vector)
</UL>
<P><STRONG><a name="[1a]"></a>DMA13_DMA29_IRQHandler</STRONG> (Thumb, 4 bytes, Stack size unknown bytes, startup_mimxrt1064.o(.text))
<BR>[Address Reference Count : 1]<UL><LI> startup_mimxrt1064.o(.isr_vector)
</UL>
<P><STRONG><a name="[1b]"></a>DMA14_DMA30_IRQHandler</STRONG> (Thumb, 4 bytes, Stack size unknown bytes, startup_mimxrt1064.o(.text))
<BR>[Address Reference Count : 1]<UL><LI> startup_mimxrt1064.o(.isr_vector)
</UL>
<P><STRONG><a name="[1c]"></a>DMA15_DMA31_IRQHandler</STRONG> (Thumb, 4 bytes, Stack size unknown bytes, startup_mimxrt1064.o(.text))
<BR>[Address Reference Count : 1]<UL><LI> startup_mimxrt1064.o(.isr_vector)
</UL>
<P><STRONG><a name="[1d]"></a>DMA_ERROR_IRQHandler</STRONG> (Thumb, 4 bytes, Stack size unknown bytes, startup_mimxrt1064.o(.text))
<BR>[Address Reference Count : 1]<UL><LI> startup_mimxrt1064.o(.isr_vector)
</UL>
<P><STRONG><a name="[27]"></a>LPUART7_IRQHandler</STRONG> (Thumb, 4 bytes, Stack size unknown bytes, startup_mimxrt1064.o(.text))
<BR>[Address Reference Count : 1]<UL><LI> startup_mimxrt1064.o(.isr_vector)
</UL>
<P><STRONG><a name="[29]"></a>LPI2C1_IRQHandler</STRONG> (Thumb, 4 bytes, Stack size unknown bytes, startup_mimxrt1064.o(.text))
<BR>[Address Reference Count : 1]<UL><LI> startup_mimxrt1064.o(.isr_vector)
</UL>
<P><STRONG><a name="[2a]"></a>LPI2C2_IRQHandler</STRONG> (Thumb, 4 bytes, Stack size unknown bytes, startup_mimxrt1064.o(.text))
<BR>[Address Reference Count : 1]<UL><LI> startup_mimxrt1064.o(.isr_vector)
</UL>
<P><STRONG><a name="[2b]"></a>LPI2C3_IRQHandler</STRONG> (Thumb, 4 bytes, Stack size unknown bytes, startup_mimxrt1064.o(.text))
<BR>[Address Reference Count : 1]<UL><LI> startup_mimxrt1064.o(.isr_vector)
</UL>
<P><STRONG><a name="[2c]"></a>LPI2C4_IRQHandler</STRONG> (Thumb, 4 bytes, Stack size unknown bytes, startup_mimxrt1064.o(.text))
<BR>[Address Reference Count : 1]<UL><LI> startup_mimxrt1064.o(.isr_vector)
</UL>
<P><STRONG><a name="[2d]"></a>LPSPI1_IRQHandler</STRONG> (Thumb, 4 bytes, Stack size unknown bytes, startup_mimxrt1064.o(.text))
<BR>[Address Reference Count : 1]<UL><LI> startup_mimxrt1064.o(.isr_vector)
</UL>
<P><STRONG><a name="[2e]"></a>LPSPI2_IRQHandler</STRONG> (Thumb, 4 bytes, Stack size unknown bytes, startup_mimxrt1064.o(.text))
<BR>[Address Reference Count : 1]<UL><LI> startup_mimxrt1064.o(.isr_vector)
</UL>
<P><STRONG><a name="[2f]"></a>LPSPI3_IRQHandler</STRONG> (Thumb, 4 bytes, Stack size unknown bytes, startup_mimxrt1064.o(.text))
<BR>[Address Reference Count : 1]<UL><LI> startup_mimxrt1064.o(.isr_vector)
</UL>
<P><STRONG><a name="[30]"></a>LPSPI4_IRQHandler</STRONG> (Thumb, 4 bytes, Stack size unknown bytes, startup_mimxrt1064.o(.text))
<BR>[Address Reference Count : 1]<UL><LI> startup_mimxrt1064.o(.isr_vector)
</UL>
<P><STRONG><a name="[31]"></a>CAN1_IRQHandler</STRONG> (Thumb, 4 bytes, Stack size unknown bytes, startup_mimxrt1064.o(.text))
<BR>[Address Reference Count : 1]<UL><LI> startup_mimxrt1064.o(.isr_vector)
</UL>
<P><STRONG><a name="[32]"></a>CAN2_IRQHandler</STRONG> (Thumb, 4 bytes, Stack size unknown bytes, startup_mimxrt1064.o(.text))
<BR>[Address Reference Count : 1]<UL><LI> startup_mimxrt1064.o(.isr_vector)
</UL>
<P><STRONG><a name="[45]"></a>SAI1_IRQHandler</STRONG> (Thumb, 4 bytes, Stack size unknown bytes, startup_mimxrt1064.o(.text))
<BR>[Address Reference Count : 1]<UL><LI> startup_mimxrt1064.o(.isr_vector)
</UL>
<P><STRONG><a name="[46]"></a>SAI2_IRQHandler</STRONG> (Thumb, 4 bytes, Stack size unknown bytes, startup_mimxrt1064.o(.text))
<BR>[Address Reference Count : 1]<UL><LI> startup_mimxrt1064.o(.isr_vector)
</UL>
<P><STRONG><a name="[47]"></a>SAI3_RX_IRQHandler</STRONG> (Thumb, 4 bytes, Stack size unknown bytes, startup_mimxrt1064.o(.text))
<BR>[Address Reference Count : 1]<UL><LI> startup_mimxrt1064.o(.isr_vector)
</UL>
<P><STRONG><a name="[48]"></a>SAI3_TX_IRQHandler</STRONG> (Thumb, 4 bytes, Stack size unknown bytes, startup_mimxrt1064.o(.text))
<BR>[Address Reference Count : 1]<UL><LI> startup_mimxrt1064.o(.isr_vector)
</UL>
<P><STRONG><a name="[49]"></a>SPDIF_IRQHandler</STRONG> (Thumb, 4 bytes, Stack size unknown bytes, startup_mimxrt1064.o(.text))
<BR>[Address Reference Count : 1]<UL><LI> startup_mimxrt1064.o(.isr_vector)
</UL>
<P><STRONG><a name="[67]"></a>FLEXIO1_IRQHandler</STRONG> (Thumb, 4 bytes, Stack size unknown bytes, startup_mimxrt1064.o(.text))
<BR>[Address Reference Count : 1]<UL><LI> startup_mimxrt1064.o(.isr_vector)
</UL>
<P><STRONG><a name="[68]"></a>FLEXIO2_IRQHandler</STRONG> (Thumb, 4 bytes, Stack size unknown bytes, startup_mimxrt1064.o(.text))
<BR>[Address Reference Count : 1]<UL><LI> startup_mimxrt1064.o(.isr_vector)
</UL>
<P><STRONG><a name="[78]"></a>FLEXSPI2_IRQHandler</STRONG> (Thumb, 4 bytes, Stack size unknown bytes, startup_mimxrt1064.o(.text))
<BR>[Address Reference Count : 1]<UL><LI> startup_mimxrt1064.o(.isr_vector)
</UL>
<P><STRONG><a name="[79]"></a>FLEXSPI_IRQHandler</STRONG> (Thumb, 4 bytes, Stack size unknown bytes, startup_mimxrt1064.o(.text))
<BR>[Address Reference Count : 1]<UL><LI> startup_mimxrt1064.o(.isr_vector)
</UL>
<P><STRONG><a name="[7b]"></a>USDHC1_IRQHandler</STRONG> (Thumb, 4 bytes, Stack size unknown bytes, startup_mimxrt1064.o(.text))
<BR>[Address Reference Count : 1]<UL><LI> startup_mimxrt1064.o(.isr_vector)
</UL>
<P><STRONG><a name="[7c]"></a>USDHC2_IRQHandler</STRONG> (Thumb, 4 bytes, Stack size unknown bytes, startup_mimxrt1064.o(.text))
<BR>[Address Reference Count : 1]<UL><LI> startup_mimxrt1064.o(.isr_vector)
</UL>
<P><STRONG><a name="[7f]"></a>ENET_IRQHandler</STRONG> (Thumb, 4 bytes, Stack size unknown bytes, startup_mimxrt1064.o(.text))
<BR>[Address Reference Count : 1]<UL><LI> startup_mimxrt1064.o(.isr_vector)
</UL>
<P><STRONG><a name="[80]"></a>ENET_1588_Timer_IRQHandler</STRONG> (Thumb, 4 bytes, Stack size unknown bytes, startup_mimxrt1064.o(.text))
<BR>[Address Reference Count : 1]<UL><LI> startup_mimxrt1064.o(.isr_vector)
</UL>
<P><STRONG><a name="[a5]"></a>ENET2_IRQHandler</STRONG> (Thumb, 4 bytes, Stack size unknown bytes, startup_mimxrt1064.o(.text))
<BR>[Address Reference Count : 1]<UL><LI> startup_mimxrt1064.o(.isr_vector)
</UL>
<P><STRONG><a name="[a6]"></a>ENET2_1588_Timer_IRQHandler</STRONG> (Thumb, 4 bytes, Stack size unknown bytes, startup_mimxrt1064.o(.text))
<BR>[Address Reference Count : 1]<UL><LI> startup_mimxrt1064.o(.isr_vector)
</UL>
<P><STRONG><a name="[a7]"></a>CAN3_IRQHandler</STRONG> (Thumb, 4 bytes, Stack size unknown bytes, startup_mimxrt1064.o(.text))
<BR>[Address Reference Count : 1]<UL><LI> startup_mimxrt1064.o(.isr_vector)
</UL>
<P><STRONG><a name="[a9]"></a>FLEXIO3_IRQHandler</STRONG> (Thumb, 4 bytes, Stack size unknown bytes, startup_mimxrt1064.o(.text))
<BR>[Address Reference Count : 1]<UL><LI> startup_mimxrt1064.o(.isr_vector)
</UL>
<P><STRONG><a name="[1ba]"></a>__scatterload</STRONG> (Thumb, 28 bytes, Stack size 0 bytes, init.o(.text))
<BR><BR>[Calls]<UL><LI><a href="#[1bb]">&gt;&gt;</a>&nbsp;&nbsp;&nbsp;__main_after_scatterload
</UL>
<BR>[Called By]<UL><LI><a href="#[1b9]">&gt;&gt;</a>&nbsp;&nbsp;&nbsp;_main_scatterload
</UL>

<P><STRONG><a name="[1c3]"></a>__scatterload_rt2</STRONG> (Thumb, 0 bytes, Stack size 0 bytes, init.o(.text), UNUSED)

<P><STRONG><a name="[ac]"></a>SystemInit</STRONG> (Thumb, 260 bytes, Stack size 0 bytes, system_mimxrt1064.o(.text.SystemInit))
<BR><BR>[Calls]<UL><LI><a href="#[1bc]">&gt;&gt;</a>&nbsp;&nbsp;&nbsp;SystemInitHook
</UL>
<BR>[Address Reference Count : 1]<UL><LI> startup_mimxrt1064.o(.text)
</UL>
<P><STRONG><a name="[1bc]"></a>SystemInitHook</STRONG> (Thumb, 2 bytes, Stack size 0 bytes, system_mimxrt1064.o(.text.SystemInitHook))
<BR><BR>[Called By]<UL><LI><a href="#[ac]">&gt;&gt;</a>&nbsp;&nbsp;&nbsp;SystemInit
</UL>

<P><STRONG><a name="[1c4]"></a>__scatterload_copy</STRONG> (Thumb, 14 bytes, Stack size unknown bytes, handlers.o(i.__scatterload_copy), UNUSED)

<P><STRONG><a name="[1c5]"></a>__scatterload_null</STRONG> (Thumb, 2 bytes, Stack size unknown bytes, handlers.o(i.__scatterload_null), UNUSED)

<P><STRONG><a name="[1c6]"></a>__scatterload_zeroinit</STRONG> (Thumb, 14 bytes, Stack size unknown bytes, handlers.o(i.__scatterload_zeroinit), UNUSED)

<P><STRONG><a name="[ed]"></a>__aeabi_uldivmod</STRONG> (Thumb, 98 bytes, Stack size 40 bytes, uldiv.o(.text))
<BR><BR>[Stack]<UL><LI>Max Depth = 40<LI>Call Chain = __aeabi_uldivmod
</UL>
<BR>[Calls]<UL><LI><a href="#[ee]">&gt;&gt;</a>&nbsp;&nbsp;&nbsp;__aeabi_llsr
<LI><a href="#[ef]">&gt;&gt;</a>&nbsp;&nbsp;&nbsp;__aeabi_llsl
</UL>
<BR>[Called By]<UL><LI><a href="#[12a]">&gt;&gt;</a>&nbsp;&nbsp;&nbsp;LPSPI_MasterInit
<LI><a href="#[11b]">&gt;&gt;</a>&nbsp;&nbsp;&nbsp;DbgConsole_Vprintf
<LI><a href="#[1a8]">&gt;&gt;</a>&nbsp;&nbsp;&nbsp;_printf_core
<LI><a href="#[1b4]">&gt;&gt;</a>&nbsp;&nbsp;&nbsp;_fp_digits
<LI><a href="#[f0]">&gt;&gt;</a>&nbsp;&nbsp;&nbsp;__aeabi_ldivmod
</UL>

<P><STRONG><a name="[f0]"></a>__aeabi_ldivmod</STRONG> (Thumb, 98 bytes, Stack size 24 bytes, ldiv.o(.text))
<BR><BR>[Stack]<UL><LI>Max Depth = 64<LI>Call Chain = __aeabi_ldivmod &rArr; __aeabi_uldivmod
</UL>
<BR>[Calls]<UL><LI><a href="#[ed]">&gt;&gt;</a>&nbsp;&nbsp;&nbsp;__aeabi_uldivmod
</UL>
<BR>[Called By]<UL><LI><a href="#[11b]">&gt;&gt;</a>&nbsp;&nbsp;&nbsp;DbgConsole_Vprintf
</UL>

<P><STRONG><a name="[168]"></a>abs</STRONG> (Thumb, 8 bytes, Stack size 0 bytes, siabs.o(.text))
<BR><BR>[Called By]<UL><LI><a href="#[169]">&gt;&gt;</a>&nbsp;&nbsp;&nbsp;find_middle
<LI><a href="#[167]">&gt;&gt;</a>&nbsp;&nbsp;&nbsp;find_longest
<LI><a href="#[138]">&gt;&gt;</a>&nbsp;&nbsp;&nbsp;pit_handler_2
</UL>

<P><STRONG><a name="[1c7]"></a>____aeabi_memcpy4$ret$move</STRONG> (Thumb, 0 bytes, Stack size 8 bytes, memmove.o(.text), UNUSED)

<P><STRONG><a name="[1c8]"></a>____aeabi_memcpy8$ret$move</STRONG> (Thumb, 0 bytes, Stack size 8 bytes, memmove.o(.text), UNUSED)

<P><STRONG><a name="[1c9]"></a>___aeabi_memmove$ret</STRONG> (Thumb, 0 bytes, Stack size 8 bytes, memmove.o(.text), UNUSED)

<P><STRONG><a name="[1ca]"></a>___aeabi_memmove4$ret</STRONG> (Thumb, 0 bytes, Stack size 8 bytes, memmove.o(.text), UNUSED)

<P><STRONG><a name="[1cb]"></a>___aeabi_memmove8$ret</STRONG> (Thumb, 0 bytes, Stack size 8 bytes, memmove.o(.text), UNUSED)

<P><STRONG><a name="[1cc]"></a>__aeabi_memcpy</STRONG> (Thumb, 66 bytes, Stack size 8 bytes, memmove.o(.text), UNUSED)

<P><STRONG><a name="[11f]"></a>memcpy</STRONG> (Thumb, 0 bytes, Stack size 8 bytes, memmove.o(.text))
<BR><BR>[Stack]<UL><LI>Max Depth = 8<LI>Call Chain = memcpy
</UL>
<BR>[Called By]<UL><LI><a href="#[163]">&gt;&gt;</a>&nbsp;&nbsp;&nbsp;fifo_read_buffer
<LI><a href="#[165]">&gt;&gt;</a>&nbsp;&nbsp;&nbsp;fifo_write_buffer
<LI><a href="#[11b]">&gt;&gt;</a>&nbsp;&nbsp;&nbsp;DbgConsole_Vprintf
</UL>

<P><STRONG><a name="[1cd]"></a>memmove</STRONG> (Thumb, 0 bytes, Stack size 8 bytes, memmove.o(.text), UNUSED)

<P><STRONG><a name="[f2]"></a>__aeabi_memset</STRONG> (Thumb, 14 bytes, Stack size 0 bytes, memseta.o(.text))
<BR><BR>[Called By]<UL><LI><a href="#[f3]">&gt;&gt;</a>&nbsp;&nbsp;&nbsp;memset
[...]
<LI><a href="#[10d]">&gt;&gt;</a>&nbsp;&nbsp;&nbsp;BOARD_DebugConsoleSrcFreq
<LI><a href="#[1a1]">&gt;&gt;</a>&nbsp;&nbsp;&nbsp;uart_iomuxc
</UL>
<BR>[Called By]<UL><LI><a href="#[188]">&gt;&gt;</a>&nbsp;&nbsp;&nbsp;mt9v03x_init
<LI><a href="#[15b]">&gt;&gt;</a>&nbsp;&nbsp;&nbsp;debug_init
<LI><a href="#[1a4]">&gt;&gt;</a>&nbsp;&nbsp;&nbsp;wireless_uart_init
</UL>

<P><STRONG><a name="[1a1]"></a>uart_iomuxc</STRONG> (Thumb, 800 bytes, Stack size 32 bytes, zf_driver_uart.o(.text.uart_iomuxc))
<BR><BR>[Stack]<UL><LI>Max Depth = 544<LI>Call Chain = uart_iomuxc &rArr; debug_assert_handler &rArr; pwm_set_duty &rArr;  debug_assert_handler (Cycle)
</UL>
<BR>[Calls]<UL><LI><a href="#[155]">&gt;&gt;</a>&nbsp;&nbsp;&nbsp;afio_init
<LI><a href="#[157]">&gt;&gt;</a>&nbsp;&nbsp;&nbsp;debug_assert_handler
</UL>
<BR>[Called By]<UL><LI><a href="#[15c]">&gt;&gt;</a>&nbsp;&nbsp;&nbsp;uart_init
</UL>

<P><STRONG><a name="[194]"></a>uart_query_byte</STRONG> (Thumb, 56 bytes, Stack size 0 bytes, zf_driver_uart.o(.text.uart_query_byte))
<BR><BR>[Called By]<UL><LI><a href="#[12f]">&gt;&gt;</a>&nbsp;&nbsp;&nbsp;my_uart_callback
<LI><a href="#[ea]">&gt;&gt;</a>&nbsp;&nbsp;&nbsp;mt9v03x_uart_callback
<LI><a href="#[2]">&gt;&gt;</a>&nbsp;&nbsp;&nbsp;wireless_uart_callback
</UL>

<P><STRONG><a name="[18c]"></a>uart_rx_interrupt</STRONG> (Thumb, 56 bytes, Stack size 8 bytes, zf_driver_uart.o(.text.uart_rx_interrupt))
<BR><BR>[Stack]<UL><LI>Max Depth = 8<LI>Call Chain = uart_rx_interrupt
</UL>
<BR>[Calls]<UL><LI><a href="#[18e]">&gt;&gt;</a>&nbsp;&nbsp;&nbsp;interrupt_enable
<LI><a href="#[1a3]">&gt;&gt;</a>&nbsp;&nbsp;&nbsp;LPUART_DisableInterrupts
<LI><a href="#[1a2]">&gt;&gt;</a>&nbsp;&nbsp;&nbsp;LPUART_EnableInterrupts
</UL>
<BR>[Called By]<UL><LI><a href="#[188]">&gt;&gt;</a>&nbsp;&nbsp;&nbsp;mt9v03x_init
<LI><a href="#[1a4]">&gt;&gt;</a>&nbsp;&nbsp;&nbsp;wireless_uart_init
</UL>

<P><STRONG><a name="[18d]"></a>uart_write_buffer</STRONG> (Thumb, 22 bytes, Stack size 0 bytes, zf_driver_uart.o(.text.uart_write_buffer))
<BR><BR>[Stack]<UL><LI>Max Depth = 440<LI>Call Chain = uart_write_buffer &rArr; LPUART_WriteBlocking &rArr; __aeabi_assert &rArr; DbgConsole_Printf &rArr; DbgConsole_Vprintf &rArr; __hardfp_pow &rArr; sqrt
</UL>
<BR>[Calls]<UL><LI><a href="#[134]">&gt;&gt;</a>&nbsp;&nbsp;&nbsp;LPUART_WriteBlocking
</UL>
<BR>[Called By]<UL><LI><a href="#[192]">&gt;&gt;</a>&nbsp;&nbsp;&nbsp;mt9v03x_set_exposure_time
<LI><a href="#[188]">&gt;&gt;</a>&nbsp;&nbsp;&nbsp;mt9v03x_init
</UL>

<P><STRONG><a name="[15f]"></a>uart_write_string</STRONG> (Thumb, 38 bytes, Stack size 0 bytes, zf_driver_uart.o(.text.uart_write_string))
<BR><BR>[Called By]<UL><LI><a href="#[e7]">&gt;&gt;</a>&nbsp;&nbsp;&nbsp;debug_uart_str_output
</UL>

<P><STRONG><a name="[2]"></a>wireless_uart_callback</STRONG> (Thumb, 1688 bytes, Stack size 8 bytes, zf_device_wireless_uart.o(.text.wireless_uart_callback))
<BR><BR>[Stack]<UL><LI>Max Depth = 680<LI>Call Chain = wireless_uart_callback &rArr; imu660ra_init &rArr; spi_init &rArr; spi_iomuxc &rArr; debug_assert_handler &rArr; pwm_set_duty &rArr;  debug_assert_handler (Cycle)
</UL>
<BR>[Calls]<UL><LI><a href="#[1a5]">&gt;&gt;</a>&nbsp;&nbsp;&nbsp;gpio_toggle_level
<LI><a href="#[165]">&gt;&gt;</a>&nbsp;&nbsp;&nbsp;fifo_write_buffer
<LI><a href="#[194]">&gt;&gt;</a>&nbsp;&nbsp;&nbsp;uart_query_byte
<LI><a href="#[171]">&gt;&gt;</a>&nbsp;&nbsp;&nbsp;imu660ra_init
<LI><a href="#[16a]">&gt;&gt;</a>&nbsp;&nbsp;&nbsp;gpio_init
<LI><a href="#[16e]">&gt;&gt;</a>&nbsp;&nbsp;&nbsp;pit_init
<LI><a href="#[111]">&gt;&gt;</a>&nbsp;&nbsp;&nbsp;CLOCK_GetFreq
<LI><a href="#[185]">&gt;&gt;</a>&nbsp;&nbsp;&nbsp;interrupt_global_enable
<LI><a href="#[184]">&gt;&gt;</a>&nbsp;&nbsp;&nbsp;interrupt_set_priority
<LI><a href="#[180]">&gt;&gt;</a>&nbsp;&nbsp;&nbsp;my_encoder_init
<LI><a href="#[17f]">&gt;&gt;</a>&nbsp;&nbsp;&nbsp;my_motor_init
<LI><a href="#[16d]">&gt;&gt;</a>&nbsp;&nbsp;&nbsp;system_delay_ms
<LI><a href="#[15b]">&gt;&gt;</a>&nbsp;&nbsp;&nbsp;debug_init
<LI><a href="#[14b]">&gt;&gt;</a>&nbsp;&nbsp;&nbsp;clock_init
<LI><a href="#[1a4]">&gt;&gt;</a>&nbsp;&nbsp;&nbsp;wireless_uart_init
<LI><a href="#[f3]">&gt;&gt;</a>&nbsp;&nbsp;&nbsp;memset
</UL>
<BR>[Address Reference Count : 2]<UL><LI> zf_device_wireless_uart.o(.text.wireless_uart_init)
<LI> zf_device_type.o(.data.wireless_module_uart_handler)
</UL>
<P><STRONG><a name="[1a4]"></a>wireless_uart_init</STRONG> (Thumb, 80 bytes, Stack size 8 bytes, zf_device_wireless_uart.o(.text.wireless_uart_init))
<BR><BR>[Stack]<UL><LI>Max Depth = 592<LI>Call Chain = wireless_uart_init &rArr; uart_init &rArr; uart_iomuxc &rArr; debug_assert_handler &rArr; pwm_set_duty &rArr;  debug_assert_handler (Cycle)
</UL>
<BR>[Calls]<UL><LI><a href="#[18c]">&gt;&gt;</a>&nbsp;&nbsp;&nbsp;uart_rx_interrupt
<LI><a href="#[14a]">&gt;&gt;</a>&nbsp;&nbsp;&nbsp;fifo_init
<LI><a href="#[15c]">&gt;&gt;</a>&nbsp;&nbsp;&nbsp;uart_init
<LI><a href="#[16a]">&gt;&gt;</a>&nbsp;&nbsp;&nbsp;gpio_init
<LI><a href="#[1a6]">&gt;&gt;</a>&nbsp;&nbsp;&nbsp;set_wireless_type
</UL>
<BR>[Called By]<UL><LI><a href="#[2]">&gt;&gt;</a>&nbsp;&nbsp;&nbsp;wireless_uart_callback
</UL>

<P><STRONG><a name="[1a7]"></a>__0sprintf</STRONG> (Thumb, 34 bytes, Stack size 24 bytes, printfa.o(i.__0sprintf), UNUSED)
<BR><BR>[Calls]<UL><LI><a href="#[ec]">&gt;&gt;</a>&nbsp;&nbsp;&nbsp;_sputc
<LI><a href="#[1a8]">&gt;&gt;</a>&nbsp;&nbsp;&nbsp;_printf_core
</UL>

<P><STRONG><a name="[1da]"></a>__1sprintf</STRONG> (Thumb, 0 bytes, Stack size 24 bytes, printfa.o(i.__0sprintf), UNUSED)

<P><STRONG><a name="[15e]"></a>__2sprintf</STRONG> (Thumb, 0 bytes, Stack size 24 bytes, printfa.o(i.__0sprintf))
<BR><BR>[Stack]<UL><LI>Max Depth = 24<LI>Call Chain = __2sprintf
</UL>
<BR>[Called By]<UL><LI><a href="#[15a]">&gt;&gt;</a>&nbsp;&nbsp;&nbsp;debug_output
</UL>

<P><STRONG><a name="[1db]"></a>__c89sprintf</STRONG> (Thumb, 0 bytes, Stack size 24 bytes, printfa.o(i.__0sprintf), UNUSED)

<P><STRONG><a name="[1dc]"></a>sprintf</STRONG> (Thumb, 0 bytes, Stack size 24 bytes, printfa.o(i.__0sprintf), UNUSED)

<P><STRONG><a name="[1b3]"></a>__ARM_fpclassify</STRONG> (Thumb, 48 bytes, Stack size 8 bytes, fpclassify.o(i.__ARM_fpclassify))
<BR><BR>[Stack]<UL><LI>Max Depth = 8<LI>Call Chain = __ARM_fpclassify
</UL>
<BR>[Called By]<UL><LI><a href="#[11e]">&gt;&gt;</a>&nbsp;&nbsp;&nbsp;__hardfp_pow
</UL>

<P><STRONG><a name="[11c]"></a>__hardfp_modf</STRONG> (Thumb, 186 bytes, Stack size 24 bytes, modf.o(i.__hardfp_modf))
<BR><BR>[Stack]<UL><LI>Max Depth = 24<LI>Call Chain = __hardfp_modf
</UL>
<BR>[Called By]<UL><LI><a href="#[11b]">&gt;&gt;</a>&nbsp;&nbsp;&nbsp;DbgConsole_Vprintf
</UL>

<P><STRONG><a name="[11e]"></a>__hardfp_pow</STRONG> (Thumb, 2108 bytes, Stack size 192 bytes, pow.o(i.__hardfp_pow))
<BR><BR>[Stack]<UL><LI>Max Depth = 216<LI>Call Chain = __hardfp_pow &rArr; sqrt
</UL>
<BR>[Calls]<UL><LI><a href="#[1ad]">&gt;&gt;</a>&nbsp;&nbsp;&nbsp;sqrt
<LI><a href="#[1b2]">&gt;&gt;</a>&nbsp;&nbsp;&nbsp;__ARM_scalbn
<LI><a href="#[1aa]">&gt;&gt;</a>&nbsp;&nbsp;&nbsp;__set_errno
<LI><a href="#[1b1]">&gt;&gt;</a>&nbsp;&nbsp;&nbsp;__kernel_poly
<LI><a href="#[1b3]">&gt;&gt;</a>&nbsp;&nbsp;&nbsp;__ARM_fpclassify
<LI><a href="#[1ae]">&gt;&gt;</a>&nbsp;&nbsp;&nbsp;fabs
<LI><a href="#[1b0]">&gt;&gt;</a>&nbsp;&nbsp;&nbsp;__mathlib_dbl_underflow
<LI><a href="#[1ac]">&gt;&gt;</a>&nbsp;&nbsp;&nbsp;__mathlib_dbl_overflow
<LI><a href="#[1af]">&gt;&gt;</a>&nbsp;&nbsp;&nbsp;__mathlib_dbl_invalid
<LI><a href="#[1a9]">&gt;&gt;</a>&nbsp;&nbsp;&nbsp;__mathlib_dbl_infnan2
<LI><a href="#[1ab]">&gt;&gt;</a>&nbsp;&nbsp;&nbsp;__mathlib_dbl_divzero
</UL>
<BR>[Called By]<UL><LI><a href="#[11b]">&gt;&gt;</a>&nbsp;&nbsp;&nbsp;DbgConsole_Vprintf
</UL>

<P><STRONG><a name="[1b1]"></a>__kernel_poly</STRONG> (Thumb, 112 bytes, Stack size 0 bytes, poly.o(i.__kernel_poly))
<BR><BR>[Called By]<UL><LI><a href="#[11e]">&gt;&gt;</a>&nbsp;&nbsp;&nbsp;__hardfp_pow
</UL>

<P><STRONG><a name="[1ab]"></a>__mathlib_dbl_divzero</STRONG> (Thumb, 14 bytes, Stack size 0 bytes, dunder.o(i.__mathlib_dbl_divzero))
<BR><BR>[Called By]<UL><LI><a href="#[11e]">&gt;&gt;</a>&nbsp;&nbsp;&nbsp;__hardfp_pow
</UL>

<P><STRONG><a name="[1a9]"></a>__mathlib_dbl_infnan2</STRONG> (Thumb, 6 bytes, Stack size 0 bytes, dunder.o(i.__mathlib_dbl_infnan2))
<BR><BR>[Called By]<UL><LI><a href="#[11e]">&gt;&gt;</a>&nbsp;&nbsp;&nbsp;__hardfp_pow
</UL>

<P><STRONG><a name="[1af]"></a>__mathlib_dbl_invalid</STRONG> (Thumb, 10 bytes, Stack size 0 bytes, dunder.o(i.__mathlib_dbl_invalid))
<BR><BR>[Called By]<UL><LI><a href="#[11e]">&gt;&gt;</a>&nbsp;&nbsp;&nbsp;__hardfp_pow
</UL>

<P><STRONG><a name="[1ac]"></a>__mathlib_dbl_overflow</STRONG> (Thumb, 10 bytes, Stack size 0 bytes, dunder.o(i.__mathlib_dbl_overflow))
<BR><BR>[Called By]<UL><LI><a href="#[11e]">&gt;&gt;</a>&nbsp;&nbsp;&nbsp;__hardfp_pow
</UL>

<P><STRONG><a name="[1b0]"></a>__mathlib_dbl_underflow</STRONG> (Thumb, 10 bytes, Stack size 0 bytes, dunder.o(i.__mathlib_dbl_underflow))
<BR><BR>[Called By]<UL><LI><a href="#[11e]">&gt;&gt;</a>&nbsp;&nbsp;&nbsp;__hardfp_pow
</UL>

<P><STRONG><a name="[1aa]"></a>__set_errno</STRONG> (Thumb, 6 bytes, Stack size 0 bytes, errno.o(i.__set_errno))
<BR><BR>[Called By]<UL><LI><a href="#[1ad]">&gt;&gt;</a>&nbsp;&nbsp;&nbsp;sqrt
<LI><a href="#[11e]">&gt;&gt;</a>&nbsp;&nbsp;&nbsp;__hardfp_pow
</UL>

<P><STRONG><a name="[1ae]"></a>fabs</STRONG> (Thumb, 24 bytes, Stack size 8 bytes, fabs.o(i.fabs))
<BR><BR>[Stack]<UL><LI>Max Depth = 8<LI>Call Chain = fabs
</UL>
<BR>[Called By]<UL><LI><a href="#[11e]">&gt;&gt;</a>&nbsp;&nbsp;&nbsp;__hardfp_pow
</UL>

<P><STRONG><a name="[1ad]"></a>sqrt</STRONG> (Thumb, 106 bytes, Stack size 24 bytes, sqrt.o(i.sqrt))
<BR><BR>[Stack]<UL><LI>Max Depth = 24<LI>Call Chain = sqrt
</UL>
<BR>[Calls]<UL><LI><a href="#[1aa]">&gt;&gt;</a>&nbsp;&nbsp;&nbsp;__set_errno
</UL>
<BR>[Called By]<UL><LI><a href="#[11e]">&gt;&gt;</a>&nbsp;&nbsp;&nbsp;__hardfp_pow
</UL>
<P>
<H3>
Local Symbols
</H3>
<P><STRONG><a name="[15a]"></a>debug_output</STRONG> (Thumb, 784 bytes, Stack size 376 bytes, zf_common_debug.o(.text.debug_output))
<BR><BR>[Stack]<UL><LI>Max Depth = 400<LI>Call Chain = debug_output &rArr; __2sprintf
</UL>
<BR>[Calls]<UL><LI><a href="#[15e]">&gt;&gt;</a>&nbsp;&nbsp;&nbsp;__2sprintf
<LI><a href="#[11d]">&gt;&gt;</a>&nbsp;&nbsp;&nbsp;strlen
<LI><a href="#[f3]">&gt;&gt;</a>&nbsp;&nbsp;&nbsp;memset
</UL>
<BR>[Called By]<UL><LI><a href="#[15d]">&gt;&gt;</a>&nbsp;&nbsp;&nbsp;debug_log_handler
<LI><a href="#[157]">&gt;&gt;</a>&nbsp;&nbsp;&nbsp;debug_assert_handler
</UL>

<P><STRONG><a name="[e7]"></a>debug_uart_str_output</STRONG> (Thumb, 8 bytes, Stack size 0 bytes, zf_common_debug.o(.text.debug_uart_str_output))
<BR><BR>[Calls]<UL><LI><a href="#[15f]">&gt;&gt;</a>&nbsp;&nbsp;&nbsp;uart_write_string
</UL>
<BR>[Address Reference Count : 1]<UL><LI> zf_common_debug.o(.text.debug_init)
</UL>
<P><STRONG><a name="[19e]"></a>soft_iic_send_data</STRONG> (Thumb, 358 bytes, Stack size 32 bytes, zf_driver_soft_iic.o(.text.soft_iic_send_data))
<BR><BR>[Stack]<UL><LI>Max Depth = 544<LI>Call Chain = soft_iic_send_data &rArr; debug_assert_handler &rArr; pwm_set_duty &rArr;  debug_assert_handler (Cycle)
</UL>
<BR>[Calls]<UL><LI><a href="#[19c]">&gt;&gt;</a>&nbsp;&nbsp;&nbsp;gpio_set_dir
<LI><a href="#[19d]">&gt;&gt;</a>&nbsp;&nbsp;&nbsp;gpio_get_level
<LI><a href="#[157]">&gt;&gt;</a>&nbsp;&nbsp;&nbsp;debug_assert_handler
</UL>
<BR>[Called By]<UL><LI><a href="#[190]">&gt;&gt;</a>&nbsp;&nbsp;&nbsp;soft_iic_sccb_read_register
<LI><a href="#[195]">&gt;&gt;</a>&nbsp;&nbsp;&nbsp;soft_iic_sccb_write_register
</UL>

<P><STRONG><a name="[19b]"></a>soft_iic_read_data</STRONG> (Thumb, 374 bytes, Stack size 32 bytes, zf_driver_soft_iic.o(.text.soft_iic_read_data))
<BR><BR>[Stack]<UL><LI>Max Depth = 544<LI>Call Chain = soft_iic_read_data &rArr; debug_assert_handler &rArr; pwm_set_duty &rArr;  debug_assert_handler (Cycle)
</UL>
<BR>[Calls]<UL><LI><a href="#[19c]">&gt;&gt;</a>&nbsp;&nbsp;&nbsp;gpio_set_dir
<LI><a href="#[19d]">&gt;&gt;</a>&nbsp;&nbsp;&nbsp;gpio_get_level
<LI><a href="#[157]">&gt;&gt;</a>&nbsp;&nbsp;&nbsp;debug_assert_handler
</UL>
<BR>[Called By]<UL><LI><a href="#[190]">&gt;&gt;</a>&nbsp;&nbsp;&nbsp;soft_iic_sccb_read_register
</UL>

<P><STRONG><a name="[175]"></a>ips114_set_region</STRONG> (Thumb, 346 bytes, Stack size 48 bytes, zf_device_ips114.o(.text.ips114_set_region))
<BR><BR>[Stack]<UL><LI>Max Depth = 600<LI>Call Chain = ips114_set_region &rArr; spi_write_16bit &rArr; debug_assert_handler &rArr; pwm_set_duty &rArr;  debug_assert_handler (Cycle)
</UL>
<BR>[Calls]<UL><LI><a href="#[157]">&gt;&gt;</a>&nbsp;&nbsp;&nbsp;debug_assert_handler
<LI><a href="#[176]">&gt;&gt;</a>&nbsp;&nbsp;&nbsp;spi_write_16bit
<LI><a href="#[179]">&gt;&gt;</a>&nbsp;&nbsp;&nbsp;spi_write_8bit
</UL>
<BR>[Called By]<UL><LI><a href="#[177]">&gt;&gt;</a>&nbsp;&nbsp;&nbsp;ips114_draw_line
<LI><a href="#[178]">&gt;&gt;</a>&nbsp;&nbsp;&nbsp;ips114_init
<LI><a href="#[17c]">&gt;&gt;</a>&nbsp;&nbsp;&nbsp;ips114_show_char
<LI><a href="#[e9]">&gt;&gt;</a>&nbsp;&nbsp;&nbsp;ips114_clear
</UL>

<P><STRONG><a name="[ea]"></a>mt9v03x_uart_callback</STRONG> (Thumb, 60 bytes, Stack size 16 bytes, zf_device_mt9v03x.o(.text.mt9v03x_uart_callback))
<BR><BR>[Stack]<UL><LI>Max Depth = 544<LI>Call Chain = mt9v03x_uart_callback &rArr; fifo_write_element &rArr; debug_assert_handler &rArr; pwm_set_duty &rArr;  debug_assert_handler (Cycle)
</UL>
<BR>[Calls]<UL><LI><a href="#[166]">&gt;&gt;</a>&nbsp;&nbsp;&nbsp;fifo_write_element
<LI><a href="#[162]">&gt;&gt;</a>&nbsp;&nbsp;&nbsp;fifo_clear
<LI><a href="#[194]">&gt;&gt;</a>&nbsp;&nbsp;&nbsp;uart_query_byte
</UL>
<BR>[Address Reference Count : 1]<UL><LI> zf_device_mt9v03x.o(.text.mt9v03x_init)
</UL>
<P><STRONG><a name="[112]"></a>CLOCK_GetPeriphClkFreq</STRONG> (Thumb, 798 bytes, Stack size 0 bytes, fsl_clock.o(.text.CLOCK_GetPeriphClkFreq))
<BR><BR>[Called By]<UL><LI><a href="#[111]">&gt;&gt;</a>&nbsp;&nbsp;&nbsp;CLOCK_GetFreq
<LI><a href="#[113]">&gt;&gt;</a>&nbsp;&nbsp;&nbsp;CLOCK_GetSemcFreq
</UL>

<P><STRONG><a name="[12c]"></a>LPSPI_SeparateReadData</STRONG> (Thumb, 152 bytes, Stack size 0 bytes, fsl_lpspi.o(.text.LPSPI_SeparateReadData))
<BR><BR>[Stack]<UL><LI>Max Depth = 440<LI>Call Chain = LPSPI_SeparateReadData &rArr; __aeabi_assert &rArr; DbgConsole_Printf &rArr; DbgConsole_Vprintf &rArr; __hardfp_pow &rArr; sqrt
</UL>
<BR>[Calls]<UL><LI><a href="#[110]">&gt;&gt;</a>&nbsp;&nbsp;&nbsp;__aeabi_assert
</UL>
<BR>[Called By]<UL><LI><a href="#[12b]">&gt;&gt;</a>&nbsp;&nbsp;&nbsp;LPSPI_MasterTransferBlocking
<LI><a href="#[127]">&gt;&gt;</a>&nbsp;&nbsp;&nbsp;LPSPI_MasterTransferHandleIRQ
<LI><a href="#[126]">&gt;&gt;</a>&nbsp;&nbsp;&nbsp;LPSPI_SlaveTransferHandleIRQ
</UL>

<P><STRONG><a name="[12d]"></a>LPSPI_MasterTransferFillUpTxFifo</STRONG> (Thumb, 156 bytes, Stack size 32 bytes, fsl_lpspi.o(.text.LPSPI_MasterTransferFillUpTxFifo))
<BR><BR>[Stack]<UL><LI>Max Depth = 472<LI>Call Chain = LPSPI_MasterTransferFillUpTxFifo &rArr; LPSPI_CombineWriteData &rArr; __aeabi_assert &rArr; DbgConsole_Printf &rArr; DbgConsole_Vprintf &rArr; __hardfp_pow &rArr; sqrt
</UL>
<BR>[Calls]<UL><LI><a href="#[128]">&gt;&gt;</a>&nbsp;&nbsp;&nbsp;LPSPI_CombineWriteData
</UL>
<BR>[Called By]<UL><LI><a href="#[127]">&gt;&gt;</a>&nbsp;&nbsp;&nbsp;LPSPI_MasterTransferHandleIRQ
</UL>

<P><STRONG><a name="[128]"></a>LPSPI_CombineWriteData</STRONG> (Thumb, 160 bytes, Stack size 0 bytes, fsl_lpspi.o(.text.LPSPI_CombineWriteData))
<BR><BR>[Stack]<UL><LI>Max Depth = 440<LI>Call Chain = LPSPI_CombineWriteData &rArr; __aeabi_assert &rArr; DbgConsole_Printf &rArr; DbgConsole_Vprintf &rArr; __hardfp_pow &rArr; sqrt
</UL>
<BR>[Calls]<UL><LI><a href="#[110]">&gt;&gt;</a>&nbsp;&nbsp;&nbsp;__aeabi_assert
</UL>
<BR>[Called By]<UL><LI><a href="#[12b]">&gt;&gt;</a>&nbsp;&nbsp;&nbsp;LPSPI_MasterTransferBlocking
<LI><a href="#[12d]">&gt;&gt;</a>&nbsp;&nbsp;&nbsp;LPSPI_MasterTransferFillUpTxFifo
<LI><a href="#[126]">&gt;&gt;</a>&nbsp;&nbsp;&nbsp;LPSPI_SlaveTransferHandleIRQ
</UL>

<P><STRONG><a name="[146]"></a>USB_DeviceEhciCancelControlPipe</STRONG> (Thumb, 198 bytes, Stack size 48 bytes, usb_device_ehci.o(.text.USB_DeviceEhciCancelControlPipe))
<BR><BR>[Stack]<UL><LI>Max Depth = 80<LI>Call Chain = USB_DeviceEhciCancelControlPipe &rArr; USB_DeviceNotificationTrigger
</UL>
<BR>[Calls]<UL><LI><a href="#[147]">&gt;&gt;</a>&nbsp;&nbsp;&nbsp;USB_DeviceNotificationTrigger
</UL>
<BR>[Called By]<UL><LI><a href="#[148]">&gt;&gt;</a>&nbsp;&nbsp;&nbsp;USB_DeviceEhciIsrFunction
</UL>

<P><STRONG><a name="[191]"></a>mt9v03x_write_word_sccb</STRONG> (Thumb, 50 bytes, Stack size 16 bytes, zf_device_config.o(.text.mt9v03x_write_word_sccb))
<BR><BR>[Stack]<UL><LI>Max Depth = 592<LI>Call Chain = mt9v03x_write_word_sccb &rArr; soft_iic_sccb_write_register &rArr; soft_iic_send_data &rArr; debug_assert_handler &rArr; pwm_set_duty &rArr;  debug_assert_handler (Cycle)
</UL>
<BR>[Calls]<UL><LI><a href="#[195]">&gt;&gt;</a>&nbsp;&nbsp;&nbsp;soft_iic_sccb_write_register
</UL>
<BR>[Called By]<UL><LI><a href="#[18b]">&gt;&gt;</a>&nbsp;&nbsp;&nbsp;mt9v03x_set_config_sccb
<LI><a href="#[193]">&gt;&gt;</a>&nbsp;&nbsp;&nbsp;mt9v03x_set_exposure_time_sccb
</UL>

<P><STRONG><a name="[18f]"></a>mt9v03x_read_word_sccb</STRONG> (Thumb, 60 bytes, Stack size 16 bytes, zf_device_config.o(.text.mt9v03x_read_word_sccb))
<BR><BR>[Stack]<UL><LI>Max Depth = 592<LI>Call Chain = mt9v03x_read_word_sccb &rArr; soft_iic_sccb_read_register &rArr; soft_iic_read_data &rArr; debug_assert_handler &rArr; pwm_set_duty &rArr;  debug_assert_handler (Cycle)
</UL>
<BR>[Calls]<UL><LI><a href="#[190]">&gt;&gt;</a>&nbsp;&nbsp;&nbsp;soft_iic_sccb_read_register
</UL>
<BR>[Called By]<UL><LI><a href="#[18b]">&gt;&gt;</a>&nbsp;&nbsp;&nbsp;mt9v03x_set_config_sccb
</UL>

<P><STRONG><a name="[1b4]"></a>_fp_digits</STRONG> (Thumb, 366 bytes, Stack size 64 bytes, printfa.o(i._fp_digits), UNUSED)
<BR><BR>[Calls]<UL><LI><a href="#[ff]">&gt;&gt;</a>&nbsp;&nbsp;&nbsp;__aeabi_dmul
<LI><a href="#[100]">&gt;&gt;</a>&nbsp;&nbsp;&nbsp;__aeabi_ddiv
<LI><a href="#[f9]">&gt;&gt;</a>&nbsp;&nbsp;&nbsp;__aeabi_dadd
<LI><a href="#[101]">&gt;&gt;</a>&nbsp;&nbsp;&nbsp;__aeabi_d2ulz
<LI><a href="#[1b5]">&gt;&gt;</a>&nbsp;&nbsp;&nbsp;__aeabi_cdrcmple
<LI><a href="#[ed]">&gt;&gt;</a>&nbsp;&nbsp;&nbsp;__aeabi_uldivmod
</UL>
<BR>[Called By]<UL><LI><a href="#[1a8]">&gt;&gt;</a>&nbsp;&nbsp;&nbsp;_printf_core
</UL>

<P><STRONG><a name="[1a8]"></a>_printf_core</STRONG> (Thumb, 1744 bytes, Stack size 136 bytes, printfa.o(i._printf_core), UNUSED)
<BR><BR>[Calls]<UL><LI><a href="#[1b6]">&gt;&gt;</a>&nbsp;&nbsp;&nbsp;_printf_pre_padding
<LI><a href="#[1b7]">&gt;&gt;</a>&nbsp;&nbsp;&nbsp;_printf_post_padding
<LI><a href="#[1b4]">&gt;&gt;</a>&nbsp;&nbsp;&nbsp;_fp_digits
<LI><a href="#[ed]">&gt;&gt;</a>&nbsp;&nbsp;&nbsp;__aeabi_uldivmod
<LI><a href="#[1b8]">&gt;&gt;</a>&nbsp;&nbsp;&nbsp;__aeabi_uidivmod
</UL>
<BR>[Called By]<UL><LI><a href="#[1a7]">&gt;&gt;</a>&nbsp;&nbsp;&nbsp;__0sprintf
</UL>

<P><STRONG><a name="[1b7]"></a>_printf_post_padding</STRONG> (Thumb, 36 bytes, Stack size 24 bytes, printfa.o(i._printf_post_padding), UNUSED)
<BR><BR>[Called By]<UL><LI><a href="#[1a8]">&gt;&gt;</a>&nbsp;&nbsp;&nbsp;_printf_core
</UL>

<P><STRONG><a name="[1b6]"></a>_printf_pre_padding</STRONG> (Thumb, 46 bytes, Stack size 24 bytes, printfa.o(i._printf_pre_padding), UNUSED)
<BR><BR>[Called By]<UL><LI><a href="#[1a8]">&gt;&gt;</a>&nbsp;&nbsp;&nbsp;_printf_core
</UL>

<P><STRONG><a name="[ec]"></a>_sputc</STRONG> (Thumb, 10 bytes, Stack size 0 bytes, printfa.o(i._sputc))
<BR><BR>[Called By]<UL><LI><a href="#[1a7]">&gt;&gt;</a>&nbsp;&nbsp;&nbsp;__0sprintf
</UL>
<BR>[Address Reference Count : 1]<UL><LI> printfa.o(i.__0sprintf)
</UL>
<P><STRONG><a name="[e4]"></a>_scanf_char_input</STRONG> (Thumb, 12 bytes, Stack size 0 bytes, scanf_char.o(.text))
<BR>[Address Reference Count : 1]<UL><LI> scanf_char.o(.text)
</UL><P>
<H3>
Undefined Global Symbols
</H3><HR></body></html>
