<html>
<body>
<pre>
<h1>µVision Build Log</h1>
<h2>Tool Versions:</h2>
IDE-Version: ¦ÌVision V5.38.0.0
Copyright (C) 2022 ARM Ltd and ARM Germany GmbH. All rights reserved.
License Information: 1 1665241078@qq.com, 1, LIC=47GU5-GYRE5-01RP1-C0TAX-MR37L-7YXC0
 
Tool Versions:
Toolchain:       MDK-ARM Plus  Version: 5.38.0.0
Toolchain Path:  D:\keil_5-38-a\ARM\ARMCLANG\Bin
C Compiler:      ArmClang.exe V6.19
Assembler:       Armasm.exe V6.19
Linker/Locator:  ArmLink.exe V6.19
Library Manager: ArmAr.exe V6.19
Hex Converter:   FromElf.exe V6.19
CPU DLL:         SARMCM3.DLL V5.38.0.0
Dialog DLL:      DCM.DLL V1.17.5.0
Target DLL:      CMSIS_AGDI.dll V1.33.15.0
Dialog DLL:      TCM.DLL V1.56.4.0
 
<h2>Project:</h2>
D:\smart_car\SeekFree_RT1064_Opensource_Library\project\mdk\rt1064.uvprojx
Project File Date:  05/19/2024

<h2>Output:</h2>
*** Using Compiler 'V6.19', folder: 'D:\keil_5-38-a\ARM\ARMCLANG\Bin'
Build target 'nor_sdram_zf_dtcm'
compiling car_control.c...
compiling my_moter.c...
linking...
Program Size: Code=66752 RO-data=15376 RW-data=316 ZI-data=57020  
".\Objects\rt1064.axf" - 0 Error(s), 0 Warning(s).

<h2>Software Packages used:</h2>

Package Vendor: NXP
                https://mcuxpresso.nxp.com/cmsis_pack/repo/NXP.MIMXRT1064_DFP.18.0.0.pack
                NXP.MIMXRT1064_DFP.18.0.0
                Device Family Pack for MIMXRT1064

<h2>Collection of Component include folders:</h2>
  D:/keil_5-38-a/NXP/MIMXRT1064_DFP/18.0.0/devices/MIMXRT1064

<h2>Collection of Component Files used:</h2>
Build Time Elapsed:  00:00:03
</pre>
</body>
</html>
