<!doctype html public "-//w3c//dtd html 4.0 transitional//en">
<html><head>
<title>Static Call Graph - [.\Objects\mcx_vision_board.axf]</title></head>
<body><HR>
<H1>Static Call Graph for image .\Objects\mcx_vision_board.axf</H1><HR>
<BR><P>#&#060CALLGRAPH&#062# ARM Linker, 6190004: Last Updated: Tue Aug 20 16:36:43 2024
<BR><P>
<H3>Maximum Stack Usage =       1968 bytes + Unknown(Functions without stacksize, Cycles, Untraceable Function Pointers)</H3><H3>
Call chain for Maximum Stack Depth:</H3>
_printf_f &rArr; _printf_fp_dec &rArr; _printf_fp_dec_real &rArr; _fp_digits &rArr; _btod_main &rArr; _btod_common &rArr; _btod_pow &rArr; _btod_mul
<P>
<H3>
Functions with no stack information
</H3><UL>
 <LI><a href="#[1]">Reset_Handler</a>
 <LI><a href="#[d7]">ADC0_DriverIRQHandler</a>
 <LI><a href="#[d8]">ADC1_DriverIRQHandler</a>
 <LI><a href="#[12f]">BSP32_DriverIRQHandler</a>
 <LI><a href="#[5]">BusFault_Handler</a>
 <LI><a href="#[e8]">CAN0_DriverIRQHandler</a>
 <LI><a href="#[e9]">CAN1_DriverIRQHandler</a>
 <LI><a href="#[107]">CDOG0_DriverIRQHandler</a>
 <LI><a href="#[108]">CDOG1_DriverIRQHandler</a>
 <LI><a href="#[144]">CMC0_DriverIRQHandler</a>
 <LI><a href="#[145]">CTI0_DriverIRQHandler</a>
 <LI><a href="#[114]">DAC0_DriverIRQHandler</a>
 <LI><a href="#[115]">DAC1_DriverIRQHandler</a>
 <LI><a href="#[116]">DAC2_DriverIRQHandler</a>
 <LI><a href="#[9]">DebugMon_Handler</a>
 <LI><a href="#[0]">DefaultISR</a>
 <LI><a href="#[f3]">ELS_DriverIRQHandler</a>
 <LI><a href="#[130]">ELS_ERR_DriverIRQHandler</a>
 <LI><a href="#[111]">EMVSIM0_DriverIRQHandler</a>
 <LI><a href="#[112]">EMVSIM1_DriverIRQHandler</a>
 <LI><a href="#[126]">ENC0_COMPARE_DriverIRQHandler</a>
 <LI><a href="#[127]">ENC0_HOME_DriverIRQHandler</a>
 <LI><a href="#[129]">ENC0_IDX_DriverIRQHandler</a>
 <LI><a href="#[128]">ENC0_WDG_SAB_DriverIRQHandler</a>
 <LI><a href="#[12a]">ENC1_COMPARE_DriverIRQHandler</a>
 <LI><a href="#[12b]">ENC1_HOME_DriverIRQHandler</a>
 <LI><a href="#[12d]">ENC1_IDX_DriverIRQHandler</a>
 <LI><a href="#[12c]">ENC1_WDG_SAB_DriverIRQHandler</a>
 <LI><a href="#[133]">ERM_MULTI_BIT_ERROR_DriverIRQHandler</a>
 <LI><a href="#[132]">ERM_SINGLE_BIT_ERROR_DriverIRQHandler</a>
 <LI><a href="#[13f]">ETB0_DriverIRQHandler</a>
 <LI><a href="#[135]">ETHERNET_DriverIRQHandler</a>
 <LI><a href="#[137]">ETHERNET_MACLP_DriverIRQHandler</a>
 <LI><a href="#[136]">ETHERNET_PMT_DriverIRQHandler</a>
 <LI><a href="#[10e]">EWM0_DriverIRQHandler</a>
 <LI><a href="#[11b]">FLEXPWM0_FAULT_DriverIRQHandler</a>
 <LI><a href="#[11a]">FLEXPWM0_RELOAD_ERROR_DriverIRQHandler</a>
 <LI><a href="#[11c]">FLEXPWM0_SUBMODULE0_DriverIRQHandler</a>
 <LI><a href="#[11d]">FLEXPWM0_SUBMODULE1_DriverIRQHandler</a>
 <LI><a href="#[11e]">FLEXPWM0_SUBMODULE2_DriverIRQHandler</a>
 <LI><a href="#[11f]">FLEXPWM0_SUBMODULE3_DriverIRQHandler</a>
 <LI><a href="#[121]">FLEXPWM1_FAULT_DriverIRQHandler</a>
 <LI><a href="#[120]">FLEXPWM1_RELOAD_ERROR_DriverIRQHandler</a>
 <LI><a href="#[122]">FLEXPWM1_SUBMODULE0_DriverIRQHandler</a>
 <LI><a href="#[123]">FLEXPWM1_SUBMODULE1_DriverIRQHandler</a>
 <LI><a href="#[124]">FLEXPWM1_SUBMODULE2_DriverIRQHandler</a>
 <LI><a href="#[125]">FLEXPWM1_SUBMODULE3_DriverIRQHandler</a>
 <LI><a href="#[e4]">FLEXSPI0_DriverIRQHandler</a>
 <LI><a href="#[134]">FMU0_DriverIRQHandler</a>
 <LI><a href="#[f1]">Freqme_DriverIRQHandler</a>
 <LI><a href="#[10c]">GDET_DriverIRQHandler</a>
 <LI><a href="#[bb]">GPIO00_DriverIRQHandler</a>
 <LI><a href="#[bc]">GPIO01_DriverIRQHandler</a>
 <LI><a href="#[bd]">GPIO10_DriverIRQHandler</a>
 <LI><a href="#[be]">GPIO11_DriverIRQHandler</a>
 <LI><a href="#[bf]">GPIO20_DriverIRQHandler</a>
 <LI><a href="#[c0]">GPIO21_DriverIRQHandler</a>
 <LI><a href="#[c1]">GPIO30_DriverIRQHandler</a>
 <LI><a href="#[c2]">GPIO31_DriverIRQHandler</a>
 <LI><a href="#[c3]">GPIO40_DriverIRQHandler</a>
 <LI><a href="#[c4]">GPIO41_DriverIRQHandler</a>
 <LI><a href="#[c5]">GPIO50_DriverIRQHandler</a>
 <LI><a href="#[c6]">GPIO51_DriverIRQHandler</a>
 <LI><a href="#[117]">HSCMP0_DriverIRQHandler</a>
 <LI><a href="#[118]">HSCMP1_DriverIRQHandler</a>
 <LI><a href="#[119]">HSCMP2_DriverIRQHandler</a>
 <LI><a href="#[109]">I3C0_DriverIRQHandler</a>
 <LI><a href="#[10a]">I3C1_DriverIRQHandler</a>
 <LI><a href="#[12e]">ITRC0_DriverIRQHandler</a>
 <LI><a href="#[139]">LPTMR0_DriverIRQHandler</a>
 <LI><a href="#[13a]">LPTMR1_DriverIRQHandler</a>
 <LI><a href="#[e0]">MAILBOX_DriverIRQHandler</a>
 <LI><a href="#[c8]">MRT0_DriverIRQHandler</a>
 <LI><a href="#[4]">MemManage_Handler</a>
 <LI><a href="#[10b]">NPU_DriverIRQHandler</a>
 <LI><a href="#[aa]">OR_DriverIRQHandler</a>
 <LI><a href="#[e3]">OS_EVENT_DriverIRQHandler</a>
 <LI><a href="#[da]">PDM_EVENT_DriverIRQHandler</a>
 <LI><a href="#[d9]">PINT0_DriverIRQHandler</a>
 <LI><a href="#[f4]">PKC_DriverIRQHandler</a>
 <LI><a href="#[131]">PKC_ERR_DriverIRQHandler</a>
 <LI><a href="#[13e]">PORT_EFT_DriverIRQHandler</a>
 <LI><a href="#[f6]">PQ_DriverIRQHandler</a>
 <LI><a href="#[f5]">PUF_DriverIRQHandler</a>
 <LI><a href="#[de]">RTC_DriverIRQHandler</a>
 <LI><a href="#[db]">Reserved65_DriverIRQHandler</a>
 <LI><a href="#[ea]">Reserved80_DriverIRQHandler</a>
 <LI><a href="#[eb]">Reserved81_DriverIRQHandler</a>
 <LI><a href="#[ef]">Reserved85_DriverIRQHandler</a>
 <LI><a href="#[e5]">SAI0_DriverIRQHandler</a>
 <LI><a href="#[e6]">SAI1_DriverIRQHandler</a>
 <LI><a href="#[13b]">SCG_DriverIRQHandler</a>
 <LI><a href="#[cb]">SCT0_DriverIRQHandler</a>
 <LI><a href="#[ee]">SEC_HYPERVISOR_CALL_DriverIRQHandler</a>
 <LI><a href="#[f2]">SEC_VIO_DriverIRQHandler</a>
 <LI><a href="#[138]">SINC_FILTER_DriverIRQHandler</a>
 <LI><a href="#[140]">SM3_DriverIRQHandler</a>
 <LI><a href="#[df]">SMARTDMA_DriverIRQHandler</a>
 <LI><a href="#[13c]">SPC_DriverIRQHandler</a>
 <LI><a href="#[7]">SecureFault_Handler</a>
 <LI><a href="#[141]">TRNG0_DriverIRQHandler</a>
 <LI><a href="#[10f]">TSI_END_OF_SCAN_DriverIRQHandler</a>
 <LI><a href="#[110]">TSI_OUT_OF_SCAN_DriverIRQHandler</a>
 <LI><a href="#[dd]">USB0_DCD_DriverIRQHandler</a>
 <LI><a href="#[dc]">USB0_FS_DriverIRQHandler</a>
 <LI><a href="#[ed]">USB1_HS_DriverIRQHandler</a>
 <LI><a href="#[ec]">USB1_HS_PHY_DriverIRQHandler</a>
 <LI><a href="#[c7]">UTICK0_DriverIRQHandler</a>
 <LI><a href="#[6]">UsageFault_Handler</a>
 <LI><a href="#[10d]">VBAT0_DriverIRQHandler</a>
 <LI><a href="#[13d]">WUU_DriverIRQHandler</a>
 <LI><a href="#[142]">WWDT0_DriverIRQHandler</a>
 <LI><a href="#[143]">WWDT1_DriverIRQHandler</a>
 <LI><a href="#[2]">NMI_Handler</a>
 <LI><a href="#[8]">SVC_Handler</a>
 <LI><a href="#[a]">PendSV_Handler</a>
 <LI><a href="#[b]">SysTick_Handler</a>
 <LI><a href="#[c]">OR_IRQHandler</a>
 <LI><a href="#[d]">EDMA_0_CH0_IRQHandler</a>
 <LI><a href="#[e]">EDMA_0_CH1_IRQHandler</a>
 <LI><a href="#[f]">EDMA_0_CH2_IRQHandler</a>
 <LI><a href="#[10]">EDMA_0_CH3_IRQHandler</a>
 <LI><a href="#[11]">EDMA_0_CH4_IRQHandler</a>
 <LI><a href="#[12]">EDMA_0_CH5_IRQHandler</a>
 <LI><a href="#[13]">EDMA_0_CH6_IRQHandler</a>
 <LI><a href="#[14]">EDMA_0_CH7_IRQHandler</a>
 <LI><a href="#[15]">EDMA_0_CH8_IRQHandler</a>
 <LI><a href="#[16]">EDMA_0_CH9_IRQHandler</a>
 <LI><a href="#[17]">EDMA_0_CH10_IRQHandler</a>
 <LI><a href="#[18]">EDMA_0_CH11_IRQHandler</a>
 <LI><a href="#[19]">EDMA_0_CH12_IRQHandler</a>
 <LI><a href="#[1a]">EDMA_0_CH13_IRQHandler</a>
 <LI><a href="#[1b]">EDMA_0_CH14_IRQHandler</a>
 <LI><a href="#[1c]">EDMA_0_CH15_IRQHandler</a>
 <LI><a href="#[29]">UTICK0_IRQHandler</a>
 <LI><a href="#[2a]">MRT0_IRQHandler</a>
 <LI><a href="#[2b]">CTIMER0_IRQHandler</a>
 <LI><a href="#[2c]">CTIMER1_IRQHandler</a>
 <LI><a href="#[2d]">SCT0_IRQHandler</a>
 <LI><a href="#[2e]">CTIMER2_IRQHandler</a>
 <LI><a href="#[2f]">LP_FLEXCOMM0_IRQHandler</a>
 <LI><a href="#[30]">LP_FLEXCOMM1_IRQHandler</a>
 <LI><a href="#[31]">LP_FLEXCOMM2_IRQHandler</a>
 <LI><a href="#[32]">LP_FLEXCOMM3_IRQHandler</a>
 <LI><a href="#[35]">LP_FLEXCOMM6_IRQHandler</a>
 <LI><a href="#[36]">LP_FLEXCOMM7_IRQHandler</a>
 <LI><a href="#[37]">LP_FLEXCOMM8_IRQHandler</a>
 <LI><a href="#[38]">LP_FLEXCOMM9_IRQHandler</a>
 <LI><a href="#[39]">ADC0_IRQHandler</a>
 <LI><a href="#[3a]">ADC1_IRQHandler</a>
 <LI><a href="#[3b]">PINT0_IRQHandler</a>
 <LI><a href="#[3c]">PDM_EVENT_IRQHandler</a>
 <LI><a href="#[3d]">Reserved65_IRQHandler</a>
 <LI><a href="#[3e]">USB0_FS_IRQHandler</a>
 <LI><a href="#[3f]">USB0_DCD_IRQHandler</a>
 <LI><a href="#[40]">RTC_IRQHandler</a>
 <LI><a href="#[42]">MAILBOX_IRQHandler</a>
 <LI><a href="#[43]">CTIMER3_IRQHandler</a>
 <LI><a href="#[44]">CTIMER4_IRQHandler</a>
 <LI><a href="#[45]">OS_EVENT_IRQHandler</a>
 <LI><a href="#[46]">FLEXSPI0_IRQHandler</a>
 <LI><a href="#[47]">SAI0_IRQHandler</a>
 <LI><a href="#[48]">SAI1_IRQHandler</a>
 <LI><a href="#[49]">USDHC0_IRQHandler</a>
 <LI><a href="#[4a]">CAN0_IRQHandler</a>
 <LI><a href="#[4b]">CAN1_IRQHandler</a>
 <LI><a href="#[4c]">Reserved80_IRQHandler</a>
 <LI><a href="#[4d]">Reserved81_IRQHandler</a>
 <LI><a href="#[4e]">USB1_HS_PHY_IRQHandler</a>
 <LI><a href="#[4f]">USB1_HS_IRQHandler</a>
 <LI><a href="#[50]">SEC_HYPERVISOR_CALL_IRQHandler</a>
 <LI><a href="#[51]">Reserved85_IRQHandler</a>
 <LI><a href="#[52]">PLU_IRQHandler</a>
 <LI><a href="#[53]">Freqme_IRQHandler</a>
 <LI><a href="#[54]">SEC_VIO_IRQHandler</a>
 <LI><a href="#[55]">ELS_IRQHandler</a>
 <LI><a href="#[56]">PKC_IRQHandler</a>
 <LI><a href="#[57]">PUF_IRQHandler</a>
 <LI><a href="#[58]">PQ_IRQHandler</a>
 <LI><a href="#[59]">EDMA_1_CH0_IRQHandler</a>
 <LI><a href="#[5a]">EDMA_1_CH1_IRQHandler</a>
 <LI><a href="#[5b]">EDMA_1_CH2_IRQHandler</a>
 <LI><a href="#[5c]">EDMA_1_CH3_IRQHandler</a>
 <LI><a href="#[5d]">EDMA_1_CH4_IRQHandler</a>
 <LI><a href="#[5e]">EDMA_1_CH5_IRQHandler</a>
 <LI><a href="#[5f]">EDMA_1_CH6_IRQHandler</a>
 <LI><a href="#[60]">EDMA_1_CH7_IRQHandler</a>
 <LI><a href="#[61]">EDMA_1_CH8_IRQHandler</a>
 <LI><a href="#[62]">EDMA_1_CH9_IRQHandler</a>
 <LI><a href="#[63]">EDMA_1_CH10_IRQHandler</a>
 <LI><a href="#[64]">EDMA_1_CH11_IRQHandler</a>
 <LI><a href="#[65]">EDMA_1_CH12_IRQHandler</a>
 <LI><a href="#[66]">EDMA_1_CH13_IRQHandler</a>
 <LI><a href="#[67]">EDMA_1_CH14_IRQHandler</a>
 <LI><a href="#[68]">EDMA_1_CH15_IRQHandler</a>
 <LI><a href="#[69]">CDOG0_IRQHandler</a>
 <LI><a href="#[6a]">CDOG1_IRQHandler</a>
 <LI><a href="#[6b]">I3C0_IRQHandler</a>
 <LI><a href="#[6c]">I3C1_IRQHandler</a>
 <LI><a href="#[6d]">NPU_IRQHandler</a>
 <LI><a href="#[6e]">GDET_IRQHandler</a>
 <LI><a href="#[6f]">VBAT0_IRQHandler</a>
 <LI><a href="#[70]">EWM0_IRQHandler</a>
 <LI><a href="#[71]">TSI_END_OF_SCAN_IRQHandler</a>
 <LI><a href="#[72]">TSI_OUT_OF_SCAN_IRQHandler</a>
 <LI><a href="#[73]">EMVSIM0_IRQHandler</a>
 <LI><a href="#[74]">EMVSIM1_IRQHandler</a>
 <LI><a href="#[75]">FLEXIO_IRQHandler</a>
 <LI><a href="#[76]">DAC0_IRQHandler</a>
 <LI><a href="#[77]">DAC1_IRQHandler</a>
 <LI><a href="#[78]">DAC2_IRQHandler</a>
 <LI><a href="#[79]">HSCMP0_IRQHandler</a>
 <LI><a href="#[7a]">HSCMP1_IRQHandler</a>
 <LI><a href="#[7b]">HSCMP2_IRQHandler</a>
 <LI><a href="#[7c]">FLEXPWM0_RELOAD_ERROR_IRQHandler</a>
 <LI><a href="#[7d]">FLEXPWM0_FAULT_IRQHandler</a>
 <LI><a href="#[7e]">FLEXPWM0_SUBMODULE0_IRQHandler</a>
 <LI><a href="#[7f]">FLEXPWM0_SUBMODULE1_IRQHandler</a>
 <LI><a href="#[80]">FLEXPWM0_SUBMODULE2_IRQHandler</a>
 <LI><a href="#[81]">FLEXPWM0_SUBMODULE3_IRQHandler</a>
 <LI><a href="#[82]">FLEXPWM1_RELOAD_ERROR_IRQHandler</a>
 <LI><a href="#[83]">FLEXPWM1_FAULT_IRQHandler</a>
 <LI><a href="#[84]">FLEXPWM1_SUBMODULE0_IRQHandler</a>
 <LI><a href="#[85]">FLEXPWM1_SUBMODULE1_IRQHandler</a>
 <LI><a href="#[86]">FLEXPWM1_SUBMODULE2_IRQHandler</a>
 <LI><a href="#[87]">FLEXPWM1_SUBMODULE3_IRQHandler</a>
 <LI><a href="#[88]">ENC0_COMPARE_IRQHandler</a>
 <LI><a href="#[89]">ENC0_HOME_IRQHandler</a>
 <LI><a href="#[8a]">ENC0_WDG_SAB_IRQHandler</a>
 <LI><a href="#[8b]">ENC0_IDX_IRQHandler</a>
 <LI><a href="#[8c]">ENC1_COMPARE_IRQHandler</a>
 <LI><a href="#[8d]">ENC1_HOME_IRQHandler</a>
 <LI><a href="#[8e]">ENC1_WDG_SAB_IRQHandler</a>
 <LI><a href="#[8f]">ENC1_IDX_IRQHandler</a>
 <LI><a href="#[90]">ITRC0_IRQHandler</a>
 <LI><a href="#[91]">BSP32_IRQHandler</a>
 <LI><a href="#[92]">ELS_ERR_IRQHandler</a>
 <LI><a href="#[93]">PKC_ERR_IRQHandler</a>
 <LI><a href="#[94]">ERM_SINGLE_BIT_ERROR_IRQHandler</a>
 <LI><a href="#[95]">ERM_MULTI_BIT_ERROR_IRQHandler</a>
 <LI><a href="#[96]">FMU0_IRQHandler</a>
 <LI><a href="#[97]">ETHERNET_IRQHandler</a>
 <LI><a href="#[98]">ETHERNET_PMT_IRQHandler</a>
 <LI><a href="#[99]">ETHERNET_MACLP_IRQHandler</a>
 <LI><a href="#[9a]">SINC_FILTER_IRQHandler</a>
 <LI><a href="#[9b]">LPTMR0_IRQHandler</a>
 <LI><a href="#[9c]">LPTMR1_IRQHandler</a>
 <LI><a href="#[9d]">SCG_IRQHandler</a>
 <LI><a href="#[9e]">SPC_IRQHandler</a>
 <LI><a href="#[9f]">WUU_IRQHandler</a>
 <LI><a href="#[a0]">PORT_EFT_IRQHandler</a>
 <LI><a href="#[a1]">ETB0_IRQHandler</a>
 <LI><a href="#[a2]">SM3_IRQHandler</a>
 <LI><a href="#[a3]">TRNG0_IRQHandler</a>
 <LI><a href="#[a4]">WWDT0_IRQHandler</a>
 <LI><a href="#[a5]">WWDT1_IRQHandler</a>
 <LI><a href="#[a6]">CMC0_IRQHandler</a>
 <LI><a href="#[a7]">CTI0_IRQHandler</a>
 <LI><a href="#[265]">Abs</a>
 <LI><a href="#[267]">Activation</a>
 <LI><a href="#[268]">Add</a>
 <LI><a href="#[275]">BatchMulAdd</a>
 <LI><a href="#[276]">BitTransformation</a>
 <LI><a href="#[27b]">CallKernel</a>
 <LI><a href="#[292]">CallKernelWrapper</a>
 <LI><a href="#[284]">CastInt16ToInt8</a>
 <LI><a href="#[285]">CastInt8ToInt16</a>
 <LI><a href="#[28e]">Conv1DStandard</a>
 <LI><a href="#[28a]">Conv2DAtrous</a>
 <LI><a href="#[281]">Conv2DDepthwiseNeutron16x16Kernel3x3</a>
 <LI><a href="#[280]">Conv2DDepthwiseV1</a>
 <LI><a href="#[291]">Conv2DDepthwiseV2</a>
 <LI><a href="#[27f]">Conv2DPointwise</a>
 <LI><a href="#[27c]">Conv2DStandardV1</a>
 <LI><a href="#[282]">Conv2DStandardV2</a>
 <LI><a href="#[283]">Conv2DStandardV3</a>
 <LI><a href="#[296]">DebugLog</a>
 <LI><a href="#[266]">EXEC</a>
 <LI><a href="#[28d]">FullyConnected</a>
 <LI><a href="#[2ac]">GetKernelArgSz</a>
 <LI><a href="#[2ab]">GetKernelArgSzWrapper</a>
 <LI><a href="#[406]">GetMaxArgSz</a>
 <LI><a href="#[27d]">GlobalAvgPool</a>
 <LI><a href="#[286]">GlobalMaxPool</a>
 <LI><a href="#[297]">InvokeDebugLogCallback</a>
 <LI><a href="#[27e]">MaxPool</a>
 <LI><a href="#[288]">MemCpy</a>
 <LI><a href="#[28f]">MirrorPad</a>
 <LI><a href="#[28b]">MulInt16</a>
 <LI><a href="#[3f9]">NeutronFirmwareTraceInit</a>
 <LI><a href="#[2da]">NeutronMicroInstrPost</a>
 <LI><a href="#[2dc]">NeutronMicroInstrPre</a>
 <LI><a href="#[28c]">Pad</a>
 <LI><a href="#[287]">Sequence</a>
 <LI><a href="#[289]">Slice</a>
 <LI><a href="#[2e3]">TfLiteIntArrayEqual</a>
 <LI><a href="#[3ba]">TfLiteIntArrayGetSizeInBytes</a>
 <LI><a href="#[326]">TfLiteTypeGetName</a>
 <LI><a href="#[290]">Upsample2DV1</a>
 <LI><a href="#[2e5]">MicroPrintf(char const*, ...)</a>
 <LI><a href="#[2e6]">VMicroPrintf(char const*, std::__va_list)</a>
 <LI><a href="#[301]">AbortImpl()</a>
 <LI><a href="#[302]">flatbuffers::Vector&lang;long&rang; const* flatbuffers::Table::GetPointer&lang;flatbuffers::Vector&lang;long&rang; const*&rang;(unsigned short)</a>
 <LI><a href="#[15c]">tflite::PadPrepare(TfLiteContext*, TfLiteNode*)</a>
 <LI><a href="#[14e]">tflite::ParseSlice(tflite::Operator const*, tflite::ErrorReporter*, tflite::BuiltinDataAllocator*, void**)</a>
 <LI><a href="#[159]">tflite::PrepareAdd(TfLiteContext*, TfLiteNode*)</a>
 <LI><a href="#[36c]">tflite::AlignSizeUp(unsigned int, unsigned int)</a>
 <LI><a href="#[151]">tflite::ParseConv2D(tflite::Operator const*, tflite::ErrorReporter*, tflite::BuiltinDataAllocator*, void**)</a>
 <LI><a href="#[3a0]">tflite::ElementCount(TfLiteIntArray const&)</a>
 <LI><a href="#[312]">tflite::MicroContext::AllocateTempInputTensor(TfLiteNode const*, int)</a>
 <LI><a href="#[313]">tflite::MicroContext::AllocateTempOutputTensor(TfLiteNode const*, int)</a>
 <LI><a href="#[155]">tflite::ParseSoftmax(tflite::Operator const*, tflite::ErrorReporter*, tflite::BuiltinDataAllocator*, void**)</a>
 <LI><a href="#[2f1]">tflite::Register_ADD()</a>
 <LI><a href="#[2e8]">tflite::Register_PAD()</a>
 <LI><a href="#[3b5]">tflite::tensor_utils::UnpackDenseInt4IntoInt8(signed char const*, int, signed char*)</a>
 <LI><a href="#[38d]">tflite::ErrorReporter::Report(char const*, ...)</a>
 <LI><a href="#[14f]">tflite::ParseQuantize(tflite::Operator const*, tflite::ErrorReporter*, tflite::BuiltinDataAllocator*, void**)</a>
 <LI><a href="#[337]">tflite::reference_ops::ProcessBroadcastShapes(tflite::RuntimeShape const&, tflite::RuntimeShape const&, tflite::ArithmeticParams*)</a>
 <LI><a href="#[356]">void tflite::reference_ops::BroadcastAddRecursiveDimensions&lang;float&rang;(int, unsigned int*, unsigned int*, unsigned int*, unsigned int*, unsigned int*, unsigned int*, float, float, float const*, float const*, float*)</a>
 <LI><a href="#[357]">void tflite::reference_ops::BroadcastAddRecursiveDimensions&lang;long&rang;(int, unsigned int*, unsigned int*, unsigned int*, unsigned int*, unsigned int*, unsigned int*, long, long, long const*, long const*, long*)</a>
 <LI><a href="#[33d]">void tflite::reference_ops::BroadcastAddRecursiveDimensions&lang;short&rang;(tflite::ArithmeticParams const&, int, unsigned int*, unsigned int*, unsigned int*, unsigned int*, unsigned int*, unsigned int*, short const*, short const*, short*)</a>
 <LI><a href="#[398]">tflite::reference_ops::MaxPool(tflite::PoolParams const&, tflite::RuntimeShape const&, float const*, tflite::RuntimeShape const&, float*)</a>
 <LI><a href="#[351]">void tflite::reference_ops::PadImpl&lang;signed char, signed char&rang;(tflite::PadParams const&, tflite::RuntimeShape const&, signed char const*, signed char const*, tflite::RuntimeShape const&, signed char*)</a>
 <LI><a href="#[34f]">void tflite::reference_ops::PadImpl&lang;float, float&rang;(tflite::PadParams const&, tflite::RuntimeShape const&, float const*, float const*, tflite::RuntimeShape const&, float*)</a>
 <LI><a href="#[350]">void tflite::reference_ops::PadImpl&lang;long, long&rang;(tflite::PadParams const&, tflite::RuntimeShape const&, long const*, long const*, tflite::RuntimeShape const&, long*)</a>
 <LI><a href="#[34e]">void tflite::reference_ops::PadImpl&lang;short, short&rang;(tflite::PadParams const&, tflite::RuntimeShape const&, short const*, short const*, tflite::RuntimeShape const&, short*)</a>
 <LI><a href="#[36e]">tflite::AlignPointerUp(unsigned char*, unsigned int)</a>
 <LI><a href="#[171]">tflite::DequantizeEval(TfLiteContext*, TfLiteNode*)</a>
 <LI><a href="#[173]">tflite::DequantizeInit(TfLiteContext*, char const*, unsigned int)</a>
 <LI><a href="#[384]">tflite::GetBuiltinCode(tflite::OperatorCode const*)</a>
 <LI><a href="#[314]">tflite::GetTensorShape(TfLiteTensor const*)</a>
 <LI><a href="#[315]">tflite::HaveSameShapes(TfLiteTensor const*, TfLiteTensor const*)</a>
 <LI><a href="#[198]">tflite::MicroAllocator::AllocateVariables(tflite::SubGraph const*, TfLiteEvalTensor*, long const*)</a>
 <LI><a href="#[18f]">tflite::MicroAllocator::AllocateTempBuffer(unsigned int, unsigned int)</a>
 <LI><a href="#[190]">tflite::MicroAllocator::DeallocateTempBuffer(unsigned char*)</a>
 <LI><a href="#[192]">tflite::MicroAllocator::IsAllTempDeallocated()</a>
 <LI><a href="#[191]">tflite::MicroAllocator::ResetTempAllocations()</a>
 <LI><a href="#[363]">tflite::MicroAllocator::StartModelAllocation(tflite::Model const*)</a>
 <LI><a href="#[366]">tflite::MicroAllocator::FinishModelAllocation(tflite::Model const*, tflite::SubgraphAllocations*, tflite::ScratchBufferHandle**)</a>
 <LI><a href="#[364]">tflite::MicroAllocator::InitScratchBufferData()</a>
 <LI><a href="#[19b]">tflite::MicroAllocator::CommitStaticMemoryPlan(tflite::Model const*, tflite::SubgraphAllocations*, tflite::ScratchBufferHandle*)</a>
 <LI><a href="#[382]">tflite::MicroAllocator::GetBuiltinDataAllocator()</a>
 <LI><a href="#[193]">tflite::MicroAllocator::AllocatePersistentBuffer(unsigned int)</a>
 <LI><a href="#[18d]">tflite::MicroAllocator::AllocateTempTfLiteTensor(tflite::Model const*, tflite::SubgraphAllocations const*, int, int)</a>
 <LI><a href="#[36a]">tflite::MicroAllocator::GetScratchBufferRequests()</a>
 <LI><a href="#[197]">tflite::MicroAllocator::AllocateTfLiteEvalTensors(tflite::Model const*, tflite::SubgraphAllocations*)</a>
 <LI><a href="#[18e]">tflite::MicroAllocator::DeallocateTempTfLiteTensor(TfLiteTensor*)</a>
 <LI><a href="#[370]">tflite::MicroAllocator::RequestScratchBufferInArena(unsigned int, int, int*)</a>
 <LI><a href="#[196]">tflite::MicroAllocator::AllocateNodeAndRegistrations(tflite::Model const*, tflite::SubgraphAllocations*)</a>
 <LI><a href="#[19c]">tflite::MicroAllocator::AllocateScratchBufferHandles(tflite::ScratchBufferHandle**, unsigned int)</a>
 <LI><a href="#[372]">tflite::MicroAllocator::FinishPrepareNodeAllocations(int)</a>
 <LI><a href="#[18c]">tflite::MicroAllocator::AllocatePersistentTfLiteTensor(tflite::Model const*, tflite::SubgraphAllocations const*, int, int)</a>
 <LI><a href="#[19a]">tflite::MicroAllocator::PopulateTfLiteTensorFromFlatbuffer(tflite::Model const*, TfLiteTensor*, int, int, bool)</a>
 <LI><a href="#[199]">tflite::MicroAllocator::AllocatePersistentTfLiteTensorInternal()</a>
 <LI><a href="#[377]">tflite::MicroAllocator::Create(tflite::SingleArenaBufferAllocator*, tflite::MicroMemoryPlanner*)</a>
 <LI><a href="#[374]">tflite::MicroAllocator::Create(unsigned char*, unsigned int, tflite::MemoryPlannerType)</a>
 <LI><a href="#[195]">tflite::MicroAllocator::~MicroAllocator__deallocating()</a>
 <LI><a href="#[194]">tflite::MicroAllocator::~MicroAllocator()</a>
 <LI><a href="#[48c]">tflite::MicroAllocator::~MicroAllocator__sub_object()</a>
 <LI><a href="#[323]">tflite::PoolingPrepare(TfLiteContext*, TfLiteNode*)</a>
 <LI><a href="#[2eb]">tflite::Register_SLICE()</a>
 <LI><a href="#[34a]">tflite::ConvParamsFloat(TfLiteConvParams const&, tflite::OpDataConv const&)</a>
 <LI><a href="#[156]">tflite::ParseDequantize(tflite::Operator const*, tflite::ErrorReporter*, tflite::BuiltinDataAllocator*, void**)</a>
 <LI><a href="#[3ac]">tflite::AlignPointerDown(unsigned char*, unsigned int)</a>
 <LI><a href="#[2d3]">tflite::MicroInterpreter::AllocateTensors()</a>
 <LI><a href="#[37c]">tflite::MicroInterpreter::PrepareNodeAndRegistrationDataFromFlatbuffer()</a>
 <LI><a href="#[388]">tflite::MicroInterpreter::Init(tflite::MicroProfilerInterface*)</a>
 <LI><a href="#[381]">tflite::MicroInterpreter::Reset()</a>
 <LI><a href="#[2cc]">tflite::MicroInterpreter::input(unsigned int)</a>
 <LI><a href="#[2d8]">tflite::MicroInterpreter::Invoke()</a>
 <LI><a href="#[2cf]">tflite::MicroInterpreter::output(unsigned int)</a>
 <LI><a href="#[2d5]">tflite::MicroInterpreter::MicroInterpreter(tflite::Model const*, tflite::MicroOpResolver const&, unsigned char*, unsigned int, tflite::MicroResourceVariables*, tflite::MicroProfilerInterface*, bool)</a>
 <LI><a href="#[48d]">tflite::MicroInterpreter::MicroInterpreter__sub_object(tflite::Model const*, tflite::MicroOpResolver const&, unsigned char*, unsigned int, tflite::MicroResourceVariables*, tflite::MicroProfilerInterface*, bool)</a>
 <LI><a href="#[14a]">tflite::MicroInterpreter::~MicroInterpreter()</a>
 <LI><a href="#[48e]">tflite::MicroInterpreter::~MicroInterpreter__sub_object()</a>
 <LI><a href="#[2ee]">tflite::Register_CONV_2D()</a>
 <LI><a href="#[2f2]">tflite::Register_SOFTMAX()</a>
 <LI><a href="#[3a6]">tflite::TfLiteTypeSizeOf(TfLiteType, unsigned int*)</a>
 <LI><a href="#[38b]">tflite::ConvertTensorType(tflite::TensorType, TfLiteType*)</a>
 <LI><a href="#[31f]">tflite::ConvertTensorType(tflite::TensorType, TfLiteType*, tflite::ErrorReporter*)</a>
 <LI><a href="#[172]">tflite::DequantizePrepare(TfLiteContext*, TfLiteNode*)</a>
 <LI><a href="#[2ec]">tflite::Register_QUANTIZE()</a>
 <LI><a href="#[19f]">tflite::MicroErrorReporter::Report(char const*, std::__va_list)</a>
 <LI><a href="#[19e]">tflite::MicroErrorReporter::~MicroErrorReporter__deallocating()</a>
 <LI><a href="#[19d]">tflite::MicroErrorReporter::~MicroErrorReporter()</a>
 <LI><a href="#[48f]">tflite::MicroErrorReporter::~MicroErrorReporter__sub_object()</a>
 <LI><a href="#[1b3]">tflite::MicroMemoryPlanner::PrintMemoryPlan()</a>
 <LI><a href="#[1b1]">tflite::MicroMemoryPlanner::Init(unsigned char*, int)</a>
 <LI><a href="#[1ad]">tflite::MicroMemoryPlanner::AddBuffer(int, int, int, int)</a>
 <LI><a href="#[14d]">tflite::ParseConcatenation(tflite::Operator const*, tflite::ErrorReporter*, tflite::BuiltinDataAllocator*, void**)</a>
 <LI><a href="#[38e]">tflite::QuantizeMultiplier(double, long*, int*)</a>
 <LI><a href="#[395]">tflite::ReverseSortInPlace(int*, int*, int)</a>
 <LI><a href="#[35a]">tflite::CalculateOpDataConv(TfLiteContext*, TfLiteNode*, TfLiteConvParams const&, int, int, int, int, int, int, TfLiteType, tflite::OpDataConv*)</a>
 <LI><a href="#[34b]">tflite::ConvParamsQuantized(TfLiteConvParams const&, tflite::OpDataConv const&)</a>
 <LI><a href="#[1a5]">tflite::GreedyMemoryPlanner::GetBufferCount()</a>
 <LI><a href="#[1a9]">tflite::GreedyMemoryPlanner::PrintMemoryPlan()</a>
 <LI><a href="#[1a6]">tflite::GreedyMemoryPlanner::GetOffsetForBuffer(int, int*)</a>
 <LI><a href="#[1a4]">tflite::GreedyMemoryPlanner::GetMaximumMemorySize()</a>
 <LI><a href="#[394]">tflite::GreedyMemoryPlanner::CalculateOffsetsIfNeeded()</a>
 <LI><a href="#[396]">tflite::GreedyMemoryPlanner::NextSimultaneouslyActiveBuffer(tflite::GreedyMemoryPlanner::ListEntry const*, int, int)</a>
 <LI><a href="#[1a7]">tflite::GreedyMemoryPlanner::Init(unsigned char*, int)</a>
 <LI><a href="#[1a2]">tflite::GreedyMemoryPlanner::AddBuffer(int, int, int)</a>
 <LI><a href="#[1a3]">tflite::GreedyMemoryPlanner::AddBuffer(int, int, int, int)</a>
 <LI><a href="#[378]">tflite::GreedyMemoryPlanner::GreedyMemoryPlanner()</a>
 <LI><a href="#[490]">tflite::GreedyMemoryPlanner::GreedyMemoryPlanner__sub_object()</a>
 <LI><a href="#[1a1]">tflite::GreedyMemoryPlanner::~GreedyMemoryPlanner__deallocating()</a>
 <LI><a href="#[1a0]">tflite::GreedyMemoryPlanner::~GreedyMemoryPlanner()</a>
 <LI><a href="#[491]">tflite::GreedyMemoryPlanner::~GreedyMemoryPlanner__sub_object()</a>
 <LI><a href="#[1af]">tflite::LinearMemoryPlanner::GetBufferCount()</a>
 <LI><a href="#[1b0]">tflite::LinearMemoryPlanner::GetOffsetForBuffer(int, int*)</a>
 <LI><a href="#[1ae]">tflite::LinearMemoryPlanner::GetMaximumMemorySize()</a>
 <LI><a href="#[1ac]">tflite::LinearMemoryPlanner::AddBuffer(int, int, int)</a>
 <LI><a href="#[376]">tflite::LinearMemoryPlanner::LinearMemoryPlanner()</a>
 <LI><a href="#[492]">tflite::LinearMemoryPlanner::LinearMemoryPlanner__sub_object()</a>
 <LI><a href="#[1ab]">tflite::LinearMemoryPlanner::~LinearMemoryPlanner__deallocating()</a>
 <LI><a href="#[1aa]">tflite::LinearMemoryPlanner::~LinearMemoryPlanner()</a>
 <LI><a href="#[493]">tflite::LinearMemoryPlanner::~LinearMemoryPlanner__sub_object()</a>
 <LI><a href="#[358]">tflite::MaxPoolingEvalFloat(TfLiteContext*, TfLiteNode*, TfLitePoolParams*, tflite::OpDataPooling const*, TfLiteEvalTensor const*, TfLiteEvalTensor*)</a>
 <LI><a href="#[2f3]">tflite::Register_DEQUANTIZE()</a>
 <LI><a href="#[3a3]">tflite::ScopedMicroProfiler::~ScopedMicroProfiler()</a>
 <LI><a href="#[494]">tflite::ScopedMicroProfiler::~ScopedMicroProfiler__sub_object()</a>
 <LI><a href="#[399]">tflite::CalculateInputRadius(int, int, int)</a>
 <LI><a href="#[39c]">tflite::NumSubgraphOperators(tflite::Model const*, int)</a>
 <LI><a href="#[371]">tflite::NumSubgraphOperators(tflite::SubGraph const*)</a>
 <LI><a href="#[152]">tflite::ParseDepthwiseConv2D(tflite::Operator const*, tflite::ErrorReporter*, tflite::BuiltinDataAllocator*, void**)</a>
 <LI><a href="#[2f0]">tflite::Register_MAX_POOL_2D()</a>
 <LI><a href="#[39d]">tflite::AllocationInfoBuilder::ValidateSubgraph(tflite::SubGraph const*, TfLiteEvalTensor*)</a>
 <LI><a href="#[36d]">tflite::AllocationInfoBuilder::FreeAllocationInfo()</a>
 <LI><a href="#[367]">tflite::AllocationInfoBuilder::CreateAllocationInfo(int)</a>
 <LI><a href="#[36b]">tflite::AllocationInfoBuilder::MarkAllocationLifetimes(int, tflite::internal::ScratchBufferRequest*, tflite::ScratchBufferHandle*, tflite::SubgraphAllocations*)</a>
 <LI><a href="#[368]">tflite::AllocationInfoBuilder::GetOfflinePlannedOffsets(long const**)</a>
 <LI><a href="#[369]">tflite::AllocationInfoBuilder::InitializeAllocationInfo(long const*, tflite::SubgraphAllocations*)</a>
 <LI><a href="#[39e]">tflite::AllocationInfoBuilder::MarkSubgraphLifetimesIfNecessary(tflite::Operator const*, tflite::internal::ScratchBufferRequest*, tflite::ScratchBufferHandle*, tflite::SubgraphAllocations*)</a>
 <LI><a href="#[16e]">tflite::EvalQuantizeReference(TfLiteContext*, TfLiteNode*)</a>
 <LI><a href="#[38c]">tflite::GetMicroErrorReporter()</a>
 <LI><a href="#[162]">tflite::MicroContextGetTensor(TfLiteContext const*, int)</a>
 <LI><a href="#[1bb]">tflite::MicroInterpreterGraph::NumSubgraphs()</a>
 <LI><a href="#[1c0]">tflite::MicroInterpreterGraph::FreeSubgraphs()</a>
 <LI><a href="#[1bd]">tflite::MicroInterpreterGraph::InitSubgraphs()</a>
 <LI><a href="#[1b6]">tflite::MicroInterpreterGraph::InvokeSubgraph(int)</a>
 <LI><a href="#[1bf]">tflite::MicroInterpreterGraph::ResetSubgraphs()</a>
 <LI><a href="#[1b8]">tflite::MicroInterpreterGraph::GetSubgraphInput(int, int)</a>
 <LI><a href="#[1be]">tflite::MicroInterpreterGraph::PrepareSubgraphs()</a>
 <LI><a href="#[1ba]">tflite::MicroInterpreterGraph::GetSubgraphOutput(int, int)</a>
 <LI><a href="#[1b7]">tflite::MicroInterpreterGraph::NumSubgraphInputs(int)</a>
 <LI><a href="#[1b9]">tflite::MicroInterpreterGraph::NumSubgraphOutputs(int)</a>
 <LI><a href="#[1bc]">tflite::MicroInterpreterGraph::GetResourceVariables()</a>
 <LI><a href="#[1c1]">tflite::MicroInterpreterGraph::ResetVariableTensors()</a>
 <LI><a href="#[37b]">tflite::MicroInterpreterGraph::SetSubgraphAllocations(tflite::SubgraphAllocations*)</a>
 <LI><a href="#[389]">tflite::MicroInterpreterGraph::MicroInterpreterGraph(TfLiteContext*, tflite::Model const*, tflite::MicroAllocator*, tflite::MicroResourceVariables*)</a>
 <LI><a href="#[495]">tflite::MicroInterpreterGraph::MicroInterpreterGraph__sub_object(TfLiteContext*, tflite::Model const*, tflite::MicroAllocator*, tflite::MicroResourceVariables*)</a>
 <LI><a href="#[1b5]">tflite::MicroInterpreterGraph::~MicroInterpreterGraph__deallocating()</a>
 <LI><a href="#[1b4]">tflite::MicroInterpreterGraph::~MicroInterpreterGraph()</a>
 <LI><a href="#[496]">tflite::MicroInterpreterGraph::~MicroInterpreterGraph__sub_object()</a>
 <LI><a href="#[15e]">tflite::reference_integer_ops::AddFunc(signed char, signed char, tflite::ArithmeticParams const&)</a>
 <LI><a href="#[3a5]">tflite::BytesRequiredForTensor(tflite::Tensor const&, unsigned int*, unsigned int*)</a>
 <LI><a href="#[379]">tflite::CalculateOpDataPooling(TfLiteContext const*, TfLitePoolParams const*, TfLiteTensor const*, TfLiteTensor const*, tflite::OpDataPooling*)</a>
 <LI><a href="#[35f]">tflite::CalculateSoftmaxParams(TfLiteContext*, TfLiteTensor const*, TfLiteTensor*, TfLiteSoftmaxParams const*, tflite::SoftmaxParams*)</a>
 <LI><a href="#[3a4]">tflite::MicroResourceVariables::ResetAll()</a>
 <LI><a href="#[2ea]">tflite::Register_CONCATENATION()</a>
 <LI><a href="#[385]">tflite::EnumNameBuiltinOperator(tflite::BuiltinOperator)</a>
 <LI><a href="#[1cf]">tflite::MicroInterpreterContext::GetEvalTensor(int)</a>
 <LI><a href="#[1ca]">tflite::MicroInterpreterContext::GetScratchBuffer(int)</a>
 <LI><a href="#[1d1]">tflite::MicroInterpreterContext::external_context()</a>
 <LI><a href="#[1cd]">tflite::MicroInterpreterContext::AllocateTempBuffer(unsigned int, unsigned int)</a>
 <LI><a href="#[37d]">tflite::MicroInterpreterContext::SetInterpreterState(tflite::MicroInterpreterContext::InterpreterState)</a>
 <LI><a href="#[1ce]">tflite::MicroInterpreterContext::DeallocateTempBuffer(unsigned char*)</a>
 <LI><a href="#[1d0]">tflite::MicroInterpreterContext::set_external_context(void*)</a>
 <LI><a href="#[37e]">tflite::MicroInterpreterContext::SetScratchBufferHandles(tflite::ScratchBufferHandle*)</a>
 <LI><a href="#[1c8]">tflite::MicroInterpreterContext::AllocatePersistentBuffer(unsigned int)</a>
 <LI><a href="#[1cb]">tflite::MicroInterpreterContext::AllocateTempTfLiteTensor(int)</a>
 <LI><a href="#[1cc]">tflite::MicroInterpreterContext::DeallocateTempTfLiteTensor(TfLiteTensor*)</a>
 <LI><a href="#[1c9]">tflite::MicroInterpreterContext::RequestScratchBufferInArena(unsigned int, int*)</a>
 <LI><a href="#[1d2]">tflite::MicroInterpreterContext::graph()</a>
 <LI><a href="#[38a]">tflite::MicroInterpreterContext::MicroInterpreterContext(tflite::MicroAllocator*, tflite::Model const*, tflite::MicroInterpreterGraph*)</a>
 <LI><a href="#[497]">tflite::MicroInterpreterContext::MicroInterpreterContext__sub_object(tflite::MicroAllocator*, tflite::Model const*, tflite::MicroInterpreterGraph*)</a>
 <LI><a href="#[1c7]">tflite::MicroInterpreterContext::~MicroInterpreterContext__deallocating()</a>
 <LI><a href="#[1c6]">tflite::MicroInterpreterContext::~MicroInterpreterContext()</a>
 <LI><a href="#[498]">tflite::MicroInterpreterContext::~MicroInterpreterContext__sub_object()</a>
 <LI><a href="#[387]">tflite::CallBuiltinParseFunction(TfLiteStatus (*)(tflite::Operator const*, tflite::ErrorReporter*, tflite::BuiltinDataAllocator*, void**), tflite::Operator const*, tflite::BuiltinDataAllocator*, void**)</a>
 <LI><a href="#[34d]">tflite::DepthwiseConvParamsFloat(TfLiteDepthwiseConvParams const&, tflite::OpDataConv const&)</a>
 <LI><a href="#[16f]">tflite::PrepareQuantizeReference(TfLiteContext*, TfLiteNode*)</a>
 <LI><a href="#[3a8]">tflite::PreprocessSoftmaxScaling(double, double, int, long*, int*)</a>
 <LI><a href="#[383]">tflite::GetRegistrationFromOpCode(tflite::OperatorCode const*, tflite::MicroOpResolver const&, TFLMRegistration const**)</a>
 <LI><a href="#[163]">tflite::MicroContextGetEvalTensor(TfLiteContext const*, int)</a>
 <LI><a href="#[161]">tflite::MicroContextReportOpError(TfLiteContext*, char const*, ...)</a>
 <LI><a href="#[150]">tflite::ParseResizeNearestNeighbor(tflite::Operator const*, tflite::ErrorReporter*, tflite::BuiltinDataAllocator*, void**)</a>
 <LI><a href="#[2ef]">tflite::Register_DEPTHWISE_CONV_2D()</a>
 <LI><a href="#[1d5]">tflite::SingleArenaBufferAllocator::AllocateTemp(unsigned int, unsigned int)</a>
 <LI><a href="#[1da]">tflite::SingleArenaBufferAllocator::ResizeBuffer(unsigned char*, unsigned int, unsigned int)</a>
 <LI><a href="#[1d6]">tflite::SingleArenaBufferAllocator::DeallocateTemp(unsigned char*)</a>
 <LI><a href="#[1d7]">tflite::SingleArenaBufferAllocator::IsAllTempDeallocated()</a>
 <LI><a href="#[1d8]">tflite::SingleArenaBufferAllocator::ResetTempAllocations()</a>
 <LI><a href="#[1d9]">tflite::SingleArenaBufferAllocator::AllocateResizableBuffer(unsigned int, unsigned int)</a>
 <LI><a href="#[1e0]">tflite::SingleArenaBufferAllocator::AllocatePersistentBuffer(unsigned int, unsigned int)</a>
 <LI><a href="#[1db]">tflite::SingleArenaBufferAllocator::DeallocateResizableBuffer(unsigned char*)</a>
 <LI><a href="#[1dd]">tflite::SingleArenaBufferAllocator::ReserveNonPersistentOverlayMemory(unsigned int, unsigned int)</a>
 <LI><a href="#[375]">tflite::SingleArenaBufferAllocator::Create(unsigned char*, unsigned int)</a>
 <LI><a href="#[3ae]">tflite::SingleArenaBufferAllocator::SingleArenaBufferAllocator(unsigned char*, unsigned char*)</a>
 <LI><a href="#[499]">tflite::SingleArenaBufferAllocator::SingleArenaBufferAllocator__sub_object(unsigned char*, unsigned char*)</a>
 <LI><a href="#[3ad]">tflite::SingleArenaBufferAllocator::SingleArenaBufferAllocator(unsigned char*, unsigned int)</a>
 <LI><a href="#[49a]">tflite::SingleArenaBufferAllocator::SingleArenaBufferAllocator__sub_object(unsigned char*, unsigned int)</a>
 <LI><a href="#[1d4]">tflite::SingleArenaBufferAllocator::~SingleArenaBufferAllocator__deallocating()</a>
 <LI><a href="#[1d3]">tflite::SingleArenaBufferAllocator::~SingleArenaBufferAllocator()</a>
 <LI><a href="#[49b]">tflite::SingleArenaBufferAllocator::~SingleArenaBufferAllocator__sub_object()</a>
 <LI><a href="#[362]">tflite::TfLiteEvalTensorByteLength(TfLiteEvalTensor const*, unsigned int*)</a>
 <LI><a href="#[35d]">tflite::CalculateOpDataDepthwiseConv(TfLiteContext*, TfLiteNode*, TfLiteDepthwiseConvParams const&, int, int, int, int, int, int, TfLiteType, tflite::OpDataConv*)</a>
 <LI><a href="#[167]">tflite::MicroContextGetScratchBuffer(TfLiteContext*, int)</a>
 <LI><a href="#[338]">bool tflite::ReduceDimensionsForBroadcast&lang;6&rang;(tflite::RuntimeShape const&, tflite::RuntimeShape const&, unsigned int*, unsigned int*, unsigned int*)</a>
 <LI><a href="#[3a1]">tflite::MultiplyByQuantizedMultiplier(long, long, int)</a>
 <LI><a href="#[165]">tflite::MicroContextGetExternalContext(TfLiteContext*, TfLiteExternalContextType)</a>
 <LI><a href="#[3af]">tflite::GetQuantizedConvolutionMultipler(TfLiteContext*, TfLiteTensor const*, TfLiteTensor const*, TfLiteTensor*, double*)</a>
 <LI><a href="#[3b0]">tflite::GetQuantizedConvolutionMultipler(TfLiteContext*, TfLiteTensor const*, TfLiteTensor const*, TfLiteTensor const*, TfLiteTensor*, double*)</a>
 <LI><a href="#[3aa]">tflite::QuantizeMultiplierGreaterThanOne(double, long*, int*)</a>
 <LI><a href="#[2ed]">tflite::Register_RESIZE_NEAREST_NEIGHBOR()</a>
 <LI><a href="#[319]">tflite::CalculateActivationRangeQuantized(TfLiteContext*, TfLiteFusedActivation, TfLiteTensor*, long*, long*)</a>
 <LI><a href="#[3bb]">tflite::FlatBufferVectorToTfLiteTypeArray(flatbuffers::Vector&lang;float&rang; const*)</a>
 <LI><a href="#[386]">tflite::FlatBufferVectorToTfLiteTypeArray(flatbuffers::Vector&lang;long&rang; const*)</a>
 <LI><a href="#[318]">tflite::QuantizeMultiplierSmallerThanOneExp(double, long*, int*)</a>
 <LI><a href="#[166]">tflite::MicroContextAllocatePersistentBuffer(TfLiteContext*, unsigned int)</a>
 <LI><a href="#[393]">tflite::PopulateConvolutionQuantizationParams(TfLiteContext*, TfLiteTensor const*, TfLiteTensor const*, TfLiteTensor const*, TfLiteTensor*, TfLiteFusedActivation const&, long*, int*, long*, long*, long*, long*, int)</a>
 <LI><a href="#[164]">tflite::MicroContextRequestScratchBufferInArena(TfLiteContext*, unsigned int, int*)</a>
 <LI><a href="#[322]">tflite::micro::RegisterOp(void* (*)(TfLiteContext*, char const*, unsigned int), TfLiteStatus (*)(TfLiteContext*, TfLiteNode*), TfLiteStatus (*)(TfLiteContext*, TfLiteNode*), void (*)(TfLiteContext*, void*), void (*)(TfLiteContext*, void*))</a>
 <LI><a href="#[324]">tflite::micro::GetEvalInput(TfLiteContext const*, TfLiteNode const*, int)</a>
 <LI><a href="#[325]">tflite::micro::GetEvalOutput(TfLiteContext const*, TfLiteNode const*, int)</a>
 <LI><a href="#[328]">tflite::micro::GetTensorShape(TfLiteEvalTensor const*)</a>
 <LI><a href="#[37a]">tflite::micro::RuntimePaddingType(TfLitePadding)</a>
 <LI><a href="#[349]">tflite::micro::MakeUnpackedInt4Tensor(TfLiteContext*, int, TfLiteEvalTensor const*)</a>
 <LI><a href="#[158]">tflite::EvalAdd(TfLiteContext*, TfLiteNode*)</a>
 <LI><a href="#[15a]">tflite::InitAdd(TfLiteContext*, char const*, unsigned int)</a>
 <LI><a href="#[154]">tflite::ParseAdd(tflite::Operator const*, tflite::ErrorReporter*, tflite::BuiltinDataAllocator*, void**)</a>
 <LI><a href="#[14c]">tflite::ParsePad(tflite::Operator const*, tflite::ErrorReporter*, tflite::BuiltinDataAllocator*, void**)</a>
 <LI><a href="#[3b6]">tflite::internal::GetFlatbufferTensorBuffer(tflite::Tensor const&, flatbuffers::Vector&lang;flatbuffers::Offset&lang;tflite::Buffer&rang;&rang; const*)</a>
 <LI><a href="#[373]">tflite::internal::InitializeTfLiteTensorFromFlatbuffer(tflite::IPersistentBufferAllocator*, tflite::INonPersistentBufferAllocator*, bool, tflite::Tensor const&, flatbuffers::Vector&lang;flatbuffers::Offset&lang;tflite::Buffer&rang;&rang; const*, TfLiteTensor*)</a>
 <LI><a href="#[36f]">tflite::internal::InitializeTfLiteEvalTensorFromFlatbuffer(tflite::Tensor const&, flatbuffers::Vector&lang;flatbuffers::Offset&lang;tflite::Buffer&rang;&rang; const*, TfLiteEvalTensor*)</a>
 <LI><a href="#[153]">tflite::ParsePool(tflite::Operator const*, tflite::ErrorReporter*, tflite::BuiltinDataAllocator*, void**)</a>
 <LI><a href="#[303]">flatbuffers::Table::GetOptionalFieldOffset(unsigned short) const</a>
 <LI><a href="#[31c]">signed char flatbuffers::Table::GetField&lang;signed char&rang;(unsigned short, signed char) const</a>
 <LI><a href="#[321]">float flatbuffers::Table::GetField&lang;float&rang;(unsigned short, float) const</a>
 <LI><a href="#[3ab]">unsigned char flatbuffers::Table::GetField&lang;unsigned char&rang;(unsigned short, unsigned char) const</a>
 <LI><a href="#[31e]">long flatbuffers::Table::GetField&lang;long&rang;(unsigned short, long) const</a>
 <LI><a href="#[2ca]">tflite::MicroAllocator::used_bytes() const</a>
 <LI><a href="#[1a8]">tflite::GreedyMemoryPlanner::preserves_all_tensors() const</a>
 <LI><a href="#[397]">tflite::GreedyMemoryPlanner::DoesEntryOverlapInTime(tflite::GreedyMemoryPlanner::ListEntry const*, int, int) const</a>
 <LI><a href="#[1b2]">tflite::LinearMemoryPlanner::preserves_all_tensors() const</a>
 <LI><a href="#[3b9]">tflite::QuantizationParameters::zero_point() const</a>
 <LI><a href="#[3b8]">tflite::QuantizationParameters::scale() const</a>
 <LI><a href="#[1df]">tflite::SingleArenaBufferAllocator::GetAvailableMemory(unsigned int) const</a>
 <LI><a href="#[1e1]">tflite::SingleArenaBufferAllocator::GetPersistentUsedBytes() const</a>
 <LI><a href="#[1dc]">tflite::SingleArenaBufferAllocator::GetOverlayMemoryAddress() const</a>
 <LI><a href="#[1de]">tflite::SingleArenaBufferAllocator::GetNonPersistentUsedBytes() const</a>
 <LI><a href="#[365]">tflite::Model::subgraphs() const</a>
 <LI><a href="#[361]">tflite::Tensor::is_variable() const</a>
 <LI><a href="#[3b7]">tflite::Tensor::type() const</a>
 <LI><a href="#[31b]">tflite::Operator::builtin_options() const</a>
 <LI><a href="#[31a]">tflite::Operator::builtin_options_type() const</a>
 <LI><a href="#[360]">tflite::SubGraph::tensors() const</a>
 <LI><a href="#[1e4]">non-virtual thunk to tflite::SingleArenaBufferAllocator::AllocatePersistentBuffer(unsigned int, unsigned int)</a>
 <LI><a href="#[1e3]">non-virtual thunk to tflite::SingleArenaBufferAllocator::~SingleArenaBufferAllocator__deallocating()</a>
 <LI><a href="#[1e2]">non-virtual thunk to tflite::SingleArenaBufferAllocator::~SingleArenaBufferAllocator()</a>
 <LI><a href="#[1e5]">non-virtual thunk to tflite::SingleArenaBufferAllocator::GetPersistentUsedBytes() const</a>
 <LI><a href="#[2e2]">__wfe</a>
 <LI><a href="#[3c1]">addTraceToBuffer</a>
 <LI><a href="#[3c3]">arm_convolve_1_x_n_s8</a>
 <LI><a href="#[3c4]">arm_convolve_1_x_n_s8_get_buffer_size</a>
 <LI><a href="#[3c6]">arm_convolve_1x1_s8</a>
 <LI><a href="#[3c8]">arm_convolve_1x1_s8_fast</a>
 <LI><a href="#[3c9]">arm_convolve_fast_s16</a>
 <LI><a href="#[3ce]">arm_convolve_s16</a>
 <LI><a href="#[3c5]">arm_convolve_s8</a>
 <LI><a href="#[3cb]">arm_convolve_s8_get_buffer_size</a>
 <LI><a href="#[344]">arm_convolve_wrapper_s16</a>
 <LI><a href="#[35c]">arm_convolve_wrapper_s16_get_buffer_size</a>
 <LI><a href="#[340]">arm_convolve_wrapper_s8</a>
 <LI><a href="#[35b]">arm_convolve_wrapper_s8_get_buffer_size</a>
 <LI><a href="#[3d3]">arm_depthwise_conv_3x3_s8</a>
 <LI><a href="#[346]">arm_depthwise_conv_s16</a>
 <LI><a href="#[3d2]">arm_depthwise_conv_s8</a>
 <LI><a href="#[3cf]">arm_depthwise_conv_s8_opt</a>
 <LI><a href="#[3d1]">arm_depthwise_conv_s8_opt_get_buffer_size</a>
 <LI><a href="#[342]">arm_depthwise_conv_wrapper_s8</a>
 <LI><a href="#[35e]">arm_depthwise_conv_wrapper_s8_get_buffer_size</a>
 <LI><a href="#[33c]">arm_elementwise_add_s16</a>
 <LI><a href="#[339]">arm_elementwise_add_s8</a>
 <LI><a href="#[334]">arm_max_pool_s16</a>
 <LI><a href="#[335]">arm_max_pool_s8</a>
 <LI><a href="#[3ca]">arm_nn_mat_mult_kernel_s16</a>
 <LI><a href="#[3cd]">arm_nn_mat_mult_kernel_s8_s16</a>
 <LI><a href="#[3c7]">arm_nn_mat_mult_nt_t_s8</a>
 <LI><a href="#[3d4]">arm_nn_softmax_common_s8</a>
 <LI><a href="#[3d0]">arm_q7_to_q15_with_offset</a>
 <LI><a href="#[3cc]">arm_s8_to_s16_unordered_with_offset</a>
 <LI><a href="#[327]">arm_softmax_s16</a>
 <LI><a href="#[32c]">arm_softmax_s8</a>
 <LI><a href="#[32b]">arm_softmax_s8_s16</a>
 <LI><a href="#[3d7]">driverAlloc</a>
 <LI><a href="#[3d9]">driverFree</a>
 <LI><a href="#[3c2]">getTime</a>
 <LI><a href="#[353]">neutronDeinit</a>
 <LI><a href="#[3f8]">neutronFwInit</a>
 <LI><a href="#[3f1]">neutronFwInterpreter</a>
 <LI><a href="#[354]">neutronInit</a>
 <LI><a href="#[359]">neutronModelPrepare</a>
 <LI><a href="#[352]">neutronModelUnprepare</a>
 <LI><a href="#[348]">neutronRunBlocking</a>
 <LI><a href="#[347]">neutronSetTrace</a>
 <LI><a href="#[2d9]">neutron_done</a>
 <LI><a href="#[2a8]">neutron_exec</a>
 <LI><a href="#[3f0]">privateNeutronDeinit</a>
 <LI><a href="#[3f3]">privateNeutronInit</a>
 <LI><a href="#[3f4]">privateNeutronModelPrepare</a>
 <LI><a href="#[3f5]">privateNeutronModelUnprepare</a>
 <LI><a href="#[3f6]">privateNeutronRunBlocking</a>
 <LI><a href="#[3f7]">privateNeutronSetTrace</a>
 <LI><a href="#[2e1]">relocateData</a>
 <LI><a href="#[2db]">traceEvent</a>
 <LI><a href="#[3f2]">validateArgsSz</a>
 <LI><a href="#[188]">tflite::(anonymous namespace)::MicroBuiltinDataAllocator::Allocate(unsigned int, unsigned int)</a>
 <LI><a href="#[189]">tflite::(anonymous namespace)::MicroBuiltinDataAllocator::Deallocate(void*)</a>
 <LI><a href="#[18b]">tflite::(anonymous namespace)::MicroBuiltinDataAllocator::~MicroBuiltinDataAllocator__deallocating()</a>
 <LI><a href="#[18a]">tflite::(anonymous namespace)::MicroBuiltinDataAllocator::~MicroBuiltinDataAllocator()</a>
 <LI><a href="#[37f]">tflite::MicroInterpreter::inputs_size() const (.isra.0)</a>
 <LI><a href="#[380]">tflite::MicroInterpreter::outputs_size() const (.isra.0)</a>
 <LI><a href="#[2e7]">(anonymous namespace)::VDebugLog(char const*, ...) (.constprop.0)</a>
 <LI><a href="#[31d]">tflite::(anonymous namespace)::ConvertPadding(tflite::Padding)</a>
 <LI><a href="#[320]">tflite::(anonymous namespace)::SafeBuiltinDataAllocator::BuiltinDataDeleter::operator()(void*) (.isra.0)</a>
 <LI><a href="#[33a]">void tflite::reference_integer_ops::BroadcastAddRecursiveDimensions&lang;signed char&rang;(tflite::ArithmeticParams const&, int, unsigned int*, unsigned int*, unsigned int*, unsigned int*, unsigned int*, unsigned int*, signed char const*, signed char const*, signed char*, void (*)(tflite::ArithmeticParams const&), signed char (*)(signed char, signed char, tflite::ArithmeticParams const&)) (.isra.0)</a>
 <LI><a href="#[336]">tflite::(anonymous namespace)::EvalAddQuantizedInt8(TfLiteContext*, TfLiteNode*, TfLiteAddParams*, tflite::(anonymous namespace)::OpData const*, TfLiteEvalTensor const*, TfLiteEvalTensor const*, TfLiteEvalTensor*) (.constprop.0)</a>
 <LI><a href="#[33b]">tflite::(anonymous namespace)::EvalAddQuantizedInt16(TfLiteContext*, TfLiteNode*, TfLiteAddParams*, tflite::(anonymous namespace)::OpData const*, TfLiteEvalTensor const*, TfLiteEvalTensor const*, TfLiteEvalTensor*) (.constprop.0)</a>
 <LI><a href="#[355]">tflite::(anonymous namespace)::EvalAdd(TfLiteContext*, TfLiteNode*, TfLiteAddParams*, tflite::(anonymous namespace)::OpData const*, TfLiteEvalTensor const*, TfLiteEvalTensor const*, TfLiteEvalTensor*) (.constprop.0)</a>
 <LI><a href="#[179]">tflite::(anonymous namespace)::Init(TfLiteContext*, char const*, unsigned int)</a>
 <LI><a href="#[178]">tflite::(anonymous namespace)::Prepare(TfLiteContext*, TfLiteNode*)</a>
 <LI><a href="#[332]">void tflite::(anonymous namespace)::EvalUnquantized&lang;long long&rang;(TfLiteContext*, TfLiteNode*)</a>
 <LI><a href="#[32e]">void tflite::(anonymous namespace)::EvalUnquantized&lang;bool&rang;(TfLiteContext*, TfLiteNode*)</a>
 <LI><a href="#[32d]">void tflite::(anonymous namespace)::EvalUnquantized&lang;signed char&rang;(TfLiteContext*, TfLiteNode*)</a>
 <LI><a href="#[331]">void tflite::(anonymous namespace)::EvalUnquantized&lang;short&rang;(TfLiteContext*, TfLiteNode*)</a>
 <LI><a href="#[330]">void tflite::(anonymous namespace)::EvalUnquantized&lang;long&rang;(TfLiteContext*, TfLiteNode*)</a>
 <LI><a href="#[32f]">void tflite::(anonymous namespace)::EvalUnquantized&lang;float&rang;(TfLiteContext*, TfLiteNode*)</a>
 <LI><a href="#[177]">tflite::(anonymous namespace)::Eval(TfLiteContext*, TfLiteNode*)</a>
 <LI><a href="#[16a]">tflite::(anonymous namespace)::Init(TfLiteContext*, char const*, unsigned int)</a>
 <LI><a href="#[169]">tflite::(anonymous namespace)::Prepare(TfLiteContext*, TfLiteNode*)</a>
 <LI><a href="#[343]">tflite::(anonymous namespace)::EvalQuantizedPerChannel16x8(TfLiteContext*, TfLiteNode*, TfLiteConvParams const&, tflite::(anonymous namespace)::OpData const&, TfLiteEvalTensor const*, TfLiteEvalTensor const*, TfLiteEvalTensor const*, TfLiteEvalTensor*) (.constprop.0)</a>
 <LI><a href="#[33f]">tflite::(anonymous namespace)::EvalQuantizedPerChannel(TfLiteContext*, TfLiteNode*, TfLiteConvParams const&, tflite::(anonymous namespace)::OpData const&, TfLiteEvalTensor const*, TfLiteEvalTensor const*, TfLiteEvalTensor const*, TfLiteEvalTensor*) (.constprop.0)</a>
 <LI><a href="#[34c]">void tflite::reference_integer_ops::ConvPerChannel&lang;long&rang;(tflite::ConvParams const&, long const*, long const*, tflite::RuntimeShape const&, short const*, tflite::RuntimeShape const&, signed char const*, tflite::RuntimeShape const&, long const*, tflite::RuntimeShape const&, short*) (.isra.0)</a>
 <LI><a href="#[168]">tflite::(anonymous namespace)::Eval(TfLiteContext*, TfLiteNode*)</a>
 <LI><a href="#[180]">tflite::(anonymous namespace)::Init(TfLiteContext*, char const*, unsigned int)</a>
 <LI><a href="#[17f]">tflite::(anonymous namespace)::Prepare(TfLiteContext*, TfLiteNode*)</a>
 <LI><a href="#[345]">tflite::(anonymous namespace)::EvalQuantizedPerChannel16x8(TfLiteContext*, TfLiteNode*, TfLiteDepthwiseConvParams const&, tflite::(anonymous namespace)::OpData const&, TfLiteEvalTensor const*, TfLiteEvalTensor const*, TfLiteEvalTensor const*, TfLiteEvalTensor*) (.constprop.0)</a>
 <LI><a href="#[341]">tflite::(anonymous namespace)::EvalQuantizedPerChannel(TfLiteContext*, TfLiteNode*, TfLiteDepthwiseConvParams const&, tflite::(anonymous namespace)::OpData const&, TfLiteEvalTensor const*, TfLiteEvalTensor const*, TfLiteEvalTensor const*, TfLiteEvalTensor*) (.constprop.0)</a>
 <LI><a href="#[17e]">tflite::(anonymous namespace)::Eval(TfLiteContext*, TfLiteNode*)</a>
 <LI><a href="#[15d]">tflite::(anonymous namespace)::Init(TfLiteContext*, char const*, unsigned int)</a>
 <LI><a href="#[15b]">tflite::(anonymous namespace)::Eval(TfLiteContext*, TfLiteNode*)</a>
 <LI><a href="#[176]">tflite::(anonymous namespace)::Init(TfLiteContext*, char const*, unsigned int)</a>
 <LI><a href="#[175]">tflite::(anonymous namespace)::MaxPrepare(TfLiteContext*, TfLiteNode*)</a>
 <LI><a href="#[333]">tflite::(anonymous namespace)::MaxEvalQuantized(TfLiteContext*, TfLiteNode const*, TfLitePoolParams const*, tflite::(anonymous namespace)::OpData const&, TfLiteEvalTensor const*, TfLiteEvalTensor*) (.constprop.0.isra.0)</a>
 <LI><a href="#[174]">tflite::(anonymous namespace)::MaxEval(TfLiteContext*, TfLiteNode*)</a>
 <LI><a href="#[170]">tflite::(anonymous namespace)::Init(TfLiteContext*, char const*, unsigned int)</a>
 <LI><a href="#[182]">tflite::(anonymous namespace)::Prepare(TfLiteContext*, TfLiteNode*)</a>
 <LI><a href="#[181]">tflite::(anonymous namespace)::Eval(TfLiteContext*, TfLiteNode*)</a>
 <LI><a href="#[160]">tflite::(anonymous namespace)::Prepare(TfLiteContext*, TfLiteNode*)</a>
 <LI><a href="#[15f]">tflite::(anonymous namespace)::Eval(TfLiteContext*, TfLiteNode*)</a>
 <LI><a href="#[16d]">tflite::(anonymous namespace)::Init(TfLiteContext*, char const*, unsigned int)</a>
 <LI><a href="#[16b]">tflite::(anonymous namespace)::SoftmaxEval(TfLiteContext*, TfLiteNode*)</a>
 <LI><a href="#[16c]">tflite::(anonymous namespace)::Prepare(TfLiteContext*, TfLiteNode*)</a>
 <LI><a href="#[3a2]">tflite::(anonymous namespace)::OpNameFromRegistration(TFLMRegistration const*)</a>
 <LI><a href="#[3be]">.LTHUNK3</a>
 <LI><a href="#[3bd]">.LTHUNK2</a>
 <LI><a href="#[3b3]">tflite::(anonymous namespace)::Quantize(TfLiteContext*, float, long, float, long&)</a>
 <LI><a href="#[3a7]">tflite::CalculateSoftmaxParams(TfLiteContext*, TfLiteTensor const*, TfLiteTensor*, TfLiteSoftmaxParams const*, tflite::SoftmaxParams*) (.part.0)</a>
 <LI><a href="#[33e]">tflite::(anonymous namespace)::InitializeLutForInt16(TfLiteContext*, TfLiteTensor const*, TfLiteTensor*, tflite::SoftmaxParams*)</a>
</UL>
</UL>
<P>
<H3>
Mutually Recursive functions
</H3> <LI><a href="#[30d]">std::__2::__forward_list_node&lang;yolo::image::Detection, void*&rang;* std::__2::forward_list&lang;yolo::image::Detection, std::__2::allocator&lang;yolo::image::Detection&rang;&rang;::__sort&lang;yolo::DetectorPostProcess::GetNetworkBoxes(yolo::object_detection::Network&, int, int, float, std::__2::forward_list&lang;yolo::image::Detection, std::__2::allocator&lang;yolo::image::Detection&rang;&rang;&)::$_1&rang;(std::__2::__forward_list_node&lang;yolo::image::Detection, void*&rang;*, int, yolo::DetectorPostProcess::GetNetworkBoxes(yolo::object_detection::Network&, int, int, float, std::__2::forward_list&lang;yolo::image::Detection, std::__2::allocator&lang;yolo::image::Detection&rang;&rang;&)::$_1&)</a>&nbsp;&nbsp;&nbsp;&rArr;&nbsp;&nbsp;&nbsp;<a href="#[30d]">std::__2::__forward_list_node&lang;yolo::image::Detection, void*&rang;* std::__2::forward_list&lang;yolo::image::Detection, std::__2::allocator&lang;yolo::image::Detection&rang;&rang;::__sort&lang;yolo::DetectorPostProcess::GetNetworkBoxes(yolo::object_detection::Network&, int, int, float, std::__2::forward_list&lang;yolo::image::Detection, std::__2::allocator&lang;yolo::image::Detection&rang;&rang;&)::$_1&rang;(std::__2::__forward_list_node&lang;yolo::image::Detection, void*&rang;*, int, yolo::DetectorPostProcess::GetNetworkBoxes(yolo::object_detection::Network&, int, int, float, std::__2::forward_list&lang;yolo::image::Detection, std::__2::allocator&lang;yolo::image::Detection&rang;&rang;&)::$_1&)</a><BR>
 <LI><a href="#[310]">std::__2::__forward_list_node&lang;yolo::image::Detection, void*&rang;* std::__2::forward_list&lang;yolo::image::Detection, std::__2::allocator&lang;yolo::image::Detection&rang;&rang;::__sort&lang;yolo::image::CalculateNMS(std::__2::forward_list&lang;yolo::image::Detection, std::__2::allocator&lang;yolo::image::Detection&rang;&rang;&, int, float)::$_0&rang;(std::__2::__forward_list_node&lang;yolo::image::Detection, void*&rang;*, int, yolo::image::CalculateNMS(std::__2::forward_list&lang;yolo::image::Detection, std::__2::allocator&lang;yolo::image::Detection&rang;&rang;&, int, float)::$_0&)</a>&nbsp;&nbsp;&nbsp;&rArr;&nbsp;&nbsp;&nbsp;<a href="#[310]">std::__2::__forward_list_node&lang;yolo::image::Detection, void*&rang;* std::__2::forward_list&lang;yolo::image::Detection, std::__2::allocator&lang;yolo::image::Detection&rang;&rang;::__sort&lang;yolo::image::CalculateNMS(std::__2::forward_list&lang;yolo::image::Detection, std::__2::allocator&lang;yolo::image::Detection&rang;&rang;&, int, float)::$_0&rang;(std::__2::__forward_list_node&lang;yolo::image::Detection, void*&rang;*, int, yolo::image::CalculateNMS(std::__2::forward_list&lang;yolo::image::Detection, std::__2::allocator&lang;yolo::image::Detection&rang;&rang;&, int, float)::$_0&)</a><BR>
 <LI><a href="#[39e]">tflite::AllocationInfoBuilder::MarkSubgraphLifetimesIfNecessary(tflite::Operator const*, tflite::internal::ScratchBufferRequest*, tflite::ScratchBufferHandle*, tflite::SubgraphAllocations*)</a>&nbsp;&nbsp;&nbsp;&rArr;&nbsp;&nbsp;&nbsp;<a href="#[36b]">tflite::AllocationInfoBuilder::MarkAllocationLifetimes(int, tflite::internal::ScratchBufferRequest*, tflite::ScratchBufferHandle*, tflite::SubgraphAllocations*)</a><BR>
 <LI><a href="#[357]">void tflite::reference_ops::BroadcastAddRecursiveDimensions&lang;long&rang;(int, unsigned int*, unsigned int*, unsigned int*, unsigned int*, unsigned int*, unsigned int*, long, long, long const*, long const*, long*)</a>&nbsp;&nbsp;&nbsp;&rArr;&nbsp;&nbsp;&nbsp;<a href="#[357]">void tflite::reference_ops::BroadcastAddRecursiveDimensions&lang;long&rang;(int, unsigned int*, unsigned int*, unsigned int*, unsigned int*, unsigned int*, unsigned int*, long, long, long const*, long const*, long*)</a><BR>
 <LI><a href="#[356]">void tflite::reference_ops::BroadcastAddRecursiveDimensions&lang;float&rang;(int, unsigned int*, unsigned int*, unsigned int*, unsigned int*, unsigned int*, unsigned int*, float, float, float const*, float const*, float*)</a>&nbsp;&nbsp;&nbsp;&rArr;&nbsp;&nbsp;&nbsp;<a href="#[356]">void tflite::reference_ops::BroadcastAddRecursiveDimensions&lang;float&rang;(int, unsigned int*, unsigned int*, unsigned int*, unsigned int*, unsigned int*, unsigned int*, float, float, float const*, float const*, float*)</a><BR>
 <LI><a href="#[33d]">void tflite::reference_ops::BroadcastAddRecursiveDimensions&lang;short&rang;(tflite::ArithmeticParams const&, int, unsigned int*, unsigned int*, unsigned int*, unsigned int*, unsigned int*, unsigned int*, short const*, short const*, short*)</a>&nbsp;&nbsp;&nbsp;&rArr;&nbsp;&nbsp;&nbsp;<a href="#[33d]">void tflite::reference_ops::BroadcastAddRecursiveDimensions&lang;short&rang;(tflite::ArithmeticParams const&, int, unsigned int*, unsigned int*, unsigned int*, unsigned int*, unsigned int*, unsigned int*, short const*, short const*, short*)</a><BR>
 <LI><a href="#[33a]">void tflite::reference_integer_ops::BroadcastAddRecursiveDimensions&lang;signed char&rang;(tflite::ArithmeticParams const&, int, unsigned int*, unsigned int*, unsigned int*, unsigned int*, unsigned int*, unsigned int*, signed char const*, signed char const*, signed char*, void (*)(tflite::ArithmeticParams const&), signed char (*)(signed char, signed char, tflite::ArithmeticParams const&)) (.isra.0)</a>&nbsp;&nbsp;&nbsp;&rArr;&nbsp;&nbsp;&nbsp;<a href="#[33a]">void tflite::reference_integer_ops::BroadcastAddRecursiveDimensions&lang;signed char&rang;(tflite::ArithmeticParams const&, int, unsigned int*, unsigned int*, unsigned int*, unsigned int*, unsigned int*, unsigned int*, signed char const*, signed char const*, signed char*, void (*)(tflite::ArithmeticParams const&), signed char (*)(signed char, signed char, tflite::ArithmeticParams const&)) (.isra.0)</a><BR>
 <LI><a href="#[2c1]">LPUART_Deinit</a>&nbsp;&nbsp;&nbsp;&rArr;&nbsp;&nbsp;&nbsp;<a href="#[2c1]">LPUART_Deinit</a><BR>
</UL>
<P>
<H3>
Function Pointers
</H3><UL>
 <LI><a href="#[d7]">ADC0_DriverIRQHandler</a> from startup_mcxn947_cm33_core0.o(.text) referenced from startup_mcxn947_cm33_core0.o(.text)
 <LI><a href="#[39]">ADC0_IRQHandler</a> from startup_mcxn947_cm33_core0.o(.text) referenced from startup_mcxn947_cm33_core0.o(.isr_vector)
 <LI><a href="#[d8]">ADC1_DriverIRQHandler</a> from startup_mcxn947_cm33_core0.o(.text) referenced from startup_mcxn947_cm33_core0.o(.text)
 <LI><a href="#[3a]">ADC1_IRQHandler</a> from startup_mcxn947_cm33_core0.o(.text) referenced from startup_mcxn947_cm33_core0.o(.isr_vector)
 <LI><a href="#[12f]">BSP32_DriverIRQHandler</a> from startup_mcxn947_cm33_core0.o(.text) referenced from startup_mcxn947_cm33_core0.o(.text)
 <LI><a href="#[91]">BSP32_IRQHandler</a> from startup_mcxn947_cm33_core0.o(.text) referenced from startup_mcxn947_cm33_core0.o(.isr_vector)
 <LI><a href="#[5]">BusFault_Handler</a> from startup_mcxn947_cm33_core0.o(.text) referenced from startup_mcxn947_cm33_core0.o(.isr_vector)
 <LI><a href="#[e8]">CAN0_DriverIRQHandler</a> from startup_mcxn947_cm33_core0.o(.text) referenced from startup_mcxn947_cm33_core0.o(.text)
 <LI><a href="#[4a]">CAN0_IRQHandler</a> from startup_mcxn947_cm33_core0.o(.text) referenced from startup_mcxn947_cm33_core0.o(.isr_vector)
 <LI><a href="#[e9]">CAN1_DriverIRQHandler</a> from startup_mcxn947_cm33_core0.o(.text) referenced from startup_mcxn947_cm33_core0.o(.text)
 <LI><a href="#[4b]">CAN1_IRQHandler</a> from startup_mcxn947_cm33_core0.o(.text) referenced from startup_mcxn947_cm33_core0.o(.isr_vector)
 <LI><a href="#[107]">CDOG0_DriverIRQHandler</a> from startup_mcxn947_cm33_core0.o(.text) referenced from startup_mcxn947_cm33_core0.o(.text)
 <LI><a href="#[69]">CDOG0_IRQHandler</a> from startup_mcxn947_cm33_core0.o(.text) referenced from startup_mcxn947_cm33_core0.o(.isr_vector)
 <LI><a href="#[108]">CDOG1_DriverIRQHandler</a> from startup_mcxn947_cm33_core0.o(.text) referenced from startup_mcxn947_cm33_core0.o(.text)
 <LI><a href="#[6a]">CDOG1_IRQHandler</a> from startup_mcxn947_cm33_core0.o(.text) referenced from startup_mcxn947_cm33_core0.o(.isr_vector)
 <LI><a href="#[144]">CMC0_DriverIRQHandler</a> from startup_mcxn947_cm33_core0.o(.text) referenced from startup_mcxn947_cm33_core0.o(.text)
 <LI><a href="#[a6]">CMC0_IRQHandler</a> from startup_mcxn947_cm33_core0.o(.text) referenced from startup_mcxn947_cm33_core0.o(.isr_vector)
 <LI><a href="#[145]">CTI0_DriverIRQHandler</a> from startup_mcxn947_cm33_core0.o(.text) referenced from startup_mcxn947_cm33_core0.o(.text)
 <LI><a href="#[a7]">CTI0_IRQHandler</a> from startup_mcxn947_cm33_core0.o(.text) referenced from startup_mcxn947_cm33_core0.o(.isr_vector)
 <LI><a href="#[c9]">CTIMER0_DriverIRQHandler</a> from fsl_ctimer.o(.text.CTIMER0_DriverIRQHandler) referenced from startup_mcxn947_cm33_core0.o(.text)
 <LI><a href="#[2b]">CTIMER0_IRQHandler</a> from startup_mcxn947_cm33_core0.o(.text) referenced from startup_mcxn947_cm33_core0.o(.isr_vector)
 <LI><a href="#[ca]">CTIMER1_DriverIRQHandler</a> from fsl_ctimer.o(.text.CTIMER1_DriverIRQHandler) referenced from startup_mcxn947_cm33_core0.o(.text)
 <LI><a href="#[2c]">CTIMER1_IRQHandler</a> from startup_mcxn947_cm33_core0.o(.text) referenced from startup_mcxn947_cm33_core0.o(.isr_vector)
 <LI><a href="#[cc]">CTIMER2_DriverIRQHandler</a> from fsl_ctimer.o(.text.CTIMER2_DriverIRQHandler) referenced from startup_mcxn947_cm33_core0.o(.text)
 <LI><a href="#[2e]">CTIMER2_IRQHandler</a> from startup_mcxn947_cm33_core0.o(.text) referenced from startup_mcxn947_cm33_core0.o(.isr_vector)
 <LI><a href="#[e1]">CTIMER3_DriverIRQHandler</a> from fsl_ctimer.o(.text.CTIMER3_DriverIRQHandler) referenced from startup_mcxn947_cm33_core0.o(.text)
 <LI><a href="#[43]">CTIMER3_IRQHandler</a> from startup_mcxn947_cm33_core0.o(.text) referenced from startup_mcxn947_cm33_core0.o(.isr_vector)
 <LI><a href="#[e2]">CTIMER4_DriverIRQHandler</a> from fsl_ctimer.o(.text.CTIMER4_DriverIRQHandler) referenced from startup_mcxn947_cm33_core0.o(.text)
 <LI><a href="#[44]">CTIMER4_IRQHandler</a> from startup_mcxn947_cm33_core0.o(.text) referenced from startup_mcxn947_cm33_core0.o(.isr_vector)
 <LI><a href="#[114]">DAC0_DriverIRQHandler</a> from startup_mcxn947_cm33_core0.o(.text) referenced from startup_mcxn947_cm33_core0.o(.text)
 <LI><a href="#[76]">DAC0_IRQHandler</a> from startup_mcxn947_cm33_core0.o(.text) referenced from startup_mcxn947_cm33_core0.o(.isr_vector)
 <LI><a href="#[115]">DAC1_DriverIRQHandler</a> from startup_mcxn947_cm33_core0.o(.text) referenced from startup_mcxn947_cm33_core0.o(.text)
 <LI><a href="#[77]">DAC1_IRQHandler</a> from startup_mcxn947_cm33_core0.o(.text) referenced from startup_mcxn947_cm33_core0.o(.isr_vector)
 <LI><a href="#[116]">DAC2_DriverIRQHandler</a> from startup_mcxn947_cm33_core0.o(.text) referenced from startup_mcxn947_cm33_core0.o(.text)
 <LI><a href="#[78]">DAC2_IRQHandler</a> from startup_mcxn947_cm33_core0.o(.text) referenced from startup_mcxn947_cm33_core0.o(.isr_vector)
 <LI><a href="#[9]">DebugMon_Handler</a> from startup_mcxn947_cm33_core0.o(.text) referenced from startup_mcxn947_cm33_core0.o(.isr_vector)
 <LI><a href="#[0]">DefaultISR</a> from startup_mcxn947_cm33_core0.o(.text) referenced 2 times from fsl_usdhc.o(.data.s_usdhcIsr)
 <LI><a href="#[ab]">EDMA_0_CH0_DriverIRQHandler</a> from fsl_edma_soc.o(.text.EDMA_0_CH0_DriverIRQHandler) referenced from startup_mcxn947_cm33_core0.o(.text)
 <LI><a href="#[d]">EDMA_0_CH0_IRQHandler</a> from startup_mcxn947_cm33_core0.o(.text) referenced from startup_mcxn947_cm33_core0.o(.isr_vector)
 <LI><a href="#[b5]">EDMA_0_CH10_DriverIRQHandler</a> from fsl_edma_soc.o(.text.EDMA_0_CH10_DriverIRQHandler) referenced from startup_mcxn947_cm33_core0.o(.text)
 <LI><a href="#[17]">EDMA_0_CH10_IRQHandler</a> from startup_mcxn947_cm33_core0.o(.text) referenced from startup_mcxn947_cm33_core0.o(.isr_vector)
 <LI><a href="#[b6]">EDMA_0_CH11_DriverIRQHandler</a> from fsl_edma_soc.o(.text.EDMA_0_CH11_DriverIRQHandler) referenced from startup_mcxn947_cm33_core0.o(.text)
 <LI><a href="#[18]">EDMA_0_CH11_IRQHandler</a> from startup_mcxn947_cm33_core0.o(.text) referenced from startup_mcxn947_cm33_core0.o(.isr_vector)
 <LI><a href="#[b7]">EDMA_0_CH12_DriverIRQHandler</a> from fsl_edma_soc.o(.text.EDMA_0_CH12_DriverIRQHandler) referenced from startup_mcxn947_cm33_core0.o(.text)
 <LI><a href="#[19]">EDMA_0_CH12_IRQHandler</a> from startup_mcxn947_cm33_core0.o(.text) referenced from startup_mcxn947_cm33_core0.o(.isr_vector)
 <LI><a href="#[b8]">EDMA_0_CH13_DriverIRQHandler</a> from fsl_edma_soc.o(.text.EDMA_0_CH13_DriverIRQHandler) referenced from startup_mcxn947_cm33_core0.o(.text)
 <LI><a href="#[1a]">EDMA_0_CH13_IRQHandler</a> from startup_mcxn947_cm33_core0.o(.text) referenced from startup_mcxn947_cm33_core0.o(.isr_vector)
 <LI><a href="#[b9]">EDMA_0_CH14_DriverIRQHandler</a> from fsl_edma_soc.o(.text.EDMA_0_CH14_DriverIRQHandler) referenced from startup_mcxn947_cm33_core0.o(.text)
 <LI><a href="#[1b]">EDMA_0_CH14_IRQHandler</a> from startup_mcxn947_cm33_core0.o(.text) referenced from startup_mcxn947_cm33_core0.o(.isr_vector)
 <LI><a href="#[ba]">EDMA_0_CH15_DriverIRQHandler</a> from fsl_edma_soc.o(.text.EDMA_0_CH15_DriverIRQHandler) referenced from startup_mcxn947_cm33_core0.o(.text)
 <LI><a href="#[1c]">EDMA_0_CH15_IRQHandler</a> from startup_mcxn947_cm33_core0.o(.text) referenced from startup_mcxn947_cm33_core0.o(.isr_vector)
 <LI><a href="#[ac]">EDMA_0_CH1_DriverIRQHandler</a> from fsl_edma_soc.o(.text.EDMA_0_CH1_DriverIRQHandler) referenced from startup_mcxn947_cm33_core0.o(.text)
 <LI><a href="#[e]">EDMA_0_CH1_IRQHandler</a> from startup_mcxn947_cm33_core0.o(.text) referenced from startup_mcxn947_cm33_core0.o(.isr_vector)
 <LI><a href="#[ad]">EDMA_0_CH2_DriverIRQHandler</a> from fsl_edma_soc.o(.text.EDMA_0_CH2_DriverIRQHandler) referenced from startup_mcxn947_cm33_core0.o(.text)
 <LI><a href="#[f]">EDMA_0_CH2_IRQHandler</a> from startup_mcxn947_cm33_core0.o(.text) referenced from startup_mcxn947_cm33_core0.o(.isr_vector)
 <LI><a href="#[ae]">EDMA_0_CH3_DriverIRQHandler</a> from fsl_edma_soc.o(.text.EDMA_0_CH3_DriverIRQHandler) referenced from startup_mcxn947_cm33_core0.o(.text)
 <LI><a href="#[10]">EDMA_0_CH3_IRQHandler</a> from startup_mcxn947_cm33_core0.o(.text) referenced from startup_mcxn947_cm33_core0.o(.isr_vector)
 <LI><a href="#[af]">EDMA_0_CH4_DriverIRQHandler</a> from fsl_edma_soc.o(.text.EDMA_0_CH4_DriverIRQHandler) referenced from startup_mcxn947_cm33_core0.o(.text)
 <LI><a href="#[11]">EDMA_0_CH4_IRQHandler</a> from startup_mcxn947_cm33_core0.o(.text) referenced from startup_mcxn947_cm33_core0.o(.isr_vector)
 <LI><a href="#[b0]">EDMA_0_CH5_DriverIRQHandler</a> from fsl_edma_soc.o(.text.EDMA_0_CH5_DriverIRQHandler) referenced from startup_mcxn947_cm33_core0.o(.text)
 <LI><a href="#[12]">EDMA_0_CH5_IRQHandler</a> from startup_mcxn947_cm33_core0.o(.text) referenced from startup_mcxn947_cm33_core0.o(.isr_vector)
 <LI><a href="#[b1]">EDMA_0_CH6_DriverIRQHandler</a> from fsl_edma_soc.o(.text.EDMA_0_CH6_DriverIRQHandler) referenced from startup_mcxn947_cm33_core0.o(.text)
 <LI><a href="#[13]">EDMA_0_CH6_IRQHandler</a> from startup_mcxn947_cm33_core0.o(.text) referenced from startup_mcxn947_cm33_core0.o(.isr_vector)
 <LI><a href="#[b2]">EDMA_0_CH7_DriverIRQHandler</a> from fsl_edma_soc.o(.text.EDMA_0_CH7_DriverIRQHandler) referenced from startup_mcxn947_cm33_core0.o(.text)
 <LI><a href="#[14]">EDMA_0_CH7_IRQHandler</a> from startup_mcxn947_cm33_core0.o(.text) referenced from startup_mcxn947_cm33_core0.o(.isr_vector)
 <LI><a href="#[b3]">EDMA_0_CH8_DriverIRQHandler</a> from fsl_edma_soc.o(.text.EDMA_0_CH8_DriverIRQHandler) referenced from startup_mcxn947_cm33_core0.o(.text)
 <LI><a href="#[15]">EDMA_0_CH8_IRQHandler</a> from startup_mcxn947_cm33_core0.o(.text) referenced from startup_mcxn947_cm33_core0.o(.isr_vector)
 <LI><a href="#[b4]">EDMA_0_CH9_DriverIRQHandler</a> from fsl_edma_soc.o(.text.EDMA_0_CH9_DriverIRQHandler) referenced from startup_mcxn947_cm33_core0.o(.text)
 <LI><a href="#[16]">EDMA_0_CH9_IRQHandler</a> from startup_mcxn947_cm33_core0.o(.text) referenced from startup_mcxn947_cm33_core0.o(.isr_vector)
 <LI><a href="#[f7]">EDMA_1_CH0_DriverIRQHandler</a> from fsl_edma_soc.o(.text.EDMA_1_CH0_DriverIRQHandler) referenced from startup_mcxn947_cm33_core0.o(.text)
 <LI><a href="#[59]">EDMA_1_CH0_IRQHandler</a> from startup_mcxn947_cm33_core0.o(.text) referenced from startup_mcxn947_cm33_core0.o(.isr_vector)
 <LI><a href="#[101]">EDMA_1_CH10_DriverIRQHandler</a> from fsl_edma_soc.o(.text.EDMA_1_CH10_DriverIRQHandler) referenced from startup_mcxn947_cm33_core0.o(.text)
 <LI><a href="#[63]">EDMA_1_CH10_IRQHandler</a> from startup_mcxn947_cm33_core0.o(.text) referenced from startup_mcxn947_cm33_core0.o(.isr_vector)
 <LI><a href="#[102]">EDMA_1_CH11_DriverIRQHandler</a> from fsl_edma_soc.o(.text.EDMA_1_CH11_DriverIRQHandler) referenced from startup_mcxn947_cm33_core0.o(.text)
 <LI><a href="#[64]">EDMA_1_CH11_IRQHandler</a> from startup_mcxn947_cm33_core0.o(.text) referenced from startup_mcxn947_cm33_core0.o(.isr_vector)
 <LI><a href="#[103]">EDMA_1_CH12_DriverIRQHandler</a> from fsl_edma_soc.o(.text.EDMA_1_CH12_DriverIRQHandler) referenced from startup_mcxn947_cm33_core0.o(.text)
 <LI><a href="#[65]">EDMA_1_CH12_IRQHandler</a> from startup_mcxn947_cm33_core0.o(.text) referenced from startup_mcxn947_cm33_core0.o(.isr_vector)
 <LI><a href="#[104]">EDMA_1_CH13_DriverIRQHandler</a> from fsl_edma_soc.o(.text.EDMA_1_CH13_DriverIRQHandler) referenced from startup_mcxn947_cm33_core0.o(.text)
 <LI><a href="#[66]">EDMA_1_CH13_IRQHandler</a> from startup_mcxn947_cm33_core0.o(.text) referenced from startup_mcxn947_cm33_core0.o(.isr_vector)
 <LI><a href="#[105]">EDMA_1_CH14_DriverIRQHandler</a> from fsl_edma_soc.o(.text.EDMA_1_CH14_DriverIRQHandler) referenced from startup_mcxn947_cm33_core0.o(.text)
 <LI><a href="#[67]">EDMA_1_CH14_IRQHandler</a> from startup_mcxn947_cm33_core0.o(.text) referenced from startup_mcxn947_cm33_core0.o(.isr_vector)
 <LI><a href="#[106]">EDMA_1_CH15_DriverIRQHandler</a> from fsl_edma_soc.o(.text.EDMA_1_CH15_DriverIRQHandler) referenced from startup_mcxn947_cm33_core0.o(.text)
 <LI><a href="#[68]">EDMA_1_CH15_IRQHandler</a> from startup_mcxn947_cm33_core0.o(.text) referenced from startup_mcxn947_cm33_core0.o(.isr_vector)
 <LI><a href="#[f8]">EDMA_1_CH1_DriverIRQHandler</a> from fsl_edma_soc.o(.text.EDMA_1_CH1_DriverIRQHandler) referenced from startup_mcxn947_cm33_core0.o(.text)
 <LI><a href="#[5a]">EDMA_1_CH1_IRQHandler</a> from startup_mcxn947_cm33_core0.o(.text) referenced from startup_mcxn947_cm33_core0.o(.isr_vector)
 <LI><a href="#[f9]">EDMA_1_CH2_DriverIRQHandler</a> from fsl_edma_soc.o(.text.EDMA_1_CH2_DriverIRQHandler) referenced from startup_mcxn947_cm33_core0.o(.text)
 <LI><a href="#[5b]">EDMA_1_CH2_IRQHandler</a> from startup_mcxn947_cm33_core0.o(.text) referenced from startup_mcxn947_cm33_core0.o(.isr_vector)
 <LI><a href="#[fa]">EDMA_1_CH3_DriverIRQHandler</a> from fsl_edma_soc.o(.text.EDMA_1_CH3_DriverIRQHandler) referenced from startup_mcxn947_cm33_core0.o(.text)
 <LI><a href="#[5c]">EDMA_1_CH3_IRQHandler</a> from startup_mcxn947_cm33_core0.o(.text) referenced from startup_mcxn947_cm33_core0.o(.isr_vector)
 <LI><a href="#[fb]">EDMA_1_CH4_DriverIRQHandler</a> from fsl_edma_soc.o(.text.EDMA_1_CH4_DriverIRQHandler) referenced from startup_mcxn947_cm33_core0.o(.text)
 <LI><a href="#[5d]">EDMA_1_CH4_IRQHandler</a> from startup_mcxn947_cm33_core0.o(.text) referenced from startup_mcxn947_cm33_core0.o(.isr_vector)
 <LI><a href="#[fc]">EDMA_1_CH5_DriverIRQHandler</a> from fsl_edma_soc.o(.text.EDMA_1_CH5_DriverIRQHandler) referenced from startup_mcxn947_cm33_core0.o(.text)
 <LI><a href="#[5e]">EDMA_1_CH5_IRQHandler</a> from startup_mcxn947_cm33_core0.o(.text) referenced from startup_mcxn947_cm33_core0.o(.isr_vector)
 <LI><a href="#[fd]">EDMA_1_CH6_DriverIRQHandler</a> from fsl_edma_soc.o(.text.EDMA_1_CH6_DriverIRQHandler) referenced from startup_mcxn947_cm33_core0.o(.text)
 <LI><a href="#[5f]">EDMA_1_CH6_IRQHandler</a> from startup_mcxn947_cm33_core0.o(.text) referenced from startup_mcxn947_cm33_core0.o(.isr_vector)
 <LI><a href="#[fe]">EDMA_1_CH7_DriverIRQHandler</a> from fsl_edma_soc.o(.text.EDMA_1_CH7_DriverIRQHandler) referenced from startup_mcxn947_cm33_core0.o(.text)
 <LI><a href="#[60]">EDMA_1_CH7_IRQHandler</a> from startup_mcxn947_cm33_core0.o(.text) referenced from startup_mcxn947_cm33_core0.o(.isr_vector)
 <LI><a href="#[ff]">EDMA_1_CH8_DriverIRQHandler</a> from fsl_edma_soc.o(.text.EDMA_1_CH8_DriverIRQHandler) referenced from startup_mcxn947_cm33_core0.o(.text)
 <LI><a href="#[61]">EDMA_1_CH8_IRQHandler</a> from startup_mcxn947_cm33_core0.o(.text) referenced from startup_mcxn947_cm33_core0.o(.isr_vector)
 <LI><a href="#[100]">EDMA_1_CH9_DriverIRQHandler</a> from fsl_edma_soc.o(.text.EDMA_1_CH9_DriverIRQHandler) referenced from startup_mcxn947_cm33_core0.o(.text)
 <LI><a href="#[62]">EDMA_1_CH9_IRQHandler</a> from startup_mcxn947_cm33_core0.o(.text) referenced from startup_mcxn947_cm33_core0.o(.isr_vector)
 <LI><a href="#[149]">EDMA_LpspiMasterCallback</a> from fsl_lpspi_edma.o(.text.EDMA_LpspiMasterCallback) referenced 2 times from fsl_lpspi_edma.o(.text.LPSPI_MasterTransferEDMALite)
 <LI><a href="#[f3]">ELS_DriverIRQHandler</a> from startup_mcxn947_cm33_core0.o(.text) referenced from startup_mcxn947_cm33_core0.o(.text)
 <LI><a href="#[130]">ELS_ERR_DriverIRQHandler</a> from startup_mcxn947_cm33_core0.o(.text) referenced from startup_mcxn947_cm33_core0.o(.text)
 <LI><a href="#[92]">ELS_ERR_IRQHandler</a> from startup_mcxn947_cm33_core0.o(.text) referenced from startup_mcxn947_cm33_core0.o(.isr_vector)
 <LI><a href="#[55]">ELS_IRQHandler</a> from startup_mcxn947_cm33_core0.o(.text) referenced from startup_mcxn947_cm33_core0.o(.isr_vector)
 <LI><a href="#[111]">EMVSIM0_DriverIRQHandler</a> from startup_mcxn947_cm33_core0.o(.text) referenced from startup_mcxn947_cm33_core0.o(.text)
 <LI><a href="#[73]">EMVSIM0_IRQHandler</a> from startup_mcxn947_cm33_core0.o(.text) referenced from startup_mcxn947_cm33_core0.o(.isr_vector)
 <LI><a href="#[112]">EMVSIM1_DriverIRQHandler</a> from startup_mcxn947_cm33_core0.o(.text) referenced from startup_mcxn947_cm33_core0.o(.text)
 <LI><a href="#[74]">EMVSIM1_IRQHandler</a> from startup_mcxn947_cm33_core0.o(.text) referenced from startup_mcxn947_cm33_core0.o(.isr_vector)
 <LI><a href="#[126]">ENC0_COMPARE_DriverIRQHandler</a> from startup_mcxn947_cm33_core0.o(.text) referenced from startup_mcxn947_cm33_core0.o(.text)
 <LI><a href="#[88]">ENC0_COMPARE_IRQHandler</a> from startup_mcxn947_cm33_core0.o(.text) referenced from startup_mcxn947_cm33_core0.o(.isr_vector)
 <LI><a href="#[127]">ENC0_HOME_DriverIRQHandler</a> from startup_mcxn947_cm33_core0.o(.text) referenced from startup_mcxn947_cm33_core0.o(.text)
 <LI><a href="#[89]">ENC0_HOME_IRQHandler</a> from startup_mcxn947_cm33_core0.o(.text) referenced from startup_mcxn947_cm33_core0.o(.isr_vector)
 <LI><a href="#[129]">ENC0_IDX_DriverIRQHandler</a> from startup_mcxn947_cm33_core0.o(.text) referenced from startup_mcxn947_cm33_core0.o(.text)
 <LI><a href="#[8b]">ENC0_IDX_IRQHandler</a> from startup_mcxn947_cm33_core0.o(.text) referenced from startup_mcxn947_cm33_core0.o(.isr_vector)
 <LI><a href="#[128]">ENC0_WDG_SAB_DriverIRQHandler</a> from startup_mcxn947_cm33_core0.o(.text) referenced from startup_mcxn947_cm33_core0.o(.text)
 <LI><a href="#[8a]">ENC0_WDG_SAB_IRQHandler</a> from startup_mcxn947_cm33_core0.o(.text) referenced from startup_mcxn947_cm33_core0.o(.isr_vector)
 <LI><a href="#[12a]">ENC1_COMPARE_DriverIRQHandler</a> from startup_mcxn947_cm33_core0.o(.text) referenced from startup_mcxn947_cm33_core0.o(.text)
 <LI><a href="#[8c]">ENC1_COMPARE_IRQHandler</a> from startup_mcxn947_cm33_core0.o(.text) referenced from startup_mcxn947_cm33_core0.o(.isr_vector)
 <LI><a href="#[12b]">ENC1_HOME_DriverIRQHandler</a> from startup_mcxn947_cm33_core0.o(.text) referenced from startup_mcxn947_cm33_core0.o(.text)
 <LI><a href="#[8d]">ENC1_HOME_IRQHandler</a> from startup_mcxn947_cm33_core0.o(.text) referenced from startup_mcxn947_cm33_core0.o(.isr_vector)
 <LI><a href="#[12d]">ENC1_IDX_DriverIRQHandler</a> from startup_mcxn947_cm33_core0.o(.text) referenced from startup_mcxn947_cm33_core0.o(.text)
 <LI><a href="#[8f]">ENC1_IDX_IRQHandler</a> from startup_mcxn947_cm33_core0.o(.text) referenced from startup_mcxn947_cm33_core0.o(.isr_vector)
 <LI><a href="#[12c]">ENC1_WDG_SAB_DriverIRQHandler</a> from startup_mcxn947_cm33_core0.o(.text) referenced from startup_mcxn947_cm33_core0.o(.text)
 <LI><a href="#[8e]">ENC1_WDG_SAB_IRQHandler</a> from startup_mcxn947_cm33_core0.o(.text) referenced from startup_mcxn947_cm33_core0.o(.isr_vector)
 <LI><a href="#[133]">ERM_MULTI_BIT_ERROR_DriverIRQHandler</a> from startup_mcxn947_cm33_core0.o(.text) referenced from startup_mcxn947_cm33_core0.o(.text)
 <LI><a href="#[95]">ERM_MULTI_BIT_ERROR_IRQHandler</a> from startup_mcxn947_cm33_core0.o(.text) referenced from startup_mcxn947_cm33_core0.o(.isr_vector)
 <LI><a href="#[132]">ERM_SINGLE_BIT_ERROR_DriverIRQHandler</a> from startup_mcxn947_cm33_core0.o(.text) referenced from startup_mcxn947_cm33_core0.o(.text)
 <LI><a href="#[94]">ERM_SINGLE_BIT_ERROR_IRQHandler</a> from startup_mcxn947_cm33_core0.o(.text) referenced from startup_mcxn947_cm33_core0.o(.isr_vector)
 <LI><a href="#[13f]">ETB0_DriverIRQHandler</a> from startup_mcxn947_cm33_core0.o(.text) referenced from startup_mcxn947_cm33_core0.o(.text)
 <LI><a href="#[a1]">ETB0_IRQHandler</a> from startup_mcxn947_cm33_core0.o(.text) referenced from startup_mcxn947_cm33_core0.o(.isr_vector)
 <LI><a href="#[135]">ETHERNET_DriverIRQHandler</a> from startup_mcxn947_cm33_core0.o(.text) referenced from startup_mcxn947_cm33_core0.o(.text)
 <LI><a href="#[97]">ETHERNET_IRQHandler</a> from startup_mcxn947_cm33_core0.o(.text) referenced from startup_mcxn947_cm33_core0.o(.isr_vector)
 <LI><a href="#[137]">ETHERNET_MACLP_DriverIRQHandler</a> from startup_mcxn947_cm33_core0.o(.text) referenced from startup_mcxn947_cm33_core0.o(.text)
 <LI><a href="#[99]">ETHERNET_MACLP_IRQHandler</a> from startup_mcxn947_cm33_core0.o(.text) referenced from startup_mcxn947_cm33_core0.o(.isr_vector)
 <LI><a href="#[136]">ETHERNET_PMT_DriverIRQHandler</a> from startup_mcxn947_cm33_core0.o(.text) referenced from startup_mcxn947_cm33_core0.o(.text)
 <LI><a href="#[98]">ETHERNET_PMT_IRQHandler</a> from startup_mcxn947_cm33_core0.o(.text) referenced from startup_mcxn947_cm33_core0.o(.isr_vector)
 <LI><a href="#[10e]">EWM0_DriverIRQHandler</a> from startup_mcxn947_cm33_core0.o(.text) referenced from startup_mcxn947_cm33_core0.o(.text)
 <LI><a href="#[70]">EWM0_IRQHandler</a> from startup_mcxn947_cm33_core0.o(.text) referenced from startup_mcxn947_cm33_core0.o(.isr_vector)
 <LI><a href="#[113]">FLEXIO_DriverIRQHandler</a> from fsl_flexio.o(.text.FLEXIO_DriverIRQHandler) referenced from startup_mcxn947_cm33_core0.o(.text)
 <LI><a href="#[75]">FLEXIO_IRQHandler</a> from startup_mcxn947_cm33_core0.o(.text) referenced from startup_mcxn947_cm33_core0.o(.isr_vector)
 <LI><a href="#[11b]">FLEXPWM0_FAULT_DriverIRQHandler</a> from startup_mcxn947_cm33_core0.o(.text) referenced from startup_mcxn947_cm33_core0.o(.text)
 <LI><a href="#[7d]">FLEXPWM0_FAULT_IRQHandler</a> from startup_mcxn947_cm33_core0.o(.text) referenced from startup_mcxn947_cm33_core0.o(.isr_vector)
[...]
<LI><a href="#[351]">&gt;&gt;</a>&nbsp;&nbsp;&nbsp;void tflite::reference_ops::PadImpl&lang;signed char, signed char&rang;(tflite::PadParams const&, tflite::RuntimeShape const&, signed char const*, signed char const*, tflite::RuntimeShape const&, signed char*)
<LI><a href="#[34f]">&gt;&gt;</a>&nbsp;&nbsp;&nbsp;void tflite::reference_ops::PadImpl&lang;float, float&rang;(tflite::PadParams const&, tflite::RuntimeShape const&, float const*, float const*, tflite::RuntimeShape const&, float*)
<LI><a href="#[350]">&gt;&gt;</a>&nbsp;&nbsp;&nbsp;void tflite::reference_ops::PadImpl&lang;long, long&rang;(tflite::PadParams const&, tflite::RuntimeShape const&, long const*, long const*, tflite::RuntimeShape const&, long*)
<LI><a href="#[326]">&gt;&gt;</a>&nbsp;&nbsp;&nbsp;TfLiteTypeGetName
<LI><a href="#[325]">&gt;&gt;</a>&nbsp;&nbsp;&nbsp;tflite::micro::GetEvalOutput(TfLiteContext const*, TfLiteNode const*, int)
<LI><a href="#[324]">&gt;&gt;</a>&nbsp;&nbsp;&nbsp;tflite::micro::GetEvalInput(TfLiteContext const*, TfLiteNode const*, int)
<LI><a href="#[328]">&gt;&gt;</a>&nbsp;&nbsp;&nbsp;tflite::micro::GetTensorShape(TfLiteEvalTensor const*)
</UL>
<BR>[Address Reference Count : 1]<UL><LI> pad.o(.text._ZN6tflite12Register_PADEv)
</UL>
<P><STRONG><a name="[176]"></a>tflite::(anonymous namespace)::Init(TfLiteContext*, char const*, unsigned int)</STRONG> (Thumb, 6 bytes, Stack size unknown bytes, pooling.o(.text._ZN6tflite12_GLOBAL__N_14InitEP13TfLiteContextPKcj))
<BR>[Address Reference Count : 1]<UL><LI> pooling.o(.text._ZN6tflite20Register_MAX_POOL_2DEv)
</UL>
<P><STRONG><a name="[175]"></a>tflite::(anonymous namespace)::MaxPrepare(TfLiteContext*, TfLiteNode*)</STRONG> (Thumb, 20 bytes, Stack size unknown bytes, pooling.o(.text._ZN6tflite12_GLOBAL__N_110MaxPrepareEP13TfLiteContextP10TfLiteNode))
<BR><BR>[Stack]<UL><LI>Max Depth = 128 + Unknown Stack Size
<LI>Call Chain = tflite::(anonymous namespace)::MaxPrepare(TfLiteContext*, TfLiteNode*) &rArr; tflite::PoolingPrepare(TfLiteContext*, TfLiteNode*) &rArr; MicroPrintf(char const*, ...) &rArr; VMicroPrintf(char const*, std::__va_list) &rArr; DebugLog &rArr; vsnprintf &rArr; _printf_char_common &rArr; __printf
</UL>
<BR>[Calls]<UL><LI><a href="#[323]">&gt;&gt;</a>&nbsp;&nbsp;&nbsp;tflite::PoolingPrepare(TfLiteContext*, TfLiteNode*)
</UL>
<BR>[Address Reference Count : 1]<UL><LI> pooling.o(.text._ZN6tflite20Register_MAX_POOL_2DEv)
</UL>
<P><STRONG><a name="[333]"></a>tflite::(anonymous namespace)::MaxEvalQuantized(TfLiteContext*, TfLiteNode const*, TfLitePoolParams const*, tflite::(anonymous namespace)::OpData const&, TfLiteEvalTensor const*, TfLiteEvalTensor*) (.constprop.0.isra.0)</STRONG> (Thumb, 174 bytes, Stack size unknown bytes, pooling.o(.text._ZN6tflite12_GLOBAL__N_116MaxEvalQuantizedEP13TfLiteContextPK10TfLiteNodePK16TfLitePoolParamsRKNS0_6OpDataEPK16TfLiteEvalTensorPSC_.constprop.0.isra.0))
<BR><BR>[Stack]<UL><LI>Max Depth = 8 + Unknown Stack Size
<LI>Call Chain = tflite::(anonymous namespace)::MaxEvalQuantized(TfLiteContext*, TfLiteNode const*, TfLitePoolParams const*, tflite::(anonymous namespace)::OpData const&, TfLiteEvalTensor const*, TfLiteEvalTensor*) (.constprop.0.isra.0) &rArr; arm_max_pool_s8 &rArr; memcpy
</UL>
<BR>[Calls]<UL><LI><a href="#[335]">&gt;&gt;</a>&nbsp;&nbsp;&nbsp;arm_max_pool_s8
<LI><a href="#[334]">&gt;&gt;</a>&nbsp;&nbsp;&nbsp;arm_max_pool_s16
<LI><a href="#[328]">&gt;&gt;</a>&nbsp;&nbsp;&nbsp;tflite::micro::GetTensorShape(TfLiteEvalTensor const*)
</UL>
<BR>[Called By]<UL><LI><a href="#[174]">&gt;&gt;</a>&nbsp;&nbsp;&nbsp;tflite::(anonymous namespace)::MaxEval(TfLiteContext*, TfLiteNode*)
</UL>

<P><STRONG><a name="[174]"></a>tflite::(anonymous namespace)::MaxEval(TfLiteContext*, TfLiteNode*)</STRONG> (Thumb, 132 bytes, Stack size unknown bytes, pooling.o(.text._ZN6tflite12_GLOBAL__N_17MaxEvalEP13TfLiteContextP10TfLiteNode))
<BR><BR>[Stack]<UL><LI>Max Depth = 128 + Unknown Stack Size
<LI>Call Chain = tflite::(anonymous namespace)::MaxEval(TfLiteContext*, TfLiteNode*) &rArr; MicroPrintf(char const*, ...) &rArr; VMicroPrintf(char const*, std::__va_list) &rArr; DebugLog &rArr; vsnprintf &rArr; _printf_char_common &rArr; __printf
</UL>
<BR>[Calls]<UL><LI><a href="#[2e5]">&gt;&gt;</a>&nbsp;&nbsp;&nbsp;MicroPrintf(char const*, ...)
<LI><a href="#[358]">&gt;&gt;</a>&nbsp;&nbsp;&nbsp;tflite::MaxPoolingEvalFloat(TfLiteContext*, TfLiteNode*, TfLitePoolParams*, tflite::OpDataPooling const*, TfLiteEvalTensor const*, TfLiteEvalTensor*)
<LI><a href="#[333]">&gt;&gt;</a>&nbsp;&nbsp;&nbsp;tflite::(anonymous namespace)::MaxEvalQuantized(TfLiteContext*, TfLiteNode const*, TfLitePoolParams const*, tflite::(anonymous namespace)::OpData const&, TfLiteEvalTensor const*, TfLiteEvalTensor*) (.constprop.0.isra.0)
<LI><a href="#[326]">&gt;&gt;</a>&nbsp;&nbsp;&nbsp;TfLiteTypeGetName
<LI><a href="#[325]">&gt;&gt;</a>&nbsp;&nbsp;&nbsp;tflite::micro::GetEvalOutput(TfLiteContext const*, TfLiteNode const*, int)
<LI><a href="#[324]">&gt;&gt;</a>&nbsp;&nbsp;&nbsp;tflite::micro::GetEvalInput(TfLiteContext const*, TfLiteNode const*, int)
</UL>
<BR>[Address Reference Count : 1]<UL><LI> pooling.o(.text._ZN6tflite20Register_MAX_POOL_2DEv)
</UL>
<P><STRONG><a name="[170]"></a>tflite::(anonymous namespace)::Init(TfLiteContext*, char const*, unsigned int)</STRONG> (Thumb, 6 bytes, Stack size unknown bytes, quantize.o(.text._ZN6tflite12_GLOBAL__N_14InitEP13TfLiteContextPKcj))
<BR>[Address Reference Count : 1]<UL><LI> quantize.o(.text._ZN6tflite17Register_QUANTIZEEv)
</UL>
<P><STRONG><a name="[182]"></a>tflite::(anonymous namespace)::Prepare(TfLiteContext*, TfLiteNode*)</STRONG> (Thumb, 384 bytes, Stack size unknown bytes, resize_nearest_neighbor.o(.text._ZN6tflite12_GLOBAL__N_17PrepareEP13TfLiteContextP10TfLiteNode))
<BR><BR>[Stack]<UL><LI>Max Depth = 128 + Unknown Stack Size
<LI>Call Chain = tflite::(anonymous namespace)::Prepare(TfLiteContext*, TfLiteNode*) &rArr; MicroPrintf(char const*, ...) &rArr; VMicroPrintf(char const*, std::__va_list) &rArr; DebugLog &rArr; vsnprintf &rArr; _printf_char_common &rArr; __printf
</UL>
<BR>[Calls]<UL><LI><a href="#[313]">&gt;&gt;</a>&nbsp;&nbsp;&nbsp;tflite::MicroContext::AllocateTempOutputTensor(TfLiteNode const*, int)
<LI><a href="#[312]">&gt;&gt;</a>&nbsp;&nbsp;&nbsp;tflite::MicroContext::AllocateTempInputTensor(TfLiteNode const*, int)
<LI><a href="#[2e5]">&gt;&gt;</a>&nbsp;&nbsp;&nbsp;MicroPrintf(char const*, ...)
</UL>
<BR>[Address Reference Count : 1]<UL><LI> resize_nearest_neighbor.o(.text._ZN6tflite32Register_RESIZE_NEAREST_NEIGHBOREv)
</UL>
<P><STRONG><a name="[181]"></a>tflite::(anonymous namespace)::Eval(TfLiteContext*, TfLiteNode*)</STRONG> (Thumb, 1960 bytes, Stack size unknown bytes, resize_nearest_neighbor.o(.text._ZN6tflite12_GLOBAL__N_14EvalEP13TfLiteContextP10TfLiteNode))
<BR><BR>[Stack]<UL><LI>Max Depth = 128 + Unknown Stack Size
<LI>Call Chain = tflite::(anonymous namespace)::Eval(TfLiteContext*, TfLiteNode*) &rArr; MicroPrintf(char const*, ...) &rArr; VMicroPrintf(char const*, std::__va_list) &rArr; DebugLog &rArr; vsnprintf &rArr; _printf_char_common &rArr; __printf
</UL>
<BR>[Calls]<UL><LI><a href="#[2e5]">&gt;&gt;</a>&nbsp;&nbsp;&nbsp;MicroPrintf(char const*, ...)
<LI><a href="#[326]">&gt;&gt;</a>&nbsp;&nbsp;&nbsp;TfLiteTypeGetName
<LI><a href="#[325]">&gt;&gt;</a>&nbsp;&nbsp;&nbsp;tflite::micro::GetEvalOutput(TfLiteContext const*, TfLiteNode const*, int)
<LI><a href="#[324]">&gt;&gt;</a>&nbsp;&nbsp;&nbsp;tflite::micro::GetEvalInput(TfLiteContext const*, TfLiteNode const*, int)
<LI><a href="#[328]">&gt;&gt;</a>&nbsp;&nbsp;&nbsp;tflite::micro::GetTensorShape(TfLiteEvalTensor const*)
<LI><a href="#[22d]">&gt;&gt;</a>&nbsp;&nbsp;&nbsp;memcpy
</UL>
<BR>[Address Reference Count : 1]<UL><LI> resize_nearest_neighbor.o(.text._ZN6tflite32Register_RESIZE_NEAREST_NEIGHBOREv)
</UL>
<P><STRONG><a name="[160]"></a>tflite::(anonymous namespace)::Prepare(TfLiteContext*, TfLiteNode*)</STRONG> (Thumb, 208 bytes, Stack size unknown bytes, slice.o(.text._ZN6tflite12_GLOBAL__N_17PrepareEP13TfLiteContextP10TfLiteNode))
<BR><BR>[Calls]<UL><LI><a href="#[313]">&gt;&gt;</a>&nbsp;&nbsp;&nbsp;tflite::MicroContext::AllocateTempOutputTensor(TfLiteNode const*, int)
<LI><a href="#[312]">&gt;&gt;</a>&nbsp;&nbsp;&nbsp;tflite::MicroContext::AllocateTempInputTensor(TfLiteNode const*, int)
</UL>
<BR>[Address Reference Count : 1]<UL><LI> slice.o(.text._ZN6tflite14Register_SLICEEv)
</UL>
<P><STRONG><a name="[15f]"></a>tflite::(anonymous namespace)::Eval(TfLiteContext*, TfLiteNode*)</STRONG> (Thumb, 2244 bytes, Stack size unknown bytes, slice.o(.text._ZN6tflite12_GLOBAL__N_14EvalEP13TfLiteContextP10TfLiteNode))
<BR><BR>[Stack]<UL><LI>Max Depth = 128 + Unknown Stack Size
<LI>Call Chain = tflite::(anonymous namespace)::Eval(TfLiteContext*, TfLiteNode*) &rArr; MicroPrintf(char const*, ...) &rArr; VMicroPrintf(char const*, std::__va_list) &rArr; DebugLog &rArr; vsnprintf &rArr; _printf_char_common &rArr; __printf
</UL>
<BR>[Calls]<UL><LI><a href="#[2e5]">&gt;&gt;</a>&nbsp;&nbsp;&nbsp;MicroPrintf(char const*, ...)
<LI><a href="#[326]">&gt;&gt;</a>&nbsp;&nbsp;&nbsp;TfLiteTypeGetName
<LI><a href="#[325]">&gt;&gt;</a>&nbsp;&nbsp;&nbsp;tflite::micro::GetEvalOutput(TfLiteContext const*, TfLiteNode const*, int)
<LI><a href="#[324]">&gt;&gt;</a>&nbsp;&nbsp;&nbsp;tflite::micro::GetEvalInput(TfLiteContext const*, TfLiteNode const*, int)
<LI><a href="#[328]">&gt;&gt;</a>&nbsp;&nbsp;&nbsp;tflite::micro::GetTensorShape(TfLiteEvalTensor const*)
<LI><a href="#[22d]">&gt;&gt;</a>&nbsp;&nbsp;&nbsp;memcpy
</UL>
<BR>[Address Reference Count : 1]<UL><LI> slice.o(.text._ZN6tflite14Register_SLICEEv)
</UL>
<P><STRONG><a name="[16d]"></a>tflite::(anonymous namespace)::Init(TfLiteContext*, char const*, unsigned int)</STRONG> (Thumb, 6 bytes, Stack size unknown bytes, softmax.o(.text._ZN6tflite12_GLOBAL__N_14InitEP13TfLiteContextPKcj))
<BR>[Address Reference Count : 1]<UL><LI> softmax.o(.text._ZN6tflite16Register_SOFTMAXEv)
</UL>
<P><STRONG><a name="[16b]"></a>tflite::(anonymous namespace)::SoftmaxEval(TfLiteContext*, TfLiteNode*)</STRONG> (Thumb, 464 bytes, Stack size unknown bytes, softmax.o(.text._ZN6tflite12_GLOBAL__N_111SoftmaxEvalEP13TfLiteContextP10TfLiteNode))
<BR><BR>[Stack]<UL><LI>Max Depth = 128 + Unknown Stack Size
<LI>Call Chain = tflite::(anonymous namespace)::SoftmaxEval(TfLiteContext*, TfLiteNode*) &rArr; MicroPrintf(char const*, ...) &rArr; VMicroPrintf(char const*, std::__va_list) &rArr; DebugLog &rArr; vsnprintf &rArr; _printf_char_common &rArr; __printf
</UL>
<BR>[Calls]<UL><LI><a href="#[2e5]">&gt;&gt;</a>&nbsp;&nbsp;&nbsp;MicroPrintf(char const*, ...)
<LI><a href="#[327]">&gt;&gt;</a>&nbsp;&nbsp;&nbsp;arm_softmax_s16
<LI><a href="#[32b]">&gt;&gt;</a>&nbsp;&nbsp;&nbsp;arm_softmax_s8_s16
<LI><a href="#[32c]">&gt;&gt;</a>&nbsp;&nbsp;&nbsp;arm_softmax_s8
<LI><a href="#[326]">&gt;&gt;</a>&nbsp;&nbsp;&nbsp;TfLiteTypeGetName
<LI><a href="#[325]">&gt;&gt;</a>&nbsp;&nbsp;&nbsp;tflite::micro::GetEvalOutput(TfLiteContext const*, TfLiteNode const*, int)
<LI><a href="#[324]">&gt;&gt;</a>&nbsp;&nbsp;&nbsp;tflite::micro::GetEvalInput(TfLiteContext const*, TfLiteNode const*, int)
<LI><a href="#[328]">&gt;&gt;</a>&nbsp;&nbsp;&nbsp;tflite::micro::GetTensorShape(TfLiteEvalTensor const*)
<LI><a href="#[329]">&gt;&gt;</a>&nbsp;&nbsp;&nbsp;__aeabi_d2f
<LI><a href="#[32a]">&gt;&gt;</a>&nbsp;&nbsp;&nbsp;expf
</UL>
<BR>[Address Reference Count : 1]<UL><LI> softmax.o(.text._ZN6tflite16Register_SOFTMAXEv)
</UL>
<P><STRONG><a name="[16c]"></a>tflite::(anonymous namespace)::Prepare(TfLiteContext*, TfLiteNode*)</STRONG> (Thumb, 352 bytes, Stack size unknown bytes, softmax.o(.text._ZN6tflite12_GLOBAL__N_17PrepareEP13TfLiteContextP10TfLiteNode))
<BR><BR>[Stack]<UL><LI>Max Depth = 208 + Unknown Stack Size
<LI>Call Chain = tflite::(anonymous namespace)::Prepare(TfLiteContext*, TfLiteNode*) &rArr; tflite::CalculateSoftmaxParams(TfLiteContext*, TfLiteTensor const*, TfLiteTensor*, TfLiteSoftmaxParams const*, tflite::SoftmaxParams*) &rArr; tflite::CalculateSoftmaxParams(TfLiteContext*, TfLiteTensor const*, TfLiteTensor*, TfLiteSoftmaxParams const*, tflite::SoftmaxParams*) (.part.0) &rArr; tflite::PreprocessSoftmaxScaling(double, double, int, long*, int*) &rArr; tflite::QuantizeMultiplierGreaterThanOne(double, long*, int*) &rArr; tflite::QuantizeMultiplier(double, long*, int*) &rArr; round &rArr; _drnd &rArr; __fpl_dnaninf &rArr; __dunder_d &rArr; _fp_trapveneer &rArr; _fp_trap &rArr; __rt_SIGFPE &rArr; __rt_SIGFPE_inner &rArr; __default_signal_display &rArr; _ttywrch
</UL>
<BR>[Calls]<UL><LI><a href="#[313]">&gt;&gt;</a>&nbsp;&nbsp;&nbsp;tflite::MicroContext::AllocateTempOutputTensor(TfLiteNode const*, int)
<LI><a href="#[312]">&gt;&gt;</a>&nbsp;&nbsp;&nbsp;tflite::MicroContext::AllocateTempInputTensor(TfLiteNode const*, int)
<LI><a href="#[35f]">&gt;&gt;</a>&nbsp;&nbsp;&nbsp;tflite::CalculateSoftmaxParams(TfLiteContext*, TfLiteTensor const*, TfLiteTensor*, TfLiteSoftmaxParams const*, tflite::SoftmaxParams*)
<LI><a href="#[314]">&gt;&gt;</a>&nbsp;&nbsp;&nbsp;tflite::GetTensorShape(TfLiteTensor const*)
</UL>
<BR>[Address Reference Count : 1]<UL><LI> softmax.o(.text._ZN6tflite16Register_SOFTMAXEv)
</UL>
<P><STRONG><a name="[3a2]"></a>tflite::(anonymous namespace)::OpNameFromRegistration(TFLMRegistration const*)</STRONG> (Thumb, 32 bytes, Stack size unknown bytes, micro_interpreter_graph.o(.text._ZN6tflite12_GLOBAL__N_122OpNameFromRegistrationEPK16TFLMRegistration))
<BR><BR>[Called By]<UL><LI><a href="#[1b6]">&gt;&gt;</a>&nbsp;&nbsp;&nbsp;tflite::MicroInterpreterGraph::InvokeSubgraph(int)
<LI><a href="#[1be]">&gt;&gt;</a>&nbsp;&nbsp;&nbsp;tflite::MicroInterpreterGraph::PrepareSubgraphs()
</UL>

<P><STRONG><a name="[3be]"></a>.LTHUNK3</STRONG> (Thumb, 8 bytes, Stack size unknown bytes, single_arena_buffer_allocator.o(.text._ZNK6tflite26SingleArenaBufferAllocator22GetPersistentUsedBytesEv))
<BR><BR>[Called By]<UL><LI><a href="#[1e5]">&gt;&gt;</a>&nbsp;&nbsp;&nbsp;non-virtual thunk to tflite::SingleArenaBufferAllocator::GetPersistentUsedBytes() const
</UL>

<P><STRONG><a name="[3bd]"></a>.LTHUNK2</STRONG> (Thumb, 48 bytes, Stack size unknown bytes, single_arena_buffer_allocator.o(.text._ZN6tflite26SingleArenaBufferAllocator24AllocatePersistentBufferEjj))
<BR><BR>[Called By]<UL><LI><a href="#[1e4]">&gt;&gt;</a>&nbsp;&nbsp;&nbsp;non-virtual thunk to tflite::SingleArenaBufferAllocator::AllocatePersistentBuffer(unsigned int, unsigned int)
</UL>

<P><STRONG><a name="[3b3]"></a>tflite::(anonymous namespace)::Quantize(TfLiteContext*, float, long, float, long&)</STRONG> (Thumb, 96 bytes, Stack size unknown bytes, kernel_util.o(.text._ZN6tflite12_GLOBAL__N_18QuantizeEP13TfLiteContextflfRl))
<BR><BR>[Called By]<UL><LI><a href="#[319]">&gt;&gt;</a>&nbsp;&nbsp;&nbsp;tflite::CalculateActivationRangeQuantized(TfLiteContext*, TfLiteFusedActivation, TfLiteTensor*, long*, long*)
</UL>

<P><STRONG><a name="[3a7]"></a>tflite::CalculateSoftmaxParams(TfLiteContext*, TfLiteTensor const*, TfLiteTensor*, TfLiteSoftmaxParams const*, tflite::SoftmaxParams*) (.part.0)</STRONG> (Thumb, 804 bytes, Stack size unknown bytes, softmax_common.o(.text._ZN6tflite22CalculateSoftmaxParamsEP13TfLiteContextPK12TfLiteTensorPS2_PK19TfLiteSoftmaxParamsPNS_13SoftmaxParamsE.part.0))
<BR><BR>[Stack]<UL><LI>Max Depth = 208 + Unknown Stack Size
<LI>Call Chain = tflite::CalculateSoftmaxParams(TfLiteContext*, TfLiteTensor const*, TfLiteTensor*, TfLiteSoftmaxParams const*, tflite::SoftmaxParams*) (.part.0) &rArr; tflite::PreprocessSoftmaxScaling(double, double, int, long*, int*) &rArr; tflite::QuantizeMultiplierGreaterThanOne(double, long*, int*) &rArr; tflite::QuantizeMultiplier(double, long*, int*) &rArr; round &rArr; _drnd &rArr; __fpl_dnaninf &rArr; __dunder_d &rArr; _fp_trapveneer &rArr; _fp_trap &rArr; __rt_SIGFPE &rArr; __rt_SIGFPE_inner &rArr; __default_signal_display &rArr; _ttywrch
</UL>
<BR>[Calls]<UL><LI><a href="#[399]">&gt;&gt;</a>&nbsp;&nbsp;&nbsp;tflite::CalculateInputRadius(int, int, int)
<LI><a href="#[3a8]">&gt;&gt;</a>&nbsp;&nbsp;&nbsp;tflite::PreprocessSoftmaxScaling(double, double, int, long*, int*)
<LI><a href="#[38e]">&gt;&gt;</a>&nbsp;&nbsp;&nbsp;tflite::QuantizeMultiplier(double, long*, int*)
<LI><a href="#[326]">&gt;&gt;</a>&nbsp;&nbsp;&nbsp;TfLiteTypeGetName
<LI><a href="#[306]">&gt;&gt;</a>&nbsp;&nbsp;&nbsp;__aeabi_f2d
<LI><a href="#[317]">&gt;&gt;</a>&nbsp;&nbsp;&nbsp;__aeabi_dmul
<LI><a href="#[2f9]">&gt;&gt;</a>&nbsp;&nbsp;&nbsp;__aeabi_i2d
<LI><a href="#[2fd]">&gt;&gt;</a>&nbsp;&nbsp;&nbsp;__aeabi_d2iz
<LI><a href="#[316]">&gt;&gt;</a>&nbsp;&nbsp;&nbsp;__aeabi_ddiv
</UL>
<BR>[Called By]<UL><LI><a href="#[35f]">&gt;&gt;</a>&nbsp;&nbsp;&nbsp;tflite::CalculateSoftmaxParams(TfLiteContext*, TfLiteTensor const*, TfLiteTensor*, TfLiteSoftmaxParams const*, tflite::SoftmaxParams*)
</UL>

<P><STRONG><a name="[33e]"></a>tflite::(anonymous namespace)::InitializeLutForInt16(TfLiteContext*, TfLiteTensor const*, TfLiteTensor*, tflite::SoftmaxParams*)</STRONG> (Thumb, 720 bytes, Stack size unknown bytes, softmax_common.o(.text._ZN6tflite12_GLOBAL__N_121InitializeLutForInt16EP13TfLiteContextPK12TfLiteTensorPS3_PNS_13SoftmaxParamsE))
<BR><BR>[Stack]<UL><LI>Max Depth = 32 + Unknown Stack Size
<LI>Call Chain = tflite::(anonymous namespace)::InitializeLutForInt16(TfLiteContext*, TfLiteTensor const*, TfLiteTensor*, tflite::SoftmaxParams*) &rArr; expf &rArr; __hardfp_expf &rArr; __set_errno
</UL>
<BR>[Calls]<UL><LI><a href="#[32a]">&gt;&gt;</a>&nbsp;&nbsp;&nbsp;expf
</UL>
<BR>[Called By]<UL><LI><a href="#[35f]">&gt;&gt;</a>&nbsp;&nbsp;&nbsp;tflite::CalculateSoftmaxParams(TfLiteContext*, TfLiteTensor const*, TfLiteTensor*, TfLiteSoftmaxParams const*, tflite::SoftmaxParams*)
</UL>

<P><STRONG><a name="[438]"></a>_dadd1</STRONG> (Thumb, 0 bytes, Stack size unknown bytes, daddsub_clz.o(x$fpl$dadd), UNUSED)
<BR><BR>[Called By]<UL><LI><a href="#[43b]">&gt;&gt;</a>&nbsp;&nbsp;&nbsp;_dsub
<LI><a href="#[437]">&gt;&gt;</a>&nbsp;&nbsp;&nbsp;_drsb
</UL>

<P><STRONG><a name="[43c]"></a>dadd_zerodenorm</STRONG> (Thumb, 0 bytes, Stack size unknown bytes, daddsub_clz.o(x$fpl$dadd), UNUSED)
<BR><BR>[Called By]<UL><LI><a href="#[43b]">&gt;&gt;</a>&nbsp;&nbsp;&nbsp;_dsub
</UL>

<P><STRONG><a name="[424]"></a>_dsub1</STRONG> (Thumb, 0 bytes, Stack size unknown bytes, daddsub_clz.o(x$fpl$dsub), UNUSED)
<BR><BR>[Called By]<UL><LI><a href="#[437]">&gt;&gt;</a>&nbsp;&nbsp;&nbsp;_drsb
<LI><a href="#[423]">&gt;&gt;</a>&nbsp;&nbsp;&nbsp;_dadd
</UL>

<P><STRONG><a name="[426]"></a>daddsub_denorm</STRONG> (Thumb, 0 bytes, Stack size unknown bytes, daddsub_clz.o(x$fpl$dsub), UNUSED)
<BR><BR>[Called By]<UL><LI><a href="#[423]">&gt;&gt;</a>&nbsp;&nbsp;&nbsp;_dadd
</UL>

<P><STRONG><a name="[439]"></a>dsub_uncommon_first</STRONG> (Thumb, 0 bytes, Stack size unknown bytes, daddsub_clz.o(x$fpl$dsub), UNUSED)
<BR><BR>[Called By]<UL><LI><a href="#[437]">&gt;&gt;</a>&nbsp;&nbsp;&nbsp;_drsb
</UL>

<P><STRONG><a name="[425]"></a>dsub_zerodenorm</STRONG> (Thumb, 0 bytes, Stack size unknown bytes, daddsub_clz.o(x$fpl$dsub), UNUSED)
<BR><BR>[Called By]<UL><LI><a href="#[423]">&gt;&gt;</a>&nbsp;&nbsp;&nbsp;_dadd
</UL>

<P><STRONG><a name="[148]"></a>_printf_input_char</STRONG> (Thumb, 10 bytes, Stack size 0 bytes, _printf_char_common.o(.text))
<BR>[Address Reference Count : 1]<UL><LI> _printf_char_common.o(.text)
</UL>
<P><STRONG><a name="[250]"></a>_fp_digits</STRONG> (Thumb, 222 bytes, Stack size 80 bytes, _printf_fp_dec_accurate.o(.text))
<BR><BR>[Stack]<UL><LI>Max Depth = 1136<LI>Call Chain = _fp_digits &rArr; _btod_main &rArr; _btod_common &rArr; _btod_pow &rArr; _btod_mul
</UL>
<BR>[Calls]<UL><LI><a href="#[251]">&gt;&gt;</a>&nbsp;&nbsp;&nbsp;__ieee_status
<LI><a href="#[252]">&gt;&gt;</a>&nbsp;&nbsp;&nbsp;_btod_main
</UL>
<BR>[Called By]<UL><LI><a href="#[253]">&gt;&gt;</a>&nbsp;&nbsp;&nbsp;_printf_fp_dec_real
</UL>
<P>
<H3>
Undefined Global Symbols
</H3><HR></body></html>
